<!doctype html public "-//w3c//dtd html 4.0 transitional//en">
<html><head>
<title>Static Call Graph - [../VisualGDB/Debug/MiniFlyMaster]</title></head>
<body><HR>
<H1>Static Call Graph for image ../VisualGDB/Debug/MiniFlyMaster</H1><HR>
<BR><P>#&#060CALLGRAPH&#062# ARM Linker, 5060300: Last Updated: Thu Jul 11 16:17:09 2019
<BR><P>
<H3>Maximum Stack Usage =        472 bytes + Unknown(Functions without stacksize, Cycles, Untraceable Function Pointers)</H3><H3>
Call chain for Maximum Stack Depth:</H3>
sensorsTask &rArr; sensorsInit &rArr; sensorsDeviceInit &rArr; mpu6500SetFullScaleGyroRange &rArr; i2cdevWriteBits &rArr; i2cdevWriteByte &rArr; i2cdevWrite &rArr; i2cdrvMessageTransfer &rArr; i2cdrvTryToRestartBus &rArr; i2cdrvInitBus &rArr; xQueueCreateMutex &rArr; xQueueGenericCreate &rArr; pvPortMalloc &rArr; vApplicationMallocFailedHook &rArr; __2printf &rArr; _printf_char_file &rArr; _printf_char_common &rArr; __printf
<P>
<H3>
Functions with no stack information
</H3><UL>
 <LI><a href="#[90]">__user_initial_stackheap</a>
</UL>
</UL>
<P>
<H3>
Mutually Recursive functions
</H3> <LI><a href="#[4f]">ADC_IRQHandler</a>&nbsp;&nbsp;&nbsp;&rArr;&nbsp;&nbsp;&nbsp;<a href="#[4f]">ADC_IRQHandler</a><BR>
</UL>
<P>
<H3>
Function Pointers
</H3><UL>
 <LI><a href="#[4f]">ADC_IRQHandler</a> from startup_stm32f411xe.o(.text) referenced from startup_stm32f411xe.o(RESET)
 <LI><a href="#[37]">BusFault_Handler</a> from nvic.o(i.BusFault_Handler) referenced from startup_stm32f411xe.o(RESET)
 <LI><a href="#[48]">DMA1_Stream0_IRQHandler</a> from i2c_drv.o(i.DMA1_Stream0_IRQHandler) referenced from startup_stm32f411xe.o(RESET)
 <LI><a href="#[49]">DMA1_Stream1_IRQHandler</a> from startup_stm32f411xe.o(.text) referenced from startup_stm32f411xe.o(RESET)
 <LI><a href="#[4a]">DMA1_Stream2_IRQHandler</a> from startup_stm32f411xe.o(.text) referenced from startup_stm32f411xe.o(RESET)
 <LI><a href="#[4b]">DMA1_Stream3_IRQHandler</a> from startup_stm32f411xe.o(.text) referenced from startup_stm32f411xe.o(RESET)
 <LI><a href="#[4c]">DMA1_Stream4_IRQHandler</a> from nvic.o(i.DMA1_Stream4_IRQHandler) referenced from startup_stm32f411xe.o(RESET)
 <LI><a href="#[4d]">DMA1_Stream5_IRQHandler</a> from startup_stm32f411xe.o(.text) referenced from startup_stm32f411xe.o(RESET)
 <LI><a href="#[4e]">DMA1_Stream6_IRQHandler</a> from uart_syslink.o(i.DMA1_Stream6_IRQHandler) referenced from startup_stm32f411xe.o(RESET)
 <LI><a href="#[63]">DMA1_Stream7_IRQHandler</a> from startup_stm32f411xe.o(.text) referenced from startup_stm32f411xe.o(RESET)
 <LI><a href="#[67]">DMA2_Stream0_IRQHandler</a> from startup_stm32f411xe.o(.text) referenced from startup_stm32f411xe.o(RESET)
 <LI><a href="#[68]">DMA2_Stream1_IRQHandler</a> from startup_stm32f411xe.o(.text) referenced from startup_stm32f411xe.o(RESET)
 <LI><a href="#[69]">DMA2_Stream2_IRQHandler</a> from startup_stm32f411xe.o(.text) referenced from startup_stm32f411xe.o(RESET)
 <LI><a href="#[6a]">DMA2_Stream3_IRQHandler</a> from startup_stm32f411xe.o(.text) referenced from startup_stm32f411xe.o(RESET)
 <LI><a href="#[6b]">DMA2_Stream4_IRQHandler</a> from startup_stm32f411xe.o(.text) referenced from startup_stm32f411xe.o(RESET)
 <LI><a href="#[6d]">DMA2_Stream5_IRQHandler</a> from startup_stm32f411xe.o(.text) referenced from startup_stm32f411xe.o(RESET)
 <LI><a href="#[6e]">DMA2_Stream6_IRQHandler</a> from startup_stm32f411xe.o(.text) referenced from startup_stm32f411xe.o(RESET)
 <LI><a href="#[6f]">DMA2_Stream7_IRQHandler</a> from startup_stm32f411xe.o(.text) referenced from startup_stm32f411xe.o(RESET)
 <LI><a href="#[3a]">DebugMon_Handler</a> from nvic.o(i.DebugMon_Handler) referenced from startup_stm32f411xe.o(RESET)
 <LI><a href="#[43]">EXTI0_IRQHandler</a> from exti.o(i.EXTI0_IRQHandler) referenced from startup_stm32f411xe.o(RESET)
 <LI><a href="#[60]">EXTI15_10_IRQHandler</a> from exti.o(i.EXTI15_10_IRQHandler) referenced from startup_stm32f411xe.o(RESET)
 <LI><a href="#[44]">EXTI1_IRQHandler</a> from exti.o(i.EXTI1_IRQHandler) referenced from startup_stm32f411xe.o(RESET)
 <LI><a href="#[45]">EXTI2_IRQHandler</a> from exti.o(i.EXTI2_IRQHandler) referenced from startup_stm32f411xe.o(RESET)
 <LI><a href="#[46]">EXTI3_IRQHandler</a> from exti.o(i.EXTI3_IRQHandler) referenced from startup_stm32f411xe.o(RESET)
 <LI><a href="#[47]">EXTI4_IRQHandler</a> from exti.o(i.EXTI4_IRQHandler) referenced from startup_stm32f411xe.o(RESET)
 <LI><a href="#[50]">EXTI9_5_IRQHandler</a> from exti.o(i.EXTI9_5_IRQHandler) referenced from startup_stm32f411xe.o(RESET)
 <LI><a href="#[41]">FLASH_IRQHandler</a> from startup_stm32f411xe.o(.text) referenced from startup_stm32f411xe.o(RESET)
 <LI><a href="#[73]">FPU_IRQHandler</a> from startup_stm32f411xe.o(.text) referenced from startup_stm32f411xe.o(RESET)
 <LI><a href="#[35]">HardFault_Handler</a> from nvic.o(.emb_text) referenced from startup_stm32f411xe.o(RESET)
 <LI><a href="#[59]">I2C1_ER_IRQHandler</a> from i2c_drv.o(i.I2C1_ER_IRQHandler) referenced from startup_stm32f411xe.o(RESET)
 <LI><a href="#[58]">I2C1_EV_IRQHandler</a> from i2c_drv.o(i.I2C1_EV_IRQHandler) referenced from startup_stm32f411xe.o(RESET)
 <LI><a href="#[5b]">I2C2_ER_IRQHandler</a> from startup_stm32f411xe.o(.text) referenced from startup_stm32f411xe.o(RESET)
 <LI><a href="#[5a]">I2C2_EV_IRQHandler</a> from startup_stm32f411xe.o(.text) referenced from startup_stm32f411xe.o(RESET)
 <LI><a href="#[72]">I2C3_ER_IRQHandler</a> from startup_stm32f411xe.o(.text) referenced from startup_stm32f411xe.o(RESET)
 <LI><a href="#[71]">I2C3_EV_IRQHandler</a> from startup_stm32f411xe.o(.text) referenced from startup_stm32f411xe.o(RESET)
 <LI><a href="#[36]">MemManage_Handler</a> from nvic.o(i.MemManage_Handler) referenced from startup_stm32f411xe.o(RESET)
 <LI><a href="#[34]">NMI_Handler</a> from nvic.o(i.NMI_Handler) referenced from startup_stm32f411xe.o(RESET)
 <LI><a href="#[6c]">OTG_FS_IRQHandler</a> from usbd_usr.o(i.OTG_FS_IRQHandler) referenced from startup_stm32f411xe.o(RESET)
 <LI><a href="#[62]">OTG_FS_WKUP_IRQHandler</a> from startup_stm32f411xe.o(.text) referenced from startup_stm32f411xe.o(RESET)
 <LI><a href="#[3e]">PVD_IRQHandler</a> from startup_stm32f411xe.o(.text) referenced from startup_stm32f411xe.o(RESET)
 <LI><a href="#[3b]">PendSV_Handler</a> from port.o(.emb_text) referenced from startup_stm32f411xe.o(RESET)
 <LI><a href="#[42]">RCC_IRQHandler</a> from startup_stm32f411xe.o(.text) referenced from startup_stm32f411xe.o(RESET)
 <LI><a href="#[61]">RTC_Alarm_IRQHandler</a> from startup_stm32f411xe.o(.text) referenced from startup_stm32f411xe.o(RESET)
 <LI><a href="#[40]">RTC_WKUP_IRQHandler</a> from startup_stm32f411xe.o(.text) referenced from startup_stm32f411xe.o(RESET)
 <LI><a href="#[8c]">Reset_Handler</a> from startup_stm32f411xe.o(.text) referenced from startup_stm32f411xe.o(RESET)
 <LI><a href="#[64]">SDIO_IRQHandler</a> from startup_stm32f411xe.o(.text) referenced from startup_stm32f411xe.o(RESET)
 <LI><a href="#[5c]">SPI1_IRQHandler</a> from startup_stm32f411xe.o(.text) referenced from startup_stm32f411xe.o(RESET)
 <LI><a href="#[5d]">SPI2_IRQHandler</a> from startup_stm32f411xe.o(.text) referenced from startup_stm32f411xe.o(RESET)
 <LI><a href="#[66]">SPI3_IRQHandler</a> from startup_stm32f411xe.o(.text) referenced from startup_stm32f411xe.o(RESET)
 <LI><a href="#[74]">SPI4_IRQHandler</a> from startup_stm32f411xe.o(.text) referenced from startup_stm32f411xe.o(RESET)
 <LI><a href="#[75]">SPI5_IRQHandler</a> from startup_stm32f411xe.o(.text) referenced from startup_stm32f411xe.o(RESET)
 <LI><a href="#[39]">SVC_Handler</a> from port.o(.emb_text) referenced from startup_stm32f411xe.o(RESET)
 <LI><a href="#[3c]">SysTick_Handler</a> from nvic.o(i.SysTick_Handler) referenced from startup_stm32f411xe.o(RESET)
 <LI><a href="#[76]">SystemInit</a> from system_stm32f4xx.o(i.SystemInit) referenced from startup_stm32f411xe.o(.text)
 <LI><a href="#[3f]">TAMP_STAMP_IRQHandler</a> from startup_stm32f411xe.o(.text) referenced from startup_stm32f411xe.o(RESET)
 <LI><a href="#[51]">TIM1_BRK_TIM9_IRQHandler</a> from startup_stm32f411xe.o(.text) referenced from startup_stm32f411xe.o(RESET)
 <LI><a href="#[54]">TIM1_CC_IRQHandler</a> from startup_stm32f411xe.o(.text) referenced from startup_stm32f411xe.o(RESET)
 <LI><a href="#[53]">TIM1_TRG_COM_TIM11_IRQHandler</a> from startup_stm32f411xe.o(.text) referenced from startup_stm32f411xe.o(RESET)
 <LI><a href="#[52]">TIM1_UP_TIM10_IRQHandler</a> from startup_stm32f411xe.o(.text) referenced from startup_stm32f411xe.o(RESET)
 <LI><a href="#[55]">TIM2_IRQHandler</a> from startup_stm32f411xe.o(.text) referenced from startup_stm32f411xe.o(RESET)
 <LI><a href="#[56]">TIM3_IRQHandler</a> from startup_stm32f411xe.o(.text) referenced from startup_stm32f411xe.o(RESET)
 <LI><a href="#[57]">TIM4_IRQHandler</a> from startup_stm32f411xe.o(.text) referenced from startup_stm32f411xe.o(RESET)
 <LI><a href="#[65]">TIM5_IRQHandler</a> from startup_stm32f411xe.o(.text) referenced from startup_stm32f411xe.o(RESET)
 <LI><a href="#[5e]">USART1_IRQHandler</a> from uart1.o(i.USART1_IRQHandler) referenced from startup_stm32f411xe.o(RESET)
 <LI><a href="#[5f]">USART2_IRQHandler</a> from uart_syslink.o(i.USART2_IRQHandler) referenced from startup_stm32f411xe.o(RESET)
 <LI><a href="#[70]">USART6_IRQHandler</a> from startup_stm32f411xe.o(.text) referenced from startup_stm32f411xe.o(RESET)
 <LI><a href="#[10]">USBD_DataInStage</a> from usbd_core.o(i.USBD_DataInStage) referenced 2 times from usbd_core.o(.data)
 <LI><a href="#[f]">USBD_DataOutStage</a> from usbd_core.o(i.USBD_DataOutStage) referenced 2 times from usbd_core.o(.data)
 <LI><a href="#[16]">USBD_IsoINIncomplete</a> from usbd_core.o(i.USBD_IsoINIncomplete) referenced 2 times from usbd_core.o(.data)
 <LI><a href="#[17]">USBD_IsoOUTIncomplete</a> from usbd_core.o(i.USBD_IsoOUTIncomplete) referenced 2 times from usbd_core.o(.data)
 <LI><a href="#[13]">USBD_Reset</a> from usbd_core.o(i.USBD_Reset) referenced 2 times from usbd_core.o(.data)
 <LI><a href="#[15]">USBD_Resume</a> from usbd_core.o(i.USBD_Resume) referenced 2 times from usbd_core.o(.data)
 <LI><a href="#[12]">USBD_SOF</a> from usbd_core.o(i.USBD_SOF) referenced 2 times from usbd_core.o(.data)
 <LI><a href="#[11]">USBD_SetupStage</a> from usbd_core.o(i.USBD_SetupStage) referenced 2 times from usbd_core.o(.data)
 <LI><a href="#[14]">USBD_Suspend</a> from usbd_core.o(i.USBD_Suspend) referenced 2 times from usbd_core.o(.data)
 <LI><a href="#[2a]">USBD_USR_ConfigStrDescriptor</a> from usbd_desc.o(i.USBD_USR_ConfigStrDescriptor) referenced 2 times from usbd_desc.o(.data)
 <LI><a href="#[2e]">USBD_USR_DeviceConfigured</a> from usbd_usr.o(i.USBD_USR_DeviceConfigured) referenced 2 times from usbd_usr.o(.data)
 <LI><a href="#[31]">USBD_USR_DeviceConnected</a> from usbd_usr.o(i.USBD_USR_DeviceConnected) referenced 2 times from usbd_usr.o(.data)
 <LI><a href="#[25]">USBD_USR_DeviceDescriptor</a> from usbd_desc.o(i.USBD_USR_DeviceDescriptor) referenced 2 times from usbd_desc.o(.data)
 <LI><a href="#[32]">USBD_USR_DeviceDisconnected</a> from usbd_usr.o(i.USBD_USR_DeviceDisconnected) referenced 2 times from usbd_usr.o(.data)
 <LI><a href="#[2d]">USBD_USR_DeviceReset</a> from usbd_usr.o(i.USBD_USR_DeviceReset) referenced 2 times from usbd_usr.o(.data)
 <LI><a href="#[30]">USBD_USR_DeviceResumed</a> from usbd_usr.o(i.USBD_USR_DeviceResumed) referenced 2 times from usbd_usr.o(.data)
 <LI><a href="#[2f]">USBD_USR_DeviceSuspended</a> from usbd_usr.o(i.USBD_USR_DeviceSuspended) referenced 2 times from usbd_usr.o(.data)
 <LI><a href="#[2c]">USBD_USR_Init</a> from usbd_usr.o(i.USBD_USR_Init) referenced 2 times from usbd_usr.o(.data)
 <LI><a href="#[2b]">USBD_USR_InterfaceStrDescriptor</a> from usbd_desc.o(i.USBD_USR_InterfaceStrDescriptor) referenced 2 times from usbd_desc.o(.data)
 <LI><a href="#[26]">USBD_USR_LangIDStrDescriptor</a> from usbd_desc.o(i.USBD_USR_LangIDStrDescriptor) referenced 2 times from usbd_desc.o(.data)
 <LI><a href="#[27]">USBD_USR_ManufacturerStrDescriptor</a> from usbd_desc.o(i.USBD_USR_ManufacturerStrDescriptor) referenced 2 times from usbd_desc.o(.data)
 <LI><a href="#[28]">USBD_USR_ProductStrDescriptor</a> from usbd_desc.o(i.USBD_USR_ProductStrDescriptor) referenced 2 times from usbd_desc.o(.data)
 <LI><a href="#[29]">USBD_USR_SerialStrDescriptor</a> from usbd_desc.o(i.USBD_USR_SerialStrDescriptor) referenced 2 times from usbd_desc.o(.data)
 <LI><a href="#[1f]">USBD_cdc_GetCfgDesc</a> from usbd_cdc_core.o(i.USBD_cdc_GetCfgDesc) referenced 2 times from usbd_cdc_core.o(.data)
 <LI><a href="#[38]">UsageFault_Handler</a> from nvic.o(i.UsageFault_Handler) referenced from startup_stm32f411xe.o(RESET)
 <LI><a href="#[22]">VCP_Ctrl</a> from usbd_cdc_vcp.o(i.VCP_Ctrl) referenced 2 times from usbd_cdc_vcp.o(.data)
 <LI><a href="#[24]">VCP_DataRx</a> from usbd_cdc_vcp.o(i.VCP_DataRx) referenced 2 times from usbd_cdc_vcp.o(.data)
 <LI><a href="#[23]">VCP_DataTx</a> from usbd_cdc_vcp.o(i.VCP_DataTx) referenced 2 times from usbd_cdc_vcp.o(.data)
 <LI><a href="#[21]">VCP_DeInit</a> from usbd_cdc_vcp.o(i.VCP_DeInit) referenced 2 times from usbd_cdc_vcp.o(.data)
 <LI><a href="#[20]">VCP_Init</a> from usbd_cdc_vcp.o(i.VCP_Init) referenced 2 times from usbd_cdc_vcp.o(.data)
 <LI><a href="#[3d]">WWDG_IRQHandler</a> from startup_stm32f411xe.o(.text) referenced from startup_stm32f411xe.o(RESET)
 <LI><a href="#[8d]">__main</a> from __main.o(!!!main) referenced from startup_stm32f411xe.o(.text)
 <LI><a href="#[78]">_printf_input_char</a> from _printf_char_common.o(.text) referenced from _printf_char_common.o(.text)
 <LI><a href="#[83]">atkpRxAnlTask</a> from atkp.o(i.atkpRxAnlTask) referenced from main.o(i.startTask)
 <LI><a href="#[82]">atkpTxTask</a> from atkp.o(i.atkpTxTask) referenced from main.o(i.startTask)
 <LI><a href="#[6]">attitudeInduceEffect</a> from ledring12.o(i.attitudeInduceEffect) referenced 2 times from ledring12.o(.data)
 <LI><a href="#[8]">binkLED</a> from ledring12.o(i.binkLED) referenced 2 times from ledring12.o(.data)
 <LI><a href="#[4]">blackEffect</a> from ledring12.o(i.blackEffect) referenced 2 times from ledring12.o(.data)
 <LI><a href="#[a]">breathingLED</a> from ledring12.o(i.breathingLED) referenced 2 times from ledring12.o(.data)
 <LI><a href="#[c]">colorSpinEffect</a> from ledring12.o(i.colorSpinEffect) referenced 2 times from ledring12.o(.data)
 <LI><a href="#[5]">colorTest</a> from ledring12.o(i.colorTest) referenced 2 times from ledring12.o(.data)
 <LI><a href="#[84]">configParamTask</a> from config_param.o(i.configParamTask) referenced from main.o(i.startTask)
 <LI><a href="#[d]">doubleSpinEffect</a> from ledring12.o(i.doubleSpinEffect) referenced 2 times from ledring12.o(.data)
 <LI><a href="#[7a]">expModuleDetect</a> from module_mgt.o(i.expModuleDetect) referenced from module_mgt.o(i.expModuleMgtTask)
 <LI><a href="#[89]">expModuleMgtTask</a> from module_mgt.o(i.expModuleMgtTask) referenced from main.o(i.startTask)
 <LI><a href="#[9]">flashlight</a> from ledring12.o(i.flashlight) referenced 2 times from ledring12.o(.data)
 <LI><a href="#[79]">fputc</a> from usart.o(i.fputc) referenced from _printf_char_file.o(.text)
 <LI><a href="#[7]">gyroInduceEffect</a> from ledring12.o(i.gyroInduceEffect) referenced 2 times from ledring12.o(.data)
 <LI><a href="#[7b]">ledring12Timer</a> from ledring12.o(i.ledring12Timer) referenced from ledring12.o(i.ledring12Init)
 <LI><a href="#[85]">pmTask</a> from pm.o(i.pmTask) referenced from main.o(i.startTask)
 <LI><a href="#[8a]">prvIdleTask</a> from tasks.o(i.prvIdleTask) referenced from tasks.o(i.vTaskStartScheduler)
 <LI><a href="#[7e]">prvTaskExitError</a> from port.o(i.prvTaskExitError) referenced from port.o(i.pxPortInitialiseStack)
 <LI><a href="#[8b]">prvTimerTask</a> from timers.o(i.prvTimerTask) referenced from timers.o(i.xTimerCreateTimerTask)
 <LI><a href="#[7f]">radiolinkTask</a> from radiolink.o(i.radiolinkTask) referenced from main.o(i.startTask)
 <LI><a href="#[b]">redSpinEffect</a> from ledring12.o(i.redSpinEffect) referenced 2 times from ledring12.o(.data)
 <LI><a href="#[7c]">runLedseq</a> from ledseq.o(i.runLedseq) referenced from ledseq.o(i.ledseqInit)
 <LI><a href="#[86]">sensorsTask</a> from sensors.o(i.sensorsTask) referenced from main.o(i.startTask)
 <LI><a href="#[e]">spinEffect2</a> from ledring12.o(i.spinEffect2) referenced 2 times from ledring12.o(.data)
 <LI><a href="#[87]">stabilizerTask</a> from stabilizer.o(i.stabilizerTask) referenced from main.o(i.startTask)
 <LI><a href="#[7d]">startTask</a> from main.o(i.startTask) referenced from main.o(i.main)
 <LI><a href="#[1c]">usbd_cdc_DataIn</a> from usbd_cdc_core.o(i.usbd_cdc_DataIn) referenced 2 times from usbd_cdc_core.o(.data)
 <LI><a href="#[1d]">usbd_cdc_DataOut</a> from usbd_cdc_core.o(i.usbd_cdc_DataOut) referenced 2 times from usbd_cdc_core.o(.data)
 <LI><a href="#[19]">usbd_cdc_DeInit</a> from usbd_cdc_core.o(i.usbd_cdc_DeInit) referenced 2 times from usbd_cdc_core.o(.data)
 <LI><a href="#[1b]">usbd_cdc_EP0_RxReady</a> from usbd_cdc_core.o(i.usbd_cdc_EP0_RxReady) referenced 2 times from usbd_cdc_core.o(.data)
 <LI><a href="#[18]">usbd_cdc_Init</a> from usbd_cdc_core.o(i.usbd_cdc_Init) referenced 2 times from usbd_cdc_core.o(.data)
 <LI><a href="#[1e]">usbd_cdc_SOF</a> from usbd_cdc_core.o(i.usbd_cdc_SOF) referenced 2 times from usbd_cdc_core.o(.data)
 <LI><a href="#[1a]">usbd_cdc_Setup</a> from usbd_cdc_core.o(i.usbd_cdc_Setup) referenced 2 times from usbd_cdc_core.o(.data)
 <LI><a href="#[80]">usblinkRxTask</a> from usblink.o(i.usblinkRxTask) referenced from main.o(i.startTask)
 <LI><a href="#[81]">usblinkTxTask</a> from usblink.o(i.usblinkTxTask) referenced from main.o(i.startTask)
 <LI><a href="#[88]">wifiLinkTask</a> from wifi_ctrl.o(i.wifiLinkTask) referenced from main.o(i.startTask)
</UL>
<P>
<H3>
Global Symbols
</H3>
<P><STRONG><a name="[8d]"></a>__main</STRONG> (Thumb, 8 bytes, Stack size 0 bytes, __main.o(!!!main))
<BR><BR>[Calls]<UL><LI><a href="#[92]">&gt;&gt;</a>&nbsp;&nbsp;&nbsp;__rt_entry
<LI><a href="#[91]">&gt;&gt;</a>&nbsp;&nbsp;&nbsp;__scatterload
</UL>

<P><STRONG><a name="[91]"></a>__scatterload</STRONG> (Thumb, 0 bytes, Stack size unknown bytes, __scatter.o(!!!scatter))
<BR><BR>[Called By]<UL><LI><a href="#[8d]">&gt;&gt;</a>&nbsp;&nbsp;&nbsp;__main
</UL>

<P><STRONG><a name="[93]"></a>__scatterload_rt2</STRONG> (Thumb, 44 bytes, Stack size unknown bytes, __scatter.o(!!!scatter), UNUSED)
<BR><BR>[Calls]<UL><LI><a href="#[92]">&gt;&gt;</a>&nbsp;&nbsp;&nbsp;__rt_entry
</UL>

<P><STRONG><a name="[31f]"></a>__scatterload_rt2_thumb_only</STRONG> (Thumb, 0 bytes, Stack size unknown bytes, __scatter.o(!!!scatter), UNUSED)

<P><STRONG><a name="[320]"></a>__scatterload_null</STRONG> (Thumb, 0 bytes, Stack size unknown bytes, __scatter.o(!!!scatter), UNUSED)

<P><STRONG><a name="[321]"></a>__decompress</STRONG> (Thumb, 90 bytes, Stack size unknown bytes, __dczerorl2.o(!!dczerorl2), UNUSED)

<P><STRONG><a name="[322]"></a>__decompress1</STRONG> (Thumb, 0 bytes, Stack size unknown bytes, __dczerorl2.o(!!dczerorl2), UNUSED)

<P><STRONG><a name="[323]"></a>__scatterload_zeroinit</STRONG> (Thumb, 28 bytes, Stack size unknown bytes, __scatter_zi.o(!!handler_zi), UNUSED)

<P><STRONG><a name="[94]"></a>_printf_f</STRONG> (Thumb, 0 bytes, Stack size unknown bytes, _printf_f.o(.ARM.Collect$$_printf_percent$$00000003))
<BR><BR>[Stack]<UL><LI>Max Depth = 320 + Unknown Stack Size
<LI>Call Chain = _printf_f &rArr; _printf_fp_dec &rArr; _printf_fp_dec_real &rArr; _fp_digits &rArr; _btod_etento &rArr; _btod_emul &rArr; _e2e
</UL>
<BR>[Calls]<UL><LI><a href="#[95]">&gt;&gt;</a>&nbsp;&nbsp;&nbsp;_printf_fp_dec
</UL>

<P><STRONG><a name="[b9]"></a>_printf_percent</STRONG> (Thumb, 0 bytes, Stack size unknown bytes, _printf_percent.o(.ARM.Collect$$_printf_percent$$00000000))
<BR><BR>[Called By]<UL><LI><a href="#[b7]">&gt;&gt;</a>&nbsp;&nbsp;&nbsp;__printf
</UL>

<P><STRONG><a name="[96]"></a>_printf_d</STRONG> (Thumb, 0 bytes, Stack size unknown bytes, _printf_d.o(.ARM.Collect$$_printf_percent$$00000009))
<BR><BR>[Stack]<UL><LI>Max Depth = 72 + Unknown Stack Size
<LI>Call Chain = _printf_d &rArr; _printf_int_dec &rArr; _printf_int_common &rArr; _printf_post_padding
</UL>
<BR>[Calls]<UL><LI><a href="#[97]">&gt;&gt;</a>&nbsp;&nbsp;&nbsp;_printf_int_dec
</UL>

<P><STRONG><a name="[98]"></a>_printf_x</STRONG> (Thumb, 0 bytes, Stack size unknown bytes, _printf_x.o(.ARM.Collect$$_printf_percent$$0000000C))
<BR><BR>[Stack]<UL><LI>Max Depth = 64 + Unknown Stack Size
<LI>Call Chain = _printf_x &rArr; _printf_int_hex &rArr; _printf_int_common &rArr; _printf_post_padding
</UL>
<BR>[Calls]<UL><LI><a href="#[99]">&gt;&gt;</a>&nbsp;&nbsp;&nbsp;_printf_int_hex
</UL>

<P><STRONG><a name="[9a]"></a>_printf_s</STRONG> (Thumb, 0 bytes, Stack size unknown bytes, _printf_s.o(.ARM.Collect$$_printf_percent$$00000014))
<BR><BR>[Stack]<UL><LI>Max Depth = 40 + Unknown Stack Size
<LI>Call Chain = _printf_s &rArr; _printf_string &rArr; _printf_cs_common &rArr; _printf_str &rArr; _printf_post_padding
</UL>
<BR>[Calls]<UL><LI><a href="#[9b]">&gt;&gt;</a>&nbsp;&nbsp;&nbsp;_printf_string
</UL>

<P><STRONG><a name="[324]"></a>_printf_percent_end</STRONG> (Thumb, 0 bytes, Stack size unknown bytes, _printf_percent_end.o(.ARM.Collect$$_printf_percent$$00000017))

<P><STRONG><a name="[a5]"></a>__rt_lib_init</STRONG> (Thumb, 0 bytes, Stack size unknown bytes, libinit.o(.ARM.Collect$$libinit$$00000000))
<BR><BR>[Called By]<UL><LI><a href="#[a4]">&gt;&gt;</a>&nbsp;&nbsp;&nbsp;__rt_entry_li
</UL>

<P><STRONG><a name="[9c]"></a>__rt_lib_init_fp_1</STRONG> (Thumb, 0 bytes, Stack size unknown bytes, libinit2.o(.ARM.Collect$$libinit$$00000001))
<BR><BR>[Calls]<UL><LI><a href="#[9d]">&gt;&gt;</a>&nbsp;&nbsp;&nbsp;_fp_init
</UL>

<P><STRONG><a name="[325]"></a>__rt_lib_init_heap_1</STRONG> (Thumb, 0 bytes, Stack size unknown bytes, libinit2.o(.ARM.Collect$$libinit$$0000000A))

<P><STRONG><a name="[9e]"></a>__rt_lib_init_lc_common</STRONG> (Thumb, 0 bytes, Stack size unknown bytes, libinit2.o(.ARM.Collect$$libinit$$0000000F))
<BR><BR>[Calls]<UL><LI><a href="#[9f]">&gt;&gt;</a>&nbsp;&nbsp;&nbsp;__rt_locale
</UL>

<P><STRONG><a name="[326]"></a>__rt_lib_init_preinit_1</STRONG> (Thumb, 0 bytes, Stack size unknown bytes, libinit2.o(.ARM.Collect$$libinit$$00000004))

<P><STRONG><a name="[327]"></a>__rt_lib_init_rand_1</STRONG> (Thumb, 0 bytes, Stack size unknown bytes, libinit2.o(.ARM.Collect$$libinit$$0000000E))

<P><STRONG><a name="[328]"></a>__rt_lib_init_user_alloc_1</STRONG> (Thumb, 0 bytes, Stack size unknown bytes, libinit2.o(.ARM.Collect$$libinit$$0000000C))

<P><STRONG><a name="[329]"></a>__rt_lib_init_lc_collate_1</STRONG> (Thumb, 0 bytes, Stack size unknown bytes, libinit2.o(.ARM.Collect$$libinit$$00000011))

<P><STRONG><a name="[32a]"></a>__rt_lib_init_lc_ctype_1</STRONG> (Thumb, 0 bytes, Stack size unknown bytes, libinit2.o(.ARM.Collect$$libinit$$00000013))

<P><STRONG><a name="[32b]"></a>__rt_lib_init_lc_monetary_1</STRONG> (Thumb, 0 bytes, Stack size unknown bytes, libinit2.o(.ARM.Collect$$libinit$$00000015))

<P><STRONG><a name="[a0]"></a>__rt_lib_init_lc_numeric_2</STRONG> (Thumb, 0 bytes, Stack size unknown bytes, libinit2.o(.ARM.Collect$$libinit$$00000016))
<BR><BR>[Stack]<UL><LI>Max Depth = 8 + Unknown Stack Size
<LI>Call Chain = __rt_lib_init_lc_numeric_2 &rArr; _get_lc_numeric
</UL>
<BR>[Calls]<UL><LI><a href="#[a1]">&gt;&gt;</a>&nbsp;&nbsp;&nbsp;_get_lc_numeric
</UL>

<P><STRONG><a name="[32c]"></a>__rt_lib_init_alloca_1</STRONG> (Thumb, 0 bytes, Stack size unknown bytes, libinit2.o(.ARM.Collect$$libinit$$0000002E))

<P><STRONG><a name="[32d]"></a>__rt_lib_init_argv_1</STRONG> (Thumb, 0 bytes, Stack size unknown bytes, libinit2.o(.ARM.Collect$$libinit$$0000002C))

<P><STRONG><a name="[32e]"></a>__rt_lib_init_atexit_1</STRONG> (Thumb, 0 bytes, Stack size unknown bytes, libinit2.o(.ARM.Collect$$libinit$$0000001B))

<P><STRONG><a name="[32f]"></a>__rt_lib_init_clock_1</STRONG> (Thumb, 0 bytes, Stack size unknown bytes, libinit2.o(.ARM.Collect$$libinit$$00000021))

<P><STRONG><a name="[330]"></a>__rt_lib_init_cpp_1</STRONG> (Thumb, 0 bytes, Stack size unknown bytes, libinit2.o(.ARM.Collect$$libinit$$00000032))

<P><STRONG><a name="[331]"></a>__rt_lib_init_exceptions_1</STRONG> (Thumb, 0 bytes, Stack size unknown bytes, libinit2.o(.ARM.Collect$$libinit$$00000030))

<P><STRONG><a name="[332]"></a>__rt_lib_init_fp_trap_1</STRONG> (Thumb, 0 bytes, Stack size unknown bytes, libinit2.o(.ARM.Collect$$libinit$$0000001F))

<P><STRONG><a name="[333]"></a>__rt_lib_init_getenv_1</STRONG> (Thumb, 0 bytes, Stack size unknown bytes, libinit2.o(.ARM.Collect$$libinit$$00000023))

<P><STRONG><a name="[334]"></a>__rt_lib_init_lc_numeric_1</STRONG> (Thumb, 0 bytes, Stack size unknown bytes, libinit2.o(.ARM.Collect$$libinit$$00000017))

<P><STRONG><a name="[335]"></a>__rt_lib_init_lc_time_1</STRONG> (Thumb, 0 bytes, Stack size unknown bytes, libinit2.o(.ARM.Collect$$libinit$$00000019))

<P><STRONG><a name="[336]"></a>__rt_lib_init_return</STRONG> (Thumb, 0 bytes, Stack size unknown bytes, libinit2.o(.ARM.Collect$$libinit$$00000033))

<P><STRONG><a name="[337]"></a>__rt_lib_init_signal_1</STRONG> (Thumb, 0 bytes, Stack size unknown bytes, libinit2.o(.ARM.Collect$$libinit$$0000001D))

<P><STRONG><a name="[338]"></a>__rt_lib_init_stdio_1</STRONG> (Thumb, 0 bytes, Stack size unknown bytes, libinit2.o(.ARM.Collect$$libinit$$00000025))

<P><STRONG><a name="[aa]"></a>__rt_lib_shutdown</STRONG> (Thumb, 0 bytes, Stack size unknown bytes, libshutdown.o(.ARM.Collect$$libshutdown$$00000000))
<BR><BR>[Called By]<UL><LI><a href="#[a9]">&gt;&gt;</a>&nbsp;&nbsp;&nbsp;__rt_exit_ls
</UL>

<P><STRONG><a name="[339]"></a>__rt_lib_shutdown_cpp_1</STRONG> (Thumb, 0 bytes, Stack size unknown bytes, libshutdown2.o(.ARM.Collect$$libshutdown$$00000002))

<P><STRONG><a name="[33a]"></a>__rt_lib_shutdown_fp_trap_1</STRONG> (Thumb, 0 bytes, Stack size unknown bytes, libshutdown2.o(.ARM.Collect$$libshutdown$$00000007))

<P><STRONG><a name="[33b]"></a>__rt_lib_shutdown_heap_1</STRONG> (Thumb, 0 bytes, Stack size unknown bytes, libshutdown2.o(.ARM.Collect$$libshutdown$$0000000F))

<P><STRONG><a name="[33c]"></a>__rt_lib_shutdown_return</STRONG> (Thumb, 0 bytes, Stack size unknown bytes, libshutdown2.o(.ARM.Collect$$libshutdown$$00000010))

<P><STRONG><a name="[33d]"></a>__rt_lib_shutdown_signal_1</STRONG> (Thumb, 0 bytes, Stack size unknown bytes, libshutdown2.o(.ARM.Collect$$libshutdown$$0000000A))

<P><STRONG><a name="[33e]"></a>__rt_lib_shutdown_stdio_1</STRONG> (Thumb, 0 bytes, Stack size unknown bytes, libshutdown2.o(.ARM.Collect$$libshutdown$$00000004))

<P><STRONG><a name="[33f]"></a>__rt_lib_shutdown_user_alloc_1</STRONG> (Thumb, 0 bytes, Stack size unknown bytes, libshutdown2.o(.ARM.Collect$$libshutdown$$0000000C))

<P><STRONG><a name="[92]"></a>__rt_entry</STRONG> (Thumb, 0 bytes, Stack size unknown bytes, __rtentry.o(.ARM.Collect$$rtentry$$00000000))
<BR><BR>[Called By]<UL><LI><a href="#[8d]">&gt;&gt;</a>&nbsp;&nbsp;&nbsp;__main
<LI><a href="#[93]">&gt;&gt;</a>&nbsp;&nbsp;&nbsp;__scatterload_rt2
</UL>

<P><STRONG><a name="[340]"></a>__rt_entry_presh_1</STRONG> (Thumb, 0 bytes, Stack size unknown bytes, __rtentry2.o(.ARM.Collect$$rtentry$$00000002))

<P><STRONG><a name="[a2]"></a>__rt_entry_sh</STRONG> (Thumb, 0 bytes, Stack size unknown bytes, __rtentry4.o(.ARM.Collect$$rtentry$$00000004))
<BR><BR>[Stack]<UL><LI>Max Depth = 8 + Unknown Stack Size
<LI>Call Chain = __rt_entry_sh &rArr; __user_setup_stackheap
</UL>
<BR>[Calls]<UL><LI><a href="#[a3]">&gt;&gt;</a>&nbsp;&nbsp;&nbsp;__user_setup_stackheap
</UL>

<P><STRONG><a name="[a4]"></a>__rt_entry_li</STRONG> (Thumb, 0 bytes, Stack size unknown bytes, __rtentry2.o(.ARM.Collect$$rtentry$$0000000A))
<BR><BR>[Calls]<UL><LI><a href="#[a5]">&gt;&gt;</a>&nbsp;&nbsp;&nbsp;__rt_lib_init
</UL>

<P><STRONG><a name="[341]"></a>__rt_entry_postsh_1</STRONG> (Thumb, 0 bytes, Stack size unknown bytes, __rtentry2.o(.ARM.Collect$$rtentry$$00000009))

<P><STRONG><a name="[a6]"></a>__rt_entry_main</STRONG> (Thumb, 0 bytes, Stack size unknown bytes, __rtentry2.o(.ARM.Collect$$rtentry$$0000000D))
<BR><BR>[Stack]<UL><LI>Max Depth = 320 + Unknown Stack Size
<LI>Call Chain = __rt_entry_main &rArr; main &rArr; systemInit &rArr; ledseqInit &rArr; xTimerCreate &rArr; prvInitialiseNewTimer &rArr; prvCheckForValidListAndQueue &rArr; xQueueGenericCreate &rArr; pvPortMalloc &rArr; vApplicationMallocFailedHook &rArr; __2printf &rArr; _printf_char_file &rArr; _printf_char_common &rArr; __printf
</UL>
<BR>[Calls]<UL><LI><a href="#[a7]">&gt;&gt;</a>&nbsp;&nbsp;&nbsp;main
<LI><a href="#[a8]">&gt;&gt;</a>&nbsp;&nbsp;&nbsp;exit
</UL>

<P><STRONG><a name="[342]"></a>__rt_entry_postli_1</STRONG> (Thumb, 0 bytes, Stack size unknown bytes, __rtentry2.o(.ARM.Collect$$rtentry$$0000000C))

<P><STRONG><a name="[d1]"></a>__rt_exit</STRONG> (Thumb, 0 bytes, Stack size unknown bytes, rtexit.o(.ARM.Collect$$rtexit$$00000000))
<BR><BR>[Called By]<UL><LI><a href="#[a8]">&gt;&gt;</a>&nbsp;&nbsp;&nbsp;exit
</UL>

<P><STRONG><a name="[a9]"></a>__rt_exit_ls</STRONG> (Thumb, 0 bytes, Stack size unknown bytes, rtexit2.o(.ARM.Collect$$rtexit$$00000003))
<BR><BR>[Calls]<UL><LI><a href="#[aa]">&gt;&gt;</a>&nbsp;&nbsp;&nbsp;__rt_lib_shutdown
</UL>

<P><STRONG><a name="[343]"></a>__rt_exit_prels_1</STRONG> (Thumb, 0 bytes, Stack size unknown bytes, rtexit2.o(.ARM.Collect$$rtexit$$00000002))

<P><STRONG><a name="[ab]"></a>__rt_exit_exit</STRONG> (Thumb, 0 bytes, Stack size unknown bytes, rtexit2.o(.ARM.Collect$$rtexit$$00000004))
<BR><BR>[Calls]<UL><LI><a href="#[ac]">&gt;&gt;</a>&nbsp;&nbsp;&nbsp;_sys_exit
</UL>

<P><STRONG><a name="[35]"></a>HardFault_Handler</STRONG> (Thumb, 18 bytes, Stack size 0 bytes, nvic.o(.emb_text))
<BR><BR>[Stack]<UL><LI>Max Depth = 152 + Unknown Stack Size
<LI>Call Chain = HardFault_Handler &rArr; printHardFault &rArr; __2printf &rArr; _printf_char_file &rArr; _printf_char_common &rArr; __printf
</UL>
<BR>[Calls]<UL><LI><a href="#[ad]">&gt;&gt;</a>&nbsp;&nbsp;&nbsp;printHardFault
</UL>
<BR>[Address Reference Count : 1]<UL><LI> startup_stm32f411xe.o(RESET)
</UL>
<P><STRONG><a name="[39]"></a>SVC_Handler</STRONG> (Thumb, 28 bytes, Stack size 0 bytes, port.o(.emb_text))
<BR>[Address Reference Count : 1]<UL><LI> startup_stm32f411xe.o(RESET)
</UL>
<P><STRONG><a name="[304]"></a>__asm___6_port_c_39a90d8d__prvStartFirstTask</STRONG> (Thumb, 28 bytes, Stack size 0 bytes, port.o(.emb_text))
<BR><BR>[Called By]<UL><LI><a href="#[2ee]">&gt;&gt;</a>&nbsp;&nbsp;&nbsp;xPortStartScheduler
</UL>

<P><STRONG><a name="[303]"></a>__asm___6_port_c_39a90d8d__prvEnableVFP</STRONG> (Thumb, 16 bytes, Stack size 0 bytes, port.o(.emb_text))
<BR><BR>[Called By]<UL><LI><a href="#[2ee]">&gt;&gt;</a>&nbsp;&nbsp;&nbsp;xPortStartScheduler
</UL>

<P><STRONG><a name="[3b]"></a>PendSV_Handler</STRONG> (Thumb, 88 bytes, Stack size 0 bytes, port.o(.emb_text))
<BR><BR>[Calls]<UL><LI><a href="#[ae]">&gt;&gt;</a>&nbsp;&nbsp;&nbsp;vTaskSwitchContext
</UL>
<BR>[Address Reference Count : 1]<UL><LI> startup_stm32f411xe.o(RESET)
</UL>
<P><STRONG><a name="[344]"></a>vPortGetIPSR</STRONG> (Thumb, 6 bytes, Stack size 0 bytes, port.o(.emb_text), UNUSED)

<P><STRONG><a name="[8c]"></a>Reset_Handler</STRONG> (Thumb, 8 bytes, Stack size 0 bytes, startup_stm32f411xe.o(.text))

<P><STRONG><a name="[4f]"></a>ADC_IRQHandler</STRONG> (Thumb, 0 bytes, Stack size 0 bytes, startup_stm32f411xe.o(.text))
<BR><BR>[Calls]<UL><LI><a href="#[4f]">&gt;&gt;</a>&nbsp;&nbsp;&nbsp;ADC_IRQHandler
</UL>
<BR>[Called By]<UL><LI><a href="#[4f]">&gt;&gt;</a>&nbsp;&nbsp;&nbsp;ADC_IRQHandler
</UL>
<BR>[Address Reference Count : 1]<UL><LI> startup_stm32f411xe.o(RESET)
</UL>
<P><STRONG><a name="[49]"></a>DMA1_Stream1_IRQHandler</STRONG> (Thumb, 0 bytes, Stack size 0 bytes, startup_stm32f411xe.o(.text))
<BR>[Address Reference Count : 1]<UL><LI> startup_stm32f411xe.o(RESET)
</UL>
<P><STRONG><a name="[4a]"></a>DMA1_Stream2_IRQHandler</STRONG> (Thumb, 0 bytes, Stack size 0 bytes, startup_stm32f411xe.o(.text))
<BR>[Address Reference Count : 1]<UL><LI> startup_stm32f411xe.o(RESET)
</UL>
<P><STRONG><a name="[4b]"></a>DMA1_Stream3_IRQHandler</STRONG> (Thumb, 0 bytes, Stack size 0 bytes, startup_stm32f411xe.o(.text))
<BR>[Address Reference Count : 1]<UL><LI> startup_stm32f411xe.o(RESET)
</UL>
<P><STRONG><a name="[4d]"></a>DMA1_Stream5_IRQHandler</STRONG> (Thumb, 0 bytes, Stack size 0 bytes, startup_stm32f411xe.o(.text))
<BR>[Address Reference Count : 1]<UL><LI> startup_stm32f411xe.o(RESET)
</UL>
<P><STRONG><a name="[63]"></a>DMA1_Stream7_IRQHandler</STRONG> (Thumb, 0 bytes, Stack size 0 bytes, startup_stm32f411xe.o(.text))
<BR>[Address Reference Count : 1]<UL><LI> startup_stm32f411xe.o(RESET)
</UL>
<P><STRONG><a name="[67]"></a>DMA2_Stream0_IRQHandler</STRONG> (Thumb, 0 bytes, Stack size 0 bytes, startup_stm32f411xe.o(.text))
<BR>[Address Reference Count : 1]<UL><LI> startup_stm32f411xe.o(RESET)
</UL>
<P><STRONG><a name="[68]"></a>DMA2_Stream1_IRQHandler</STRONG> (Thumb, 0 bytes, Stack size 0 bytes, startup_stm32f411xe.o(.text))
<BR>[Address Reference Count : 1]<UL><LI> startup_stm32f411xe.o(RESET)
</UL>
<P><STRONG><a name="[69]"></a>DMA2_Stream2_IRQHandler</STRONG> (Thumb, 0 bytes, Stack size 0 bytes, startup_stm32f411xe.o(.text))
<BR>[Address Reference Count : 1]<UL><LI> startup_stm32f411xe.o(RESET)
</UL>
<P><STRONG><a name="[6a]"></a>DMA2_Stream3_IRQHandler</STRONG> (Thumb, 0 bytes, Stack size 0 bytes, startup_stm32f411xe.o(.text))
<BR>[Address Reference Count : 1]<UL><LI> startup_stm32f411xe.o(RESET)
</UL>
<P><STRONG><a name="[6b]"></a>DMA2_Stream4_IRQHandler</STRONG> (Thumb, 0 bytes, Stack size 0 bytes, startup_stm32f411xe.o(.text))
<BR>[Address Reference Count : 1]<UL><LI> startup_stm32f411xe.o(RESET)
</UL>
<P><STRONG><a name="[6d]"></a>DMA2_Stream5_IRQHandler</STRONG> (Thumb, 0 bytes, Stack size 0 bytes, startup_stm32f411xe.o(.text))
<BR>[Address Reference Count : 1]<UL><LI> startup_stm32f411xe.o(RESET)
</UL>
<P><STRONG><a name="[6e]"></a>DMA2_Stream6_IRQHandler</STRONG> (Thumb, 0 bytes, Stack size 0 bytes, startup_stm32f411xe.o(.text))
<BR>[Address Reference Count : 1]<UL><LI> startup_stm32f411xe.o(RESET)
</UL>
<P><STRONG><a name="[6f]"></a>DMA2_Stream7_IRQHandler</STRONG> (Thumb, 0 bytes, Stack size 0 bytes, startup_stm32f411xe.o(.text))
<BR>[Address Reference Count : 1]<UL><LI> startup_stm32f411xe.o(RESET)
</UL>
<P><STRONG><a name="[41]"></a>FLASH_IRQHandler</STRONG> (Thumb, 0 bytes, Stack size 0 bytes, startup_stm32f411xe.o(.text))
<BR>[Address Reference Count : 1]<UL><LI> startup_stm32f411xe.o(RESET)
</UL>
<P><STRONG><a name="[73]"></a>FPU_IRQHandler</STRONG> (Thumb, 0 bytes, Stack size 0 bytes, startup_stm32f411xe.o(.text))
<BR>[Address Reference Count : 1]<UL><LI> startup_stm32f411xe.o(RESET)
</UL>
<P><STRONG><a name="[5b]"></a>I2C2_ER_IRQHandler</STRONG> (Thumb, 0 bytes, Stack size 0 bytes, startup_stm32f411xe.o(.text))
<BR>[Address Reference Count : 1]<UL><LI> startup_stm32f411xe.o(RESET)
</UL>
<P><STRONG><a name="[5a]"></a>I2C2_EV_IRQHandler</STRONG> (Thumb, 0 bytes, Stack size 0 bytes, startup_stm32f411xe.o(.text))
<BR>[Address Reference Count : 1]<UL><LI> startup_stm32f411xe.o(RESET)
</UL>
<P><STRONG><a name="[72]"></a>I2C3_ER_IRQHandler</STRONG> (Thumb, 0 bytes, Stack size 0 bytes, startup_stm32f411xe.o(.text))
<BR>[Address Reference Count : 1]<UL><LI> startup_stm32f411xe.o(RESET)
</UL>
<P><STRONG><a name="[71]"></a>I2C3_EV_IRQHandler</STRONG> (Thumb, 0 bytes, Stack size 0 bytes, startup_stm32f411xe.o(.text))
<BR>[Address Reference Count : 1]<UL><LI> startup_stm32f411xe.o(RESET)
</UL>
<P><STRONG><a name="[62]"></a>OTG_FS_WKUP_IRQHandler</STRONG> (Thumb, 0 bytes, Stack size 0 bytes, startup_stm32f411xe.o(.text))
<BR>[Address Reference Count : 1]<UL><LI> startup_stm32f411xe.o(RESET)
</UL>
<P><STRONG><a name="[3e]"></a>PVD_IRQHandler</STRONG> (Thumb, 0 bytes, Stack size 0 bytes, startup_stm32f411xe.o(.text))
<BR>[Address Reference Count : 1]<UL><LI> startup_stm32f411xe.o(RESET)
</UL>
<P><STRONG><a name="[42]"></a>RCC_IRQHandler</STRONG> (Thumb, 0 bytes, Stack size 0 bytes, startup_stm32f411xe.o(.text))
<BR>[Address Reference Count : 1]<UL><LI> startup_stm32f411xe.o(RESET)
</UL>
<P><STRONG><a name="[61]"></a>RTC_Alarm_IRQHandler</STRONG> (Thumb, 0 bytes, Stack size 0 bytes, startup_stm32f411xe.o(.text))
<BR>[Address Reference Count : 1]<UL><LI> startup_stm32f411xe.o(RESET)
</UL>
<P><STRONG><a name="[40]"></a>RTC_WKUP_IRQHandler</STRONG> (Thumb, 0 bytes, Stack size 0 bytes, startup_stm32f411xe.o(.text))
<BR>[Address Reference Count : 1]<UL><LI> startup_stm32f411xe.o(RESET)
</UL>
<P><STRONG><a name="[64]"></a>SDIO_IRQHandler</STRONG> (Thumb, 0 bytes, Stack size 0 bytes, startup_stm32f411xe.o(.text))
<BR>[Address Reference Count : 1]<UL><LI> startup_stm32f411xe.o(RESET)
</UL>
<P><STRONG><a name="[5c]"></a>SPI1_IRQHandler</STRONG> (Thumb, 0 bytes, Stack size 0 bytes, startup_stm32f411xe.o(.text))
<BR>[Address Reference Count : 1]<UL><LI> startup_stm32f411xe.o(RESET)
</UL>
<P><STRONG><a name="[5d]"></a>SPI2_IRQHandler</STRONG> (Thumb, 0 bytes, Stack size 0 bytes, startup_stm32f411xe.o(.text))
<BR>[Address Reference Count : 1]<UL><LI> startup_stm32f411xe.o(RESET)
</UL>
<P><STRONG><a name="[66]"></a>SPI3_IRQHandler</STRONG> (Thumb, 0 bytes, Stack size 0 bytes, startup_stm32f411xe.o(.text))
<BR>[Address Reference Count : 1]<UL><LI> startup_stm32f411xe.o(RESET)
</UL>
<P><STRONG><a name="[74]"></a>SPI4_IRQHandler</STRONG> (Thumb, 0 bytes, Stack size 0 bytes, startup_stm32f411xe.o(.text))
<BR>[Address Reference Count : 1]<UL><LI> startup_stm32f411xe.o(RESET)
</UL>
<P><STRONG><a name="[75]"></a>SPI5_IRQHandler</STRONG> (Thumb, 0 bytes, Stack size 0 bytes, startup_stm32f411xe.o(.text))
<BR>[Address Reference Count : 1]<UL><LI> startup_stm32f411xe.o(RESET)
</UL>
<P><STRONG><a name="[3f]"></a>TAMP_STAMP_IRQHandler</STRONG> (Thumb, 0 bytes, Stack size 0 bytes, startup_stm32f411xe.o(.text))
<BR>[Address Reference Count : 1]<UL><LI> startup_stm32f411xe.o(RESET)
</UL>
<P><STRONG><a name="[51]"></a>TIM1_BRK_TIM9_IRQHandler</STRONG> (Thumb, 0 bytes, Stack size 0 bytes, startup_stm32f411xe.o(.text))
<BR>[Address Reference Count : 1]<UL><LI> startup_stm32f411xe.o(RESET)
</UL>
<P><STRONG><a name="[54]"></a>TIM1_CC_IRQHandler</STRONG> (Thumb, 0 bytes, Stack size 0 bytes, startup_stm32f411xe.o(.text))
<BR>[Address Reference Count : 1]<UL><LI> startup_stm32f411xe.o(RESET)
</UL>
<P><STRONG><a name="[53]"></a>TIM1_TRG_COM_TIM11_IRQHandler</STRONG> (Thumb, 0 bytes, Stack size 0 bytes, startup_stm32f411xe.o(.text))
<BR>[Address Reference Count : 1]<UL><LI> startup_stm32f411xe.o(RESET)
</UL>
<P><STRONG><a name="[52]"></a>TIM1_UP_TIM10_IRQHandler</STRONG> (Thumb, 0 bytes, Stack size 0 bytes, startup_stm32f411xe.o(.text))
<BR>[Address Reference Count : 1]<UL><LI> startup_stm32f411xe.o(RESET)
</UL>
<P><STRONG><a name="[55]"></a>TIM2_IRQHandler</STRONG> (Thumb, 0 bytes, Stack size 0 bytes, startup_stm32f411xe.o(.text))
<BR>[Address Reference Count : 1]<UL><LI> startup_stm32f411xe.o(RESET)
</UL>
<P><STRONG><a name="[56]"></a>TIM3_IRQHandler</STRONG> (Thumb, 0 bytes, Stack size 0 bytes, startup_stm32f411xe.o(.text))
<BR>[Address Reference Count : 1]<UL><LI> startup_stm32f411xe.o(RESET)
</UL>
<P><STRONG><a name="[57]"></a>TIM4_IRQHandler</STRONG> (Thumb, 0 bytes, Stack size 0 bytes, startup_stm32f411xe.o(.text))
<BR>[Address Reference Count : 1]<UL><LI> startup_stm32f411xe.o(RESET)
</UL>
<P><STRONG><a name="[65]"></a>TIM5_IRQHandler</STRONG> (Thumb, 0 bytes, Stack size 0 bytes, startup_stm32f411xe.o(.text))
<BR>[Address Reference Count : 1]<UL><LI> startup_stm32f411xe.o(RESET)
</UL>
<P><STRONG><a name="[70]"></a>USART6_IRQHandler</STRONG> (Thumb, 0 bytes, Stack size 0 bytes, startup_stm32f411xe.o(.text))
<BR>[Address Reference Count : 1]<UL><LI> startup_stm32f411xe.o(RESET)
</UL>
<P><STRONG><a name="[3d]"></a>WWDG_IRQHandler</STRONG> (Thumb, 0 bytes, Stack size 0 bytes, startup_stm32f411xe.o(.text))
<BR>[Address Reference Count : 1]<UL><LI> startup_stm32f411xe.o(RESET)
</UL>
<P><STRONG><a name="[90]"></a>__user_initial_stackheap</STRONG> (Thumb, 0 bytes, Stack size unknown bytes, startup_stm32f411xe.o(.text))
<BR><BR>[Called By]<UL><LI><a href="#[a3]">&gt;&gt;</a>&nbsp;&nbsp;&nbsp;__user_setup_stackheap
</UL>

<P><STRONG><a name="[345]"></a>__use_no_semihosting</STRONG> (Thumb, 2 bytes, Stack size 0 bytes, use_no_semi_2.o(.text), UNUSED)

<P><STRONG><a name="[1c8]"></a>__aeabi_ldivmod</STRONG> (Thumb, 0 bytes, Stack size 8 bytes, llsdiv.o(.text))
<BR><BR>[Stack]<UL><LI>Max Depth = 8<LI>Call Chain = __aeabi_ldivmod
</UL>
<BR>[Called By]<UL><LI><a href="#[1c7]">&gt;&gt;</a>&nbsp;&nbsp;&nbsp;bmp280CompensateP
<LI><a href="#[2b7]">&gt;&gt;</a>&nbsp;&nbsp;&nbsp;sensorsCalculateVarianceAndMean
</UL>

<P><STRONG><a name="[af]"></a>_ll_sdiv</STRONG> (Thumb, 72 bytes, Stack size 8 bytes, llsdiv.o(.text), UNUSED)
<BR><BR>[Calls]<UL><LI><a href="#[b0]">&gt;&gt;</a>&nbsp;&nbsp;&nbsp;__aeabi_uldivmod
</UL>

<P><STRONG><a name="[b1]"></a>__2printf</STRONG> (Thumb, 20 bytes, Stack size 24 bytes, noretval__2printf.o(.text))
<BR><BR>[Stack]<UL><LI>Max Depth = 144 + Unknown Stack Size
<LI>Call Chain = __2printf &rArr; _printf_char_file &rArr; _printf_char_common &rArr; __printf
</UL>
<BR>[Calls]<UL><LI><a href="#[b2]">&gt;&gt;</a>&nbsp;&nbsp;&nbsp;_printf_char_file
</UL>
<BR>[Called By]<UL><LI><a href="#[1db]">&gt;&gt;</a>&nbsp;&nbsp;&nbsp;configParamInit
<LI><a href="#[238]">&gt;&gt;</a>&nbsp;&nbsp;&nbsp;systemInit
<LI><a href="#[7d]">&gt;&gt;</a>&nbsp;&nbsp;&nbsp;startTask
<LI><a href="#[1c9]">&gt;&gt;</a>&nbsp;&nbsp;&nbsp;bmp280Init
<LI><a href="#[270]">&gt;&gt;</a>&nbsp;&nbsp;&nbsp;printAssertSnapshotData
<LI><a href="#[2d5]">&gt;&gt;</a>&nbsp;&nbsp;&nbsp;watchdogTest
<LI><a href="#[192]">&gt;&gt;</a>&nbsp;&nbsp;&nbsp;assertFail
<LI><a href="#[ad]">&gt;&gt;</a>&nbsp;&nbsp;&nbsp;printHardFault
<LI><a href="#[2a4]">&gt;&gt;</a>&nbsp;&nbsp;&nbsp;vApplicationMallocFailedHook
<LI><a href="#[2ba]">&gt;&gt;</a>&nbsp;&nbsp;&nbsp;sensorsDeviceInit
</UL>

<P><STRONG><a name="[b4]"></a>_printf_pre_padding</STRONG> (Thumb, 44 bytes, Stack size 16 bytes, _printf_pad.o(.text))
<BR><BR>[Stack]<UL><LI>Max Depth = 16<LI>Call Chain = _printf_pre_padding
</UL>
<BR>[Called By]<UL><LI><a href="#[cb]">&gt;&gt;</a>&nbsp;&nbsp;&nbsp;_printf_fp_infnan
<LI><a href="#[c9]">&gt;&gt;</a>&nbsp;&nbsp;&nbsp;_printf_fp_dec_real
<LI><a href="#[b6]">&gt;&gt;</a>&nbsp;&nbsp;&nbsp;_printf_int_common
<LI><a href="#[b3]">&gt;&gt;</a>&nbsp;&nbsp;&nbsp;_printf_str
</UL>

<P><STRONG><a name="[b5]"></a>_printf_post_padding</STRONG> (Thumb, 34 bytes, Stack size 16 bytes, _printf_pad.o(.text))
<BR><BR>[Stack]<UL><LI>Max Depth = 16<LI>Call Chain = _printf_post_padding
</UL>
<BR>[Called By]<UL><LI><a href="#[cb]">&gt;&gt;</a>&nbsp;&nbsp;&nbsp;_printf_fp_infnan
<LI><a href="#[c9]">&gt;&gt;</a>&nbsp;&nbsp;&nbsp;_printf_fp_dec_real
<LI><a href="#[b6]">&gt;&gt;</a>&nbsp;&nbsp;&nbsp;_printf_int_common
<LI><a href="#[b3]">&gt;&gt;</a>&nbsp;&nbsp;&nbsp;_printf_str
</UL>

<P><STRONG><a name="[b3]"></a>_printf_str</STRONG> (Thumb, 82 bytes, Stack size 16 bytes, _printf_str.o(.text))
<BR><BR>[Stack]<UL><LI>Max Depth = 32<LI>Call Chain = _printf_str &rArr; _printf_post_padding
</UL>
<BR>[Calls]<UL><LI><a href="#[b5]">&gt;&gt;</a>&nbsp;&nbsp;&nbsp;_printf_post_padding
<LI><a href="#[b4]">&gt;&gt;</a>&nbsp;&nbsp;&nbsp;_printf_pre_padding
</UL>
<BR>[Called By]<UL><LI><a href="#[cd]">&gt;&gt;</a>&nbsp;&nbsp;&nbsp;_printf_cs_common
</UL>

<P><STRONG><a name="[97]"></a>_printf_int_dec</STRONG> (Thumb, 104 bytes, Stack size 24 bytes, _printf_dec.o(.text))
<BR><BR>[Stack]<UL><LI>Max Depth = 72<LI>Call Chain = _printf_int_dec &rArr; _printf_int_common &rArr; _printf_post_padding
</UL>
<BR>[Calls]<UL><LI><a href="#[b6]">&gt;&gt;</a>&nbsp;&nbsp;&nbsp;_printf_int_common
</UL>
<BR>[Called By]<UL><LI><a href="#[96]">&gt;&gt;</a>&nbsp;&nbsp;&nbsp;_printf_d
</UL>

<P><STRONG><a name="[99]"></a>_printf_int_hex</STRONG> (Thumb, 84 bytes, Stack size 16 bytes, _printf_hex_int.o(.text))
<BR><BR>[Stack]<UL><LI>Max Depth = 64<LI>Call Chain = _printf_int_hex &rArr; _printf_int_common &rArr; _printf_post_padding
</UL>
<BR>[Calls]<UL><LI><a href="#[b6]">&gt;&gt;</a>&nbsp;&nbsp;&nbsp;_printf_int_common
</UL>
<BR>[Called By]<UL><LI><a href="#[98]">&gt;&gt;</a>&nbsp;&nbsp;&nbsp;_printf_x
</UL>

<P><STRONG><a name="[346]"></a>_printf_longlong_hex</STRONG> (Thumb, 0 bytes, Stack size 16 bytes, _printf_hex_int.o(.text), UNUSED)

<P><STRONG><a name="[b7]"></a>__printf</STRONG> (Thumb, 308 bytes, Stack size 40 bytes, __printf_flags_wp.o(.text))
<BR><BR>[Stack]<UL><LI>Max Depth = 40 + Unknown Stack Size
<LI>Call Chain = __printf
</UL>
<BR>[Calls]<UL><LI><a href="#[b9]">&gt;&gt;</a>&nbsp;&nbsp;&nbsp;_printf_percent
<LI><a href="#[b8]">&gt;&gt;</a>&nbsp;&nbsp;&nbsp;_is_digit
</UL>
<BR>[Called By]<UL><LI><a href="#[cc]">&gt;&gt;</a>&nbsp;&nbsp;&nbsp;_printf_char_common
</UL>

<P><STRONG><a name="[200]"></a>__aeabi_memcpy</STRONG> (Thumb, 0 bytes, Stack size 0 bytes, rt_memcpy_v6.o(.text))
<BR><BR>[Called By]<UL><LI><a href="#[81]">&gt;&gt;</a>&nbsp;&nbsp;&nbsp;usblinkTxTask
<LI><a href="#[2db]">&gt;&gt;</a>&nbsp;&nbsp;&nbsp;uartslkSendDataDmaBlocking
<LI><a href="#[288]">&gt;&gt;</a>&nbsp;&nbsp;&nbsp;prvCopyDataToQueue
<LI><a href="#[287]">&gt;&gt;</a>&nbsp;&nbsp;&nbsp;prvCopyDataFromQueue
<LI><a href="#[2f9]">&gt;&gt;</a>&nbsp;&nbsp;&nbsp;wifiDataHandle
<LI><a href="#[199]">&gt;&gt;</a>&nbsp;&nbsp;&nbsp;uartSendPacket
<LI><a href="#[1ff]">&gt;&gt;</a>&nbsp;&nbsp;&nbsp;flightCtrldataCache
<LI><a href="#[1a1]">&gt;&gt;</a>&nbsp;&nbsp;&nbsp;remoterCtrlProcess
</UL>

<P><STRONG><a name="[ba]"></a>__rt_memcpy</STRONG> (Thumb, 138 bytes, Stack size 0 bytes, rt_memcpy_v6.o(.text), UNUSED)
<BR><BR>[Calls]<UL><LI><a href="#[bb]">&gt;&gt;</a>&nbsp;&nbsp;&nbsp;__aeabi_memcpy4
</UL>

<P><STRONG><a name="[347]"></a>_memcpy_lastbytes</STRONG> (Thumb, 0 bytes, Stack size unknown bytes, rt_memcpy_v6.o(.text), UNUSED)

<P><STRONG><a name="[bb]"></a>__aeabi_memcpy4</STRONG> (Thumb, 0 bytes, Stack size 8 bytes, rt_memcpy_w.o(.text))
<BR><BR>[Stack]<UL><LI>Max Depth = 8<LI>Call Chain = __aeabi_memcpy4
</UL>
<BR>[Called By]<UL><LI><a href="#[19d]">&gt;&gt;</a>&nbsp;&nbsp;&nbsp;resetConfigParamPID
<LI><a href="#[1db]">&gt;&gt;</a>&nbsp;&nbsp;&nbsp;configParamInit
<LI><a href="#[20b]">&gt;&gt;</a>&nbsp;&nbsp;&nbsp;i2cdrvMessageTransfer
<LI><a href="#[1c2]">&gt;&gt;</a>&nbsp;&nbsp;&nbsp;getState
<LI><a href="#[203]">&gt;&gt;</a>&nbsp;&nbsp;&nbsp;getSensorData
<LI><a href="#[ba]">&gt;&gt;</a>&nbsp;&nbsp;&nbsp;__rt_memcpy
</UL>

<P><STRONG><a name="[348]"></a>__aeabi_memcpy8</STRONG> (Thumb, 0 bytes, Stack size 8 bytes, rt_memcpy_w.o(.text), UNUSED)

<P><STRONG><a name="[349]"></a>__rt_memcpy_w</STRONG> (Thumb, 100 bytes, Stack size 8 bytes, rt_memcpy_w.o(.text), UNUSED)

<P><STRONG><a name="[34a]"></a>_memcpy_lastbytes_aligned</STRONG> (Thumb, 0 bytes, Stack size unknown bytes, rt_memcpy_w.o(.text), UNUSED)

<P><STRONG><a name="[bc]"></a>__aeabi_memset</STRONG> (Thumb, 16 bytes, Stack size 0 bytes, aeabi_memset.o(.text))
<BR><BR>[Calls]<UL><LI><a href="#[bd]">&gt;&gt;</a>&nbsp;&nbsp;&nbsp;_memset
</UL>
<BR>[Called By]<UL><LI><a href="#[28f]">&gt;&gt;</a>&nbsp;&nbsp;&nbsp;prvInitialiseNewTask
</UL>

<P><STRONG><a name="[2fe]"></a>__aeabi_memclr</STRONG> (Thumb, 0 bytes, Stack size 0 bytes, rt_memclr.o(.text))
<BR><BR>[Called By]<UL><LI><a href="#[100]">&gt;&gt;</a>&nbsp;&nbsp;&nbsp;ws2812DmaIsr
</UL>

<P><STRONG><a name="[be]"></a>__rt_memclr</STRONG> (Thumb, 68 bytes, Stack size 0 bytes, rt_memclr.o(.text), UNUSED)
<BR><BR>[Calls]<UL><LI><a href="#[bf]">&gt;&gt;</a>&nbsp;&nbsp;&nbsp;_memset_w
</UL>

<P><STRONG><a name="[bd]"></a>_memset</STRONG> (Thumb, 0 bytes, Stack size unknown bytes, rt_memclr.o(.text))
<BR><BR>[Called By]<UL><LI><a href="#[bc]">&gt;&gt;</a>&nbsp;&nbsp;&nbsp;__aeabi_memset
</UL>

<P><STRONG><a name="[2b8]"></a>__aeabi_memclr4</STRONG> (Thumb, 0 bytes, Stack size 4 bytes, rt_memclr_w.o(.text))
<BR><BR>[Stack]<UL><LI>Max Depth = 4<LI>Call Chain = __aeabi_memclr4
</UL>
<BR>[Called By]<UL><LI><a href="#[2b7]">&gt;&gt;</a>&nbsp;&nbsp;&nbsp;sensorsCalculateVarianceAndMean
</UL>

<P><STRONG><a name="[34b]"></a>__aeabi_memclr8</STRONG> (Thumb, 0 bytes, Stack size 4 bytes, rt_memclr_w.o(.text), UNUSED)

<P><STRONG><a name="[34c]"></a>__rt_memclr_w</STRONG> (Thumb, 78 bytes, Stack size 4 bytes, rt_memclr_w.o(.text), UNUSED)

<P><STRONG><a name="[bf]"></a>_memset_w</STRONG> (Thumb, 0 bytes, Stack size unknown bytes, rt_memclr_w.o(.text), UNUSED)
<BR><BR>[Called By]<UL><LI><a href="#[be]">&gt;&gt;</a>&nbsp;&nbsp;&nbsp;__rt_memclr
</UL>

<P><STRONG><a name="[34d]"></a>__use_two_region_memory</STRONG> (Thumb, 2 bytes, Stack size 0 bytes, heapauxi.o(.text), UNUSED)

<P><STRONG><a name="[34e]"></a>__rt_heap_escrow$2region</STRONG> (Thumb, 2 bytes, Stack size 0 bytes, heapauxi.o(.text), UNUSED)

<P><STRONG><a name="[34f]"></a>__rt_heap_expand$2region</STRONG> (Thumb, 2 bytes, Stack size 0 bytes, heapauxi.o(.text), UNUSED)

<P><STRONG><a name="[350]"></a>__I$use$semihosting</STRONG> (Thumb, 0 bytes, Stack size 0 bytes, use_no_semi.o(.text), UNUSED)

<P><STRONG><a name="[351]"></a>__use_no_semihosting_swi</STRONG> (Thumb, 2 bytes, Stack size 0 bytes, use_no_semi.o(.text), UNUSED)

<P><STRONG><a name="[b0]"></a>__aeabi_uldivmod</STRONG> (Thumb, 0 bytes, Stack size 48 bytes, lludivv7m.o(.text), UNUSED)
<BR><BR>[Called By]<UL><LI><a href="#[af]">&gt;&gt;</a>&nbsp;&nbsp;&nbsp;_ll_sdiv
</UL>

<P><STRONG><a name="[352]"></a>_ll_udiv</STRONG> (Thumb, 238 bytes, Stack size 48 bytes, lludivv7m.o(.text), UNUSED)

<P><STRONG><a name="[c0]"></a>__read_errno</STRONG> (Thumb, 10 bytes, Stack size 8 bytes, _rserrno.o(.text), UNUSED)
<BR><BR>[Calls]<UL><LI><a href="#[c1]">&gt;&gt;</a>&nbsp;&nbsp;&nbsp;__aeabi_errno_addr
</UL>

<P><STRONG><a name="[c2]"></a>__set_errno</STRONG> (Thumb, 12 bytes, Stack size 8 bytes, _rserrno.o(.text))
<BR><BR>[Stack]<UL><LI>Max Depth = 8<LI>Call Chain = __set_errno
</UL>
<BR>[Calls]<UL><LI><a href="#[c1]">&gt;&gt;</a>&nbsp;&nbsp;&nbsp;__aeabi_errno_addr
</UL>
<BR>[Called By]<UL><LI><a href="#[174]">&gt;&gt;</a>&nbsp;&nbsp;&nbsp;sqrt
<LI><a href="#[185]">&gt;&gt;</a>&nbsp;&nbsp;&nbsp;__hardfp_tanf
<LI><a href="#[165]">&gt;&gt;</a>&nbsp;&nbsp;&nbsp;sqrtf
<LI><a href="#[184]">&gt;&gt;</a>&nbsp;&nbsp;&nbsp;__hardfp_sqrtf
<LI><a href="#[183]">&gt;&gt;</a>&nbsp;&nbsp;&nbsp;__hardfp_sinf
<LI><a href="#[180]">&gt;&gt;</a>&nbsp;&nbsp;&nbsp;__hardfp_powf
<LI><a href="#[16e]">&gt;&gt;</a>&nbsp;&nbsp;&nbsp;__hardfp_pow
<LI><a href="#[16c]">&gt;&gt;</a>&nbsp;&nbsp;&nbsp;__hardfp_cosf
<LI><a href="#[164]">&gt;&gt;</a>&nbsp;&nbsp;&nbsp;__hardfp_asinf
</UL>

<P><STRONG><a name="[b6]"></a>_printf_int_common</STRONG> (Thumb, 178 bytes, Stack size 32 bytes, _printf_intcommon.o(.text))
<BR><BR>[Stack]<UL><LI>Max Depth = 48<LI>Call Chain = _printf_int_common &rArr; _printf_post_padding
</UL>
<BR>[Calls]<UL><LI><a href="#[b5]">&gt;&gt;</a>&nbsp;&nbsp;&nbsp;_printf_post_padding
<LI><a href="#[b4]">&gt;&gt;</a>&nbsp;&nbsp;&nbsp;_printf_pre_padding
</UL>
<BR>[Called By]<UL><LI><a href="#[99]">&gt;&gt;</a>&nbsp;&nbsp;&nbsp;_printf_int_hex
<LI><a href="#[97]">&gt;&gt;</a>&nbsp;&nbsp;&nbsp;_printf_int_dec
</UL>

<P><STRONG><a name="[353]"></a>__lib_sel_fp_printf</STRONG> (Thumb, 2 bytes, Stack size 0 bytes, _printf_fp_dec.o(.text), UNUSED)

<P><STRONG><a name="[c9]"></a>_printf_fp_dec_real</STRONG> (Thumb, 620 bytes, Stack size 104 bytes, _printf_fp_dec.o(.text))
<BR><BR>[Stack]<UL><LI>Max Depth = 320<LI>Call Chain = _printf_fp_dec_real &rArr; _fp_digits &rArr; _btod_etento &rArr; _btod_emul &rArr; _e2e
</UL>
<BR>[Calls]<UL><LI><a href="#[cb]">&gt;&gt;</a>&nbsp;&nbsp;&nbsp;_printf_fp_infnan
<LI><a href="#[9f]">&gt;&gt;</a>&nbsp;&nbsp;&nbsp;__rt_locale
<LI><a href="#[ca]">&gt;&gt;</a>&nbsp;&nbsp;&nbsp;__ARM_fpclassify
<LI><a href="#[c3]">&gt;&gt;</a>&nbsp;&nbsp;&nbsp;_fp_digits
<LI><a href="#[b5]">&gt;&gt;</a>&nbsp;&nbsp;&nbsp;_printf_post_padding
<LI><a href="#[b4]">&gt;&gt;</a>&nbsp;&nbsp;&nbsp;_printf_pre_padding
</UL>
<BR>[Called By]<UL><LI><a href="#[95]">&gt;&gt;</a>&nbsp;&nbsp;&nbsp;_printf_fp_dec
</UL>

<P><STRONG><a name="[cc]"></a>_printf_char_common</STRONG> (Thumb, 32 bytes, Stack size 64 bytes, _printf_char_common.o(.text))
<BR><BR>[Stack]<UL><LI>Max Depth = 104 + Unknown Stack Size
<LI>Call Chain = _printf_char_common &rArr; __printf
</UL>
<BR>[Calls]<UL><LI><a href="#[b7]">&gt;&gt;</a>&nbsp;&nbsp;&nbsp;__printf
</UL>
<BR>[Called By]<UL><LI><a href="#[b2]">&gt;&gt;</a>&nbsp;&nbsp;&nbsp;_printf_char_file
</UL>

<P><STRONG><a name="[cd]"></a>_printf_cs_common</STRONG> (Thumb, 20 bytes, Stack size 8 bytes, _printf_char.o(.text))
<BR><BR>[Stack]<UL><LI>Max Depth = 40<LI>Call Chain = _printf_cs_common &rArr; _printf_str &rArr; _printf_post_padding
</UL>
<BR>[Calls]<UL><LI><a href="#[b3]">&gt;&gt;</a>&nbsp;&nbsp;&nbsp;_printf_str
</UL>
<BR>[Called By]<UL><LI><a href="#[9b]">&gt;&gt;</a>&nbsp;&nbsp;&nbsp;_printf_string
<LI><a href="#[ce]">&gt;&gt;</a>&nbsp;&nbsp;&nbsp;_printf_char
</UL>

<P><STRONG><a name="[ce]"></a>_printf_char</STRONG> (Thumb, 16 bytes, Stack size 0 bytes, _printf_char.o(.text), UNUSED)
<BR><BR>[Calls]<UL><LI><a href="#[cd]">&gt;&gt;</a>&nbsp;&nbsp;&nbsp;_printf_cs_common
</UL>

<P><STRONG><a name="[9b]"></a>_printf_string</STRONG> (Thumb, 8 bytes, Stack size 0 bytes, _printf_char.o(.text))
<BR><BR>[Stack]<UL><LI>Max Depth = 40<LI>Call Chain = _printf_string &rArr; _printf_cs_common &rArr; _printf_str &rArr; _printf_post_padding
</UL>
<BR>[Calls]<UL><LI><a href="#[cd]">&gt;&gt;</a>&nbsp;&nbsp;&nbsp;_printf_cs_common
</UL>
<BR>[Called By]<UL><LI><a href="#[9a]">&gt;&gt;</a>&nbsp;&nbsp;&nbsp;_printf_s
</UL>

<P><STRONG><a name="[b2]"></a>_printf_char_file</STRONG> (Thumb, 32 bytes, Stack size 16 bytes, _printf_char_file.o(.text))
<BR><BR>[Stack]<UL><LI>Max Depth = 120 + Unknown Stack Size
<LI>Call Chain = _printf_char_file &rArr; _printf_char_common &rArr; __printf
</UL>
<BR>[Calls]<UL><LI><a href="#[cf]">&gt;&gt;</a>&nbsp;&nbsp;&nbsp;ferror
<LI><a href="#[cc]">&gt;&gt;</a>&nbsp;&nbsp;&nbsp;_printf_char_common
</UL>
<BR>[Called By]<UL><LI><a href="#[b1]">&gt;&gt;</a>&nbsp;&nbsp;&nbsp;__2printf
</UL>

<P><STRONG><a name="[9f]"></a>__rt_locale</STRONG> (Thumb, 8 bytes, Stack size 0 bytes, rt_locale_intlibspace.o(.text))
<BR><BR>[Called By]<UL><LI><a href="#[c9]">&gt;&gt;</a>&nbsp;&nbsp;&nbsp;_printf_fp_dec_real
<LI><a href="#[9e]">&gt;&gt;</a>&nbsp;&nbsp;&nbsp;__rt_lib_init_lc_common
</UL>

<P><STRONG><a name="[c1]"></a>__aeabi_errno_addr</STRONG> (Thumb, 8 bytes, Stack size 0 bytes, rt_errno_addr_intlibspace.o(.text))
<BR><BR>[Called By]<UL><LI><a href="#[c2]">&gt;&gt;</a>&nbsp;&nbsp;&nbsp;__set_errno
<LI><a href="#[c0]">&gt;&gt;</a>&nbsp;&nbsp;&nbsp;__read_errno
</UL>

<P><STRONG><a name="[354]"></a>__errno$intlibspace</STRONG> (Thumb, 0 bytes, Stack size 0 bytes, rt_errno_addr_intlibspace.o(.text), UNUSED)

<P><STRONG><a name="[355]"></a>__rt_errno_addr$intlibspace</STRONG> (Thumb, 0 bytes, Stack size 0 bytes, rt_errno_addr_intlibspace.o(.text), UNUSED)

<P><STRONG><a name="[c8]"></a>_ll_udiv10</STRONG> (Thumb, 138 bytes, Stack size 12 bytes, lludiv10.o(.text))
<BR><BR>[Stack]<UL><LI>Max Depth = 12<LI>Call Chain = _ll_udiv10
</UL>
<BR>[Called By]<UL><LI><a href="#[c3]">&gt;&gt;</a>&nbsp;&nbsp;&nbsp;_fp_digits
</UL>

<P><STRONG><a name="[cb]"></a>_printf_fp_infnan</STRONG> (Thumb, 112 bytes, Stack size 24 bytes, _printf_fp_infnan.o(.text))
<BR><BR>[Stack]<UL><LI>Max Depth = 40<LI>Call Chain = _printf_fp_infnan &rArr; _printf_post_padding
</UL>
<BR>[Calls]<UL><LI><a href="#[b5]">&gt;&gt;</a>&nbsp;&nbsp;&nbsp;_printf_post_padding
<LI><a href="#[b4]">&gt;&gt;</a>&nbsp;&nbsp;&nbsp;_printf_pre_padding
</UL>
<BR>[Called By]<UL><LI><a href="#[c9]">&gt;&gt;</a>&nbsp;&nbsp;&nbsp;_printf_fp_dec_real
</UL>

<P><STRONG><a name="[c4]"></a>_btod_etento</STRONG> (Thumb, 216 bytes, Stack size 72 bytes, bigflt0.o(.text))
<BR><BR>[Stack]<UL><LI>Max Depth = 120<LI>Call Chain = _btod_etento &rArr; _btod_emul &rArr; _e2e
</UL>
<BR>[Calls]<UL><LI><a href="#[c7]">&gt;&gt;</a>&nbsp;&nbsp;&nbsp;_btod_emul
<LI><a href="#[c6]">&gt;&gt;</a>&nbsp;&nbsp;&nbsp;_btod_ediv
</UL>
<BR>[Called By]<UL><LI><a href="#[c3]">&gt;&gt;</a>&nbsp;&nbsp;&nbsp;_fp_digits
</UL>

<P><STRONG><a name="[cf]"></a>ferror</STRONG> (Thumb, 8 bytes, Stack size 0 bytes, ferror.o(.text))
<BR><BR>[Called By]<UL><LI><a href="#[b2]">&gt;&gt;</a>&nbsp;&nbsp;&nbsp;_printf_char_file
</UL>

<P><STRONG><a name="[356]"></a>__user_libspace</STRONG> (Thumb, 8 bytes, Stack size 0 bytes, libspace.o(.text), UNUSED)

<P><STRONG><a name="[d0]"></a>__user_perproc_libspace</STRONG> (Thumb, 0 bytes, Stack size 0 bytes, libspace.o(.text))
<BR><BR>[Called By]<UL><LI><a href="#[a3]">&gt;&gt;</a>&nbsp;&nbsp;&nbsp;__user_setup_stackheap
</UL>

<P><STRONG><a name="[357]"></a>__user_perthread_libspace</STRONG> (Thumb, 0 bytes, Stack size 0 bytes, libspace.o(.text), UNUSED)

<P><STRONG><a name="[a3]"></a>__user_setup_stackheap</STRONG> (Thumb, 74 bytes, Stack size 8 bytes, sys_stackheap_outer.o(.text))
<BR><BR>[Stack]<UL><LI>Max Depth = 8 + Unknown Stack Size
<LI>Call Chain = __user_setup_stackheap
</UL>
<BR>[Calls]<UL><LI><a href="#[90]">&gt;&gt;</a>&nbsp;&nbsp;&nbsp;__user_initial_stackheap
<LI><a href="#[d0]">&gt;&gt;</a>&nbsp;&nbsp;&nbsp;__user_perproc_libspace
</UL>
<BR>[Called By]<UL><LI><a href="#[a2]">&gt;&gt;</a>&nbsp;&nbsp;&nbsp;__rt_entry_sh
</UL>

<P><STRONG><a name="[a8]"></a>exit</STRONG> (Thumb, 18 bytes, Stack size 8 bytes, exit.o(.text))
<BR><BR>[Stack]<UL><LI>Max Depth = 8 + Unknown Stack Size
<LI>Call Chain = exit
</UL>
<BR>[Calls]<UL><LI><a href="#[d1]">&gt;&gt;</a>&nbsp;&nbsp;&nbsp;__rt_exit
</UL>
<BR>[Called By]<UL><LI><a href="#[a6]">&gt;&gt;</a>&nbsp;&nbsp;&nbsp;__rt_entry_main
</UL>

<P><STRONG><a name="[309]"></a>strcmp</STRONG> (Thumb, 128 bytes, Stack size 0 bytes, strcmpv7m.o(.text))
<BR><BR>[Called By]<UL><LI><a href="#[a1]">&gt;&gt;</a>&nbsp;&nbsp;&nbsp;_get_lc_numeric
</UL>

<P><STRONG><a name="[c5]"></a>_btod_d2e</STRONG> (Thumb, 62 bytes, Stack size 0 bytes, btod.o(CL$$btod_d2e))
<BR><BR>[Calls]<UL><LI><a href="#[d2]">&gt;&gt;</a>&nbsp;&nbsp;&nbsp;_d2e_norm_op1
</UL>
<BR>[Called By]<UL><LI><a href="#[c3]">&gt;&gt;</a>&nbsp;&nbsp;&nbsp;_fp_digits
</UL>

<P><STRONG><a name="[d3]"></a>_d2e_denorm_low</STRONG> (Thumb, 70 bytes, Stack size 0 bytes, btod.o(CL$$btod_d2e_denorm_low))
<BR><BR>[Called By]<UL><LI><a href="#[d2]">&gt;&gt;</a>&nbsp;&nbsp;&nbsp;_d2e_norm_op1
</UL>

<P><STRONG><a name="[d2]"></a>_d2e_norm_op1</STRONG> (Thumb, 96 bytes, Stack size 0 bytes, btod.o(CL$$btod_d2e_norm_op1))
<BR><BR>[Calls]<UL><LI><a href="#[d3]">&gt;&gt;</a>&nbsp;&nbsp;&nbsp;_d2e_denorm_low
</UL>
<BR>[Called By]<UL><LI><a href="#[c5]">&gt;&gt;</a>&nbsp;&nbsp;&nbsp;_btod_d2e
</UL>

<P><STRONG><a name="[d4]"></a>__btod_div_common</STRONG> (Thumb, 696 bytes, Stack size 24 bytes, btod.o(CL$$btod_div_common))
<BR><BR>[Stack]<UL><LI>Max Depth = 24<LI>Call Chain = __btod_div_common
</UL>
<BR>[Called By]<UL><LI><a href="#[c6]">&gt;&gt;</a>&nbsp;&nbsp;&nbsp;_btod_ediv
</UL>

<P><STRONG><a name="[d5]"></a>_e2e</STRONG> (Thumb, 198 bytes, Stack size 24 bytes, btod.o(CL$$btod_e2e))
<BR><BR>[Stack]<UL><LI>Max Depth = 24<LI>Call Chain = _e2e
</UL>
<BR>[Called By]<UL><LI><a href="#[c7]">&gt;&gt;</a>&nbsp;&nbsp;&nbsp;_btod_emul
<LI><a href="#[c6]">&gt;&gt;</a>&nbsp;&nbsp;&nbsp;_btod_ediv
</UL>

<P><STRONG><a name="[c6]"></a>_btod_ediv</STRONG> (Thumb, 40 bytes, Stack size 24 bytes, btod.o(CL$$btod_ediv))
<BR><BR>[Stack]<UL><LI>Max Depth = 48<LI>Call Chain = _btod_ediv &rArr; _e2e
</UL>
<BR>[Calls]<UL><LI><a href="#[d5]">&gt;&gt;</a>&nbsp;&nbsp;&nbsp;_e2e
<LI><a href="#[d4]">&gt;&gt;</a>&nbsp;&nbsp;&nbsp;__btod_div_common
</UL>
<BR>[Called By]<UL><LI><a href="#[c4]">&gt;&gt;</a>&nbsp;&nbsp;&nbsp;_btod_etento
<LI><a href="#[c3]">&gt;&gt;</a>&nbsp;&nbsp;&nbsp;_fp_digits
</UL>

<P><STRONG><a name="[c7]"></a>_btod_emul</STRONG> (Thumb, 40 bytes, Stack size 24 bytes, btod.o(CL$$btod_emul))
<BR><BR>[Stack]<UL><LI>Max Depth = 48<LI>Call Chain = _btod_emul &rArr; _e2e
</UL>
<BR>[Calls]<UL><LI><a href="#[d6]">&gt;&gt;</a>&nbsp;&nbsp;&nbsp;__btod_mult_common
<LI><a href="#[d5]">&gt;&gt;</a>&nbsp;&nbsp;&nbsp;_e2e
</UL>
<BR>[Called By]<UL><LI><a href="#[c4]">&gt;&gt;</a>&nbsp;&nbsp;&nbsp;_btod_etento
<LI><a href="#[c3]">&gt;&gt;</a>&nbsp;&nbsp;&nbsp;_fp_digits
</UL>

<P><STRONG><a name="[d6]"></a>__btod_mult_common</STRONG> (Thumb, 580 bytes, Stack size 16 bytes, btod.o(CL$$btod_mult_common))
<BR><BR>[Stack]<UL><LI>Max Depth = 16<LI>Call Chain = __btod_mult_common
</UL>
<BR>[Called By]<UL><LI><a href="#[c7]">&gt;&gt;</a>&nbsp;&nbsp;&nbsp;_btod_emul
</UL>

<P><STRONG><a name="[1f6]"></a>ADC_Cmd</STRONG> (Thumb, 22 bytes, Stack size 0 bytes, stm32f4xx_adc.o(i.ADC_Cmd))
<BR><BR>[Called By]<UL><LI><a href="#[1ea]">&gt;&gt;</a>&nbsp;&nbsp;&nbsp;getModuleDriverID
<LI><a href="#[1ed]">&gt;&gt;</a>&nbsp;&nbsp;&nbsp;expModuleDriverInit
</UL>

<P><STRONG><a name="[1f1]"></a>ADC_CommonInit</STRONG> (Thumb, 34 bytes, Stack size 0 bytes, stm32f4xx_adc.o(i.ADC_CommonInit))
<BR><BR>[Called By]<UL><LI><a href="#[1ed]">&gt;&gt;</a>&nbsp;&nbsp;&nbsp;expModuleDriverInit
</UL>

<P><STRONG><a name="[1f5]"></a>ADC_DMACmd</STRONG> (Thumb, 22 bytes, Stack size 0 bytes, stm32f4xx_adc.o(i.ADC_DMACmd))
<BR><BR>[Called By]<UL><LI><a href="#[1ed]">&gt;&gt;</a>&nbsp;&nbsp;&nbsp;expModuleDriverInit
</UL>

<P><STRONG><a name="[1f4]"></a>ADC_DMARequestAfterLastTransferCmd</STRONG> (Thumb, 22 bytes, Stack size 0 bytes, stm32f4xx_adc.o(i.ADC_DMARequestAfterLastTransferCmd))
<BR><BR>[Called By]<UL><LI><a href="#[1ed]">&gt;&gt;</a>&nbsp;&nbsp;&nbsp;expModuleDriverInit
</UL>

<P><STRONG><a name="[1f2]"></a>ADC_Init</STRONG> (Thumb, 74 bytes, Stack size 12 bytes, stm32f4xx_adc.o(i.ADC_Init))
<BR><BR>[Stack]<UL><LI>Max Depth = 12<LI>Call Chain = ADC_Init
</UL>
<BR>[Called By]<UL><LI><a href="#[1ed]">&gt;&gt;</a>&nbsp;&nbsp;&nbsp;expModuleDriverInit
</UL>

<P><STRONG><a name="[1f3]"></a>ADC_RegularChannelConfig</STRONG> (Thumb, 184 bytes, Stack size 20 bytes, stm32f4xx_adc.o(i.ADC_RegularChannelConfig))
<BR><BR>[Stack]<UL><LI>Max Depth = 20<LI>Call Chain = ADC_RegularChannelConfig
</UL>
<BR>[Called By]<UL><LI><a href="#[1ed]">&gt;&gt;</a>&nbsp;&nbsp;&nbsp;expModuleDriverInit
</UL>

<P><STRONG><a name="[1f7]"></a>ADC_SoftwareStartConv</STRONG> (Thumb, 10 bytes, Stack size 0 bytes, stm32f4xx_adc.o(i.ADC_SoftwareStartConv))
<BR><BR>[Called By]<UL><LI><a href="#[1ea]">&gt;&gt;</a>&nbsp;&nbsp;&nbsp;getModuleDriverID
<LI><a href="#[1ed]">&gt;&gt;</a>&nbsp;&nbsp;&nbsp;expModuleDriverInit
</UL>

<P><STRONG><a name="[37]"></a>BusFault_Handler</STRONG> (Thumb, 64 bytes, Stack size 0 bytes, nvic.o(i.BusFault_Handler))
<BR><BR>[Stack]<UL><LI>Max Depth = 40<LI>Call Chain = BusFault_Handler &rArr; motorsSetRatio
</UL>
<BR>[Calls]<UL><LI><a href="#[d7]">&gt;&gt;</a>&nbsp;&nbsp;&nbsp;motorsSetRatio
<LI><a href="#[d9]">&gt;&gt;</a>&nbsp;&nbsp;&nbsp;ledSet
<LI><a href="#[d8]">&gt;&gt;</a>&nbsp;&nbsp;&nbsp;ledClearAll
<LI><a href="#[da]">&gt;&gt;</a>&nbsp;&nbsp;&nbsp;storeAssertSnapshotData
</UL>
<BR>[Address Reference Count : 1]<UL><LI> startup_stm32f411xe.o(RESET)
</UL>
<P><STRONG><a name="[db]"></a>DCD_EP_Close</STRONG> (Thumb, 74 bytes, Stack size 16 bytes, usb_dcd.o(i.DCD_EP_Close))
<BR><BR>[Stack]<UL><LI>Max Depth = 36<LI>Call Chain = DCD_EP_Close &rArr; USB_OTG_EPDeactivate
</UL>
<BR>[Calls]<UL><LI><a href="#[dc]">&gt;&gt;</a>&nbsp;&nbsp;&nbsp;USB_OTG_EPDeactivate
</UL>
<BR>[Called By]<UL><LI><a href="#[19]">&gt;&gt;</a>&nbsp;&nbsp;&nbsp;usbd_cdc_DeInit
</UL>

<P><STRONG><a name="[dd]"></a>DCD_EP_ClrStall</STRONG> (Thumb, 72 bytes, Stack size 16 bytes, usb_dcd.o(i.DCD_EP_ClrStall))
<BR><BR>[Stack]<UL><LI>Max Depth = 32<LI>Call Chain = DCD_EP_ClrStall &rArr; USB_OTG_EPClearStall
</UL>
<BR>[Calls]<UL><LI><a href="#[de]">&gt;&gt;</a>&nbsp;&nbsp;&nbsp;USB_OTG_EPClearStall
</UL>
<BR>[Called By]<UL><LI><a href="#[154]">&gt;&gt;</a>&nbsp;&nbsp;&nbsp;USBD_StdEPReq
</UL>

<P><STRONG><a name="[df]"></a>DCD_EP_Open</STRONG> (Thumb, 104 bytes, Stack size 24 bytes, usb_dcd.o(i.DCD_EP_Open))
<BR><BR>[Stack]<UL><LI>Max Depth = 44<LI>Call Chain = DCD_EP_Open &rArr; USB_OTG_EPActivate
</UL>
<BR>[Calls]<UL><LI><a href="#[e0]">&gt;&gt;</a>&nbsp;&nbsp;&nbsp;USB_OTG_EPActivate
</UL>
<BR>[Called By]<UL><LI><a href="#[18]">&gt;&gt;</a>&nbsp;&nbsp;&nbsp;usbd_cdc_Init
<LI><a href="#[13]">&gt;&gt;</a>&nbsp;&nbsp;&nbsp;USBD_Reset
</UL>

<P><STRONG><a name="[e1]"></a>DCD_EP_PrepareRx</STRONG> (Thumb, 82 bytes, Stack size 24 bytes, usb_dcd.o(i.DCD_EP_PrepareRx))
<BR><BR>[Stack]<UL><LI>Max Depth = 80<LI>Call Chain = DCD_EP_PrepareRx &rArr; USB_OTG_EPStartXfer &rArr; USB_OTG_WritePacket
</UL>
<BR>[Calls]<UL><LI><a href="#[e3]">&gt;&gt;</a>&nbsp;&nbsp;&nbsp;USB_OTG_EPStartXfer
<LI><a href="#[e2]">&gt;&gt;</a>&nbsp;&nbsp;&nbsp;USB_OTG_EP0StartXfer
</UL>
<BR>[Called By]<UL><LI><a href="#[18]">&gt;&gt;</a>&nbsp;&nbsp;&nbsp;usbd_cdc_Init
<LI><a href="#[1d]">&gt;&gt;</a>&nbsp;&nbsp;&nbsp;usbd_cdc_DataOut
<LI><a href="#[137]">&gt;&gt;</a>&nbsp;&nbsp;&nbsp;USBD_CtlPrepareRx
<LI><a href="#[138]">&gt;&gt;</a>&nbsp;&nbsp;&nbsp;USBD_CtlReceiveStatus
<LI><a href="#[135]">&gt;&gt;</a>&nbsp;&nbsp;&nbsp;USBD_CtlContinueRx
<LI><a href="#[10]">&gt;&gt;</a>&nbsp;&nbsp;&nbsp;USBD_DataInStage
</UL>

<P><STRONG><a name="[14c]"></a>DCD_EP_SetAddress</STRONG> (Thumb, 28 bytes, Stack size 8 bytes, usb_dcd.o(i.DCD_EP_SetAddress))
<BR><BR>[Stack]<UL><LI>Max Depth = 8<LI>Call Chain = DCD_EP_SetAddress
</UL>
<BR>[Called By]<UL><LI><a href="#[14b]">&gt;&gt;</a>&nbsp;&nbsp;&nbsp;USBD_SetAddress
</UL>

<P><STRONG><a name="[e4]"></a>DCD_EP_Stall</STRONG> (Thumb, 72 bytes, Stack size 16 bytes, usb_dcd.o(i.DCD_EP_Stall))
<BR><BR>[Stack]<UL><LI>Max Depth = 32<LI>Call Chain = DCD_EP_Stall &rArr; USB_OTG_EPSetStall
</UL>
<BR>[Calls]<UL><LI><a href="#[e5]">&gt;&gt;</a>&nbsp;&nbsp;&nbsp;USB_OTG_EPSetStall
</UL>
<BR>[Called By]<UL><LI><a href="#[134]">&gt;&gt;</a>&nbsp;&nbsp;&nbsp;USBD_CtlError
<LI><a href="#[154]">&gt;&gt;</a>&nbsp;&nbsp;&nbsp;USBD_StdEPReq
<LI><a href="#[11]">&gt;&gt;</a>&nbsp;&nbsp;&nbsp;USBD_SetupStage
</UL>

<P><STRONG><a name="[e6]"></a>DCD_EP_Tx</STRONG> (Thumb, 78 bytes, Stack size 24 bytes, usb_dcd.o(i.DCD_EP_Tx))
<BR><BR>[Stack]<UL><LI>Max Depth = 80<LI>Call Chain = DCD_EP_Tx &rArr; USB_OTG_EPStartXfer &rArr; USB_OTG_WritePacket
</UL>
<BR>[Calls]<UL><LI><a href="#[e3]">&gt;&gt;</a>&nbsp;&nbsp;&nbsp;USB_OTG_EPStartXfer
<LI><a href="#[e2]">&gt;&gt;</a>&nbsp;&nbsp;&nbsp;USB_OTG_EP0StartXfer
</UL>
<BR>[Called By]<UL><LI><a href="#[1c]">&gt;&gt;</a>&nbsp;&nbsp;&nbsp;usbd_cdc_DataIn
<LI><a href="#[11a]">&gt;&gt;</a>&nbsp;&nbsp;&nbsp;Handle_USBAsynchXfer
<LI><a href="#[139]">&gt;&gt;</a>&nbsp;&nbsp;&nbsp;USBD_CtlSendData
<LI><a href="#[133]">&gt;&gt;</a>&nbsp;&nbsp;&nbsp;USBD_CtlSendStatus
<LI><a href="#[136]">&gt;&gt;</a>&nbsp;&nbsp;&nbsp;USBD_CtlContinueSendData
</UL>

<P><STRONG><a name="[f7]"></a>DCD_Init</STRONG> (Thumb, 156 bytes, Stack size 24 bytes, usb_dcd.o(i.DCD_Init))
<BR><BR>[Stack]<UL><LI>Max Depth = 104<LI>Call Chain = DCD_Init &rArr; USB_OTG_CoreInitDev &rArr; USB_OTG_FlushTxFifo &rArr; USB_OTG_BSP_uDelay
</UL>
<BR>[Calls]<UL><LI><a href="#[fb]">&gt;&gt;</a>&nbsp;&nbsp;&nbsp;USB_OTG_SetCurrentMode
<LI><a href="#[f8]">&gt;&gt;</a>&nbsp;&nbsp;&nbsp;USB_OTG_SelectCore
<LI><a href="#[fd]">&gt;&gt;</a>&nbsp;&nbsp;&nbsp;USB_OTG_EnableGlobalInt
<LI><a href="#[f9]">&gt;&gt;</a>&nbsp;&nbsp;&nbsp;USB_OTG_DisableGlobalInt
<LI><a href="#[fc]">&gt;&gt;</a>&nbsp;&nbsp;&nbsp;USB_OTG_CoreInitDev
<LI><a href="#[fa]">&gt;&gt;</a>&nbsp;&nbsp;&nbsp;USB_OTG_CoreInit
</UL>
<BR>[Called By]<UL><LI><a href="#[140]">&gt;&gt;</a>&nbsp;&nbsp;&nbsp;USBD_Init
</UL>

<P><STRONG><a name="[48]"></a>DMA1_Stream0_IRQHandler</STRONG> (Thumb, 10 bytes, Stack size 8 bytes, i2c_drv.o(i.DMA1_Stream0_IRQHandler))
<BR><BR>[Stack]<UL><LI>Max Depth = 136<LI>Call Chain = DMA1_Stream0_IRQHandler &rArr; i2cdrvDmaIsrHandler &rArr; i2cNotifyClient &rArr; xQueueGiveFromISR &rArr; prvNotifyQueueSetContainer &rArr; prvCopyDataToQueue &rArr; xTaskPriorityDisinherit
</UL>
<BR>[Calls]<UL><LI><a href="#[ff]">&gt;&gt;</a>&nbsp;&nbsp;&nbsp;i2cdrvDmaIsrHandler
</UL>
<BR>[Address Reference Count : 1]<UL><LI> startup_stm32f411xe.o(RESET)
</UL>
<P><STRONG><a name="[4c]"></a>DMA1_Stream4_IRQHandler</STRONG> (Thumb, 8 bytes, Stack size 8 bytes, nvic.o(i.DMA1_Stream4_IRQHandler))
<BR><BR>[Stack]<UL><LI>Max Depth = 120<LI>Call Chain = DMA1_Stream4_IRQHandler &rArr; ws2812DmaIsr &rArr; xQueueGiveFromISR &rArr; prvNotifyQueueSetContainer &rArr; prvCopyDataToQueue &rArr; xTaskPriorityDisinherit
</UL>
<BR>[Calls]<UL><LI><a href="#[100]">&gt;&gt;</a>&nbsp;&nbsp;&nbsp;ws2812DmaIsr
</UL>
<BR>[Address Reference Count : 1]<UL><LI> startup_stm32f411xe.o(RESET)
</UL>
<P><STRONG><a name="[4e]"></a>DMA1_Stream6_IRQHandler</STRONG> (Thumb, 8 bytes, Stack size 8 bytes, uart_syslink.o(i.DMA1_Stream6_IRQHandler))
<BR><BR>[Stack]<UL><LI>Max Depth = 120<LI>Call Chain = DMA1_Stream6_IRQHandler &rArr; uartslkDmaIsr &rArr; xQueueGiveFromISR &rArr; prvNotifyQueueSetContainer &rArr; prvCopyDataToQueue &rArr; xTaskPriorityDisinherit
</UL>
<BR>[Calls]<UL><LI><a href="#[101]">&gt;&gt;</a>&nbsp;&nbsp;&nbsp;uartslkDmaIsr
</UL>
<BR>[Address Reference Count : 1]<UL><LI> startup_stm32f411xe.o(RESET)
</UL>
<P><STRONG><a name="[211]"></a>DMA_ClearITPendingBit</STRONG> (Thumb, 38 bytes, Stack size 0 bytes, stm32f4xx_dma.o(i.DMA_ClearITPendingBit))
<BR><BR>[Called By]<UL><LI><a href="#[ff]">&gt;&gt;</a>&nbsp;&nbsp;&nbsp;i2cdrvDmaIsrHandler
<LI><a href="#[210]">&gt;&gt;</a>&nbsp;&nbsp;&nbsp;i2cdrvClearDMA
<LI><a href="#[101]">&gt;&gt;</a>&nbsp;&nbsp;&nbsp;uartslkDmaIsr
<LI><a href="#[2df]">&gt;&gt;</a>&nbsp;&nbsp;&nbsp;uartslkPauseDma
<LI><a href="#[100]">&gt;&gt;</a>&nbsp;&nbsp;&nbsp;ws2812DmaIsr
</UL>

<P><STRONG><a name="[1f0]"></a>DMA_Cmd</STRONG> (Thumb, 22 bytes, Stack size 0 bytes, stm32f4xx_dma.o(i.DMA_Cmd))
<BR><BR>[Called By]<UL><LI><a href="#[222]">&gt;&gt;</a>&nbsp;&nbsp;&nbsp;i2cdrvStartTransfer
<LI><a href="#[210]">&gt;&gt;</a>&nbsp;&nbsp;&nbsp;i2cdrvClearDMA
<LI><a href="#[1ed]">&gt;&gt;</a>&nbsp;&nbsp;&nbsp;expModuleDriverInit
<LI><a href="#[22d]">&gt;&gt;</a>&nbsp;&nbsp;&nbsp;ws2812Send
<LI><a href="#[2db]">&gt;&gt;</a>&nbsp;&nbsp;&nbsp;uartslkSendDataDmaBlocking
<LI><a href="#[101]">&gt;&gt;</a>&nbsp;&nbsp;&nbsp;uartslkDmaIsr
<LI><a href="#[2e2]">&gt;&gt;</a>&nbsp;&nbsp;&nbsp;uartslkResumeDma
<LI><a href="#[2df]">&gt;&gt;</a>&nbsp;&nbsp;&nbsp;uartslkPauseDma
<LI><a href="#[100]">&gt;&gt;</a>&nbsp;&nbsp;&nbsp;ws2812DmaIsr
</UL>

<P><STRONG><a name="[1ee]"></a>DMA_DeInit</STRONG> (Thumb, 324 bytes, Stack size 0 bytes, stm32f4xx_dma.o(i.DMA_DeInit))
<BR><BR>[Called By]<UL><LI><a href="#[1ed]">&gt;&gt;</a>&nbsp;&nbsp;&nbsp;expModuleDriverInit
<LI><a href="#[22c]">&gt;&gt;</a>&nbsp;&nbsp;&nbsp;ws2812Init
</UL>

<P><STRONG><a name="[300]"></a>DMA_DoubleBufferModeCmd</STRONG> (Thumb, 22 bytes, Stack size 0 bytes, stm32f4xx_dma.o(i.DMA_DoubleBufferModeCmd))
<BR><BR>[Called By]<UL><LI><a href="#[22c]">&gt;&gt;</a>&nbsp;&nbsp;&nbsp;ws2812Init
</UL>

<P><STRONG><a name="[301]"></a>DMA_DoubleBufferModeConfig</STRONG> (Thumb, 24 bytes, Stack size 0 bytes, stm32f4xx_dma.o(i.DMA_DoubleBufferModeConfig))
<BR><BR>[Called By]<UL><LI><a href="#[22c]">&gt;&gt;</a>&nbsp;&nbsp;&nbsp;ws2812Init
</UL>

<P><STRONG><a name="[2e0]"></a>DMA_GetCmdStatus</STRONG> (Thumb, 20 bytes, Stack size 0 bytes, stm32f4xx_dma.o(i.DMA_GetCmdStatus))
<BR><BR>[Called By]<UL><LI><a href="#[2db]">&gt;&gt;</a>&nbsp;&nbsp;&nbsp;uartslkSendDataDmaBlocking
<LI><a href="#[2df]">&gt;&gt;</a>&nbsp;&nbsp;&nbsp;uartslkPauseDma
</UL>

<P><STRONG><a name="[2e1]"></a>DMA_GetCurrDataCounter</STRONG> (Thumb, 8 bytes, Stack size 0 bytes, stm32f4xx_dma.o(i.DMA_GetCurrDataCounter))
<BR><BR>[Called By]<UL><LI><a href="#[2df]">&gt;&gt;</a>&nbsp;&nbsp;&nbsp;uartslkPauseDma
</UL>

<P><STRONG><a name="[2fc]"></a>DMA_GetCurrentMemoryTarget</STRONG> (Thumb, 20 bytes, Stack size 0 bytes, stm32f4xx_dma.o(i.DMA_GetCurrentMemoryTarget))
<BR><BR>[Called By]<UL><LI><a href="#[100]">&gt;&gt;</a>&nbsp;&nbsp;&nbsp;ws2812DmaIsr
</UL>

<P><STRONG><a name="[215]"></a>DMA_GetFlagStatus</STRONG> (Thumb, 54 bytes, Stack size 12 bytes, stm32f4xx_dma.o(i.DMA_GetFlagStatus))
<BR><BR>[Stack]<UL><LI>Max Depth = 12<LI>Call Chain = DMA_GetFlagStatus
</UL>
<BR>[Called By]<UL><LI><a href="#[ff]">&gt;&gt;</a>&nbsp;&nbsp;&nbsp;i2cdrvDmaIsrHandler
</UL>

<P><STRONG><a name="[2fb]"></a>DMA_GetITStatus</STRONG> (Thumb, 82 bytes, Stack size 16 bytes, stm32f4xx_dma.o(i.DMA_GetITStatus))
<BR><BR>[Stack]<UL><LI>Max Depth = 16<LI>Call Chain = DMA_GetITStatus
</UL>
<BR>[Called By]<UL><LI><a href="#[100]">&gt;&gt;</a>&nbsp;&nbsp;&nbsp;ws2812DmaIsr
</UL>

<P><STRONG><a name="[214]"></a>DMA_ITConfig</STRONG> (Thumb, 58 bytes, Stack size 8 bytes, stm32f4xx_dma.o(i.DMA_ITConfig))
<BR><BR>[Stack]<UL><LI>Max Depth = 8<LI>Call Chain = DMA_ITConfig
</UL>
<BR>[Called By]<UL><LI><a href="#[11c]">&gt;&gt;</a>&nbsp;&nbsp;&nbsp;i2cdrvEventIsrHandler
<LI><a href="#[210]">&gt;&gt;</a>&nbsp;&nbsp;&nbsp;i2cdrvClearDMA
<LI><a href="#[22c]">&gt;&gt;</a>&nbsp;&nbsp;&nbsp;ws2812Init
<LI><a href="#[2db]">&gt;&gt;</a>&nbsp;&nbsp;&nbsp;uartslkSendDataDmaBlocking
<LI><a href="#[101]">&gt;&gt;</a>&nbsp;&nbsp;&nbsp;uartslkDmaIsr
<LI><a href="#[2e2]">&gt;&gt;</a>&nbsp;&nbsp;&nbsp;uartslkResumeDma
<LI><a href="#[2df]">&gt;&gt;</a>&nbsp;&nbsp;&nbsp;uartslkPauseDma
</UL>

<P><STRONG><a name="[1ef]"></a>DMA_Init</STRONG> (Thumb, 82 bytes, Stack size 8 bytes, stm32f4xx_dma.o(i.DMA_Init))
<BR><BR>[Stack]<UL><LI>Max Depth = 8<LI>Call Chain = DMA_Init
</UL>
<BR>[Called By]<UL><LI><a href="#[222]">&gt;&gt;</a>&nbsp;&nbsp;&nbsp;i2cdrvStartTransfer
<LI><a href="#[1ed]">&gt;&gt;</a>&nbsp;&nbsp;&nbsp;expModuleDriverInit
<LI><a href="#[22c]">&gt;&gt;</a>&nbsp;&nbsp;&nbsp;ws2812Init
<LI><a href="#[2db]">&gt;&gt;</a>&nbsp;&nbsp;&nbsp;uartslkSendDataDmaBlocking
</UL>

<P><STRONG><a name="[2e3]"></a>DMA_SetCurrDataCounter</STRONG> (Thumb, 4 bytes, Stack size 0 bytes, stm32f4xx_dma.o(i.DMA_SetCurrDataCounter))
<BR><BR>[Called By]<UL><LI><a href="#[2e2]">&gt;&gt;</a>&nbsp;&nbsp;&nbsp;uartslkResumeDma
</UL>

<P><STRONG><a name="[3a]"></a>DebugMon_Handler</STRONG> (Thumb, 2 bytes, Stack size 0 bytes, nvic.o(i.DebugMon_Handler))
<BR>[Address Reference Count : 1]<UL><LI> startup_stm32f411xe.o(RESET)
</UL>
<P><STRONG><a name="[8e]"></a>EXTI0_Callback</STRONG> (Thumb, 8 bytes, Stack size 8 bytes, uart_syslink.o(i.EXTI0_Callback))
<BR><BR>[Stack]<UL><LI>Max Depth = 32<LI>Call Chain = EXTI0_Callback &rArr; uartslkTxenFlowctrlIsr &rArr; uartslkResumeDma &rArr; DMA_ITConfig
</UL>
<BR>[Calls]<UL><LI><a href="#[102]">&gt;&gt;</a>&nbsp;&nbsp;&nbsp;uartslkTxenFlowctrlIsr
</UL>
<BR>[Called By]<UL><LI><a href="#[43]">&gt;&gt;</a>&nbsp;&nbsp;&nbsp;EXTI0_IRQHandler
</UL>

<P><STRONG><a name="[43]"></a>EXTI0_IRQHandler</STRONG> (Thumb, 14 bytes, Stack size 8 bytes, exti.o(i.EXTI0_IRQHandler))
<BR><BR>[Stack]<UL><LI>Max Depth = 40<LI>Call Chain = EXTI0_IRQHandler &rArr; EXTI0_Callback &rArr; uartslkTxenFlowctrlIsr &rArr; uartslkResumeDma &rArr; DMA_ITConfig
</UL>
<BR>[Calls]<UL><LI><a href="#[103]">&gt;&gt;</a>&nbsp;&nbsp;&nbsp;EXTI_ClearITPendingBit
<LI><a href="#[8e]">&gt;&gt;</a>&nbsp;&nbsp;&nbsp;EXTI0_Callback
</UL>
<BR>[Address Reference Count : 1]<UL><LI> startup_stm32f411xe.o(RESET)
</UL>
<P><STRONG><a name="[105]"></a>EXTI10_Callback</STRONG> (Thumb, 2 bytes, Stack size 0 bytes, exti.o(i.EXTI10_Callback))
<BR><BR>[Called By]<UL><LI><a href="#[60]">&gt;&gt;</a>&nbsp;&nbsp;&nbsp;EXTI15_10_IRQHandler
</UL>

<P><STRONG><a name="[106]"></a>EXTI11_Callback</STRONG> (Thumb, 2 bytes, Stack size 0 bytes, exti.o(i.EXTI11_Callback))
<BR><BR>[Called By]<UL><LI><a href="#[60]">&gt;&gt;</a>&nbsp;&nbsp;&nbsp;EXTI15_10_IRQHandler
</UL>

<P><STRONG><a name="[107]"></a>EXTI12_Callback</STRONG> (Thumb, 2 bytes, Stack size 0 bytes, exti.o(i.EXTI12_Callback))
<BR><BR>[Called By]<UL><LI><a href="#[60]">&gt;&gt;</a>&nbsp;&nbsp;&nbsp;EXTI15_10_IRQHandler
</UL>

<P><STRONG><a name="[108]"></a>EXTI13_Callback</STRONG> (Thumb, 2 bytes, Stack size 0 bytes, exti.o(i.EXTI13_Callback))
<BR><BR>[Called By]<UL><LI><a href="#[60]">&gt;&gt;</a>&nbsp;&nbsp;&nbsp;EXTI15_10_IRQHandler
</UL>

<P><STRONG><a name="[109]"></a>EXTI14_Callback</STRONG> (Thumb, 2 bytes, Stack size 0 bytes, exti.o(i.EXTI14_Callback))
<BR><BR>[Called By]<UL><LI><a href="#[60]">&gt;&gt;</a>&nbsp;&nbsp;&nbsp;EXTI15_10_IRQHandler
</UL>

<P><STRONG><a name="[60]"></a>EXTI15_10_IRQHandler</STRONG> (Thumb, 136 bytes, Stack size 8 bytes, exti.o(i.EXTI15_10_IRQHandler))
<BR><BR>[Stack]<UL><LI>Max Depth = 8<LI>Call Chain = EXTI15_10_IRQHandler
</UL>
<BR>[Calls]<UL><LI><a href="#[10a]">&gt;&gt;</a>&nbsp;&nbsp;&nbsp;EXTI15_Callback
<LI><a href="#[109]">&gt;&gt;</a>&nbsp;&nbsp;&nbsp;EXTI14_Callback
<LI><a href="#[108]">&gt;&gt;</a>&nbsp;&nbsp;&nbsp;EXTI13_Callback
<LI><a href="#[107]">&gt;&gt;</a>&nbsp;&nbsp;&nbsp;EXTI12_Callback
<LI><a href="#[106]">&gt;&gt;</a>&nbsp;&nbsp;&nbsp;EXTI11_Callback
<LI><a href="#[105]">&gt;&gt;</a>&nbsp;&nbsp;&nbsp;EXTI10_Callback
<LI><a href="#[104]">&gt;&gt;</a>&nbsp;&nbsp;&nbsp;EXTI_GetITStatus
<LI><a href="#[103]">&gt;&gt;</a>&nbsp;&nbsp;&nbsp;EXTI_ClearITPendingBit
</UL>
<BR>[Address Reference Count : 1]<UL><LI> startup_stm32f411xe.o(RESET)
</UL>
<P><STRONG><a name="[10a]"></a>EXTI15_Callback</STRONG> (Thumb, 2 bytes, Stack size 0 bytes, exti.o(i.EXTI15_Callback))
<BR><BR>[Called By]<UL><LI><a href="#[60]">&gt;&gt;</a>&nbsp;&nbsp;&nbsp;EXTI15_10_IRQHandler
</UL>

<P><STRONG><a name="[10b]"></a>EXTI1_Callback</STRONG> (Thumb, 2 bytes, Stack size 0 bytes, exti.o(i.EXTI1_Callback))
<BR><BR>[Called By]<UL><LI><a href="#[44]">&gt;&gt;</a>&nbsp;&nbsp;&nbsp;EXTI1_IRQHandler
</UL>

<P><STRONG><a name="[44]"></a>EXTI1_IRQHandler</STRONG> (Thumb, 14 bytes, Stack size 8 bytes, exti.o(i.EXTI1_IRQHandler))
<BR><BR>[Stack]<UL><LI>Max Depth = 8<LI>Call Chain = EXTI1_IRQHandler
</UL>
<BR>[Calls]<UL><LI><a href="#[10b]">&gt;&gt;</a>&nbsp;&nbsp;&nbsp;EXTI1_Callback
<LI><a href="#[103]">&gt;&gt;</a>&nbsp;&nbsp;&nbsp;EXTI_ClearITPendingBit
</UL>
<BR>[Address Reference Count : 1]<UL><LI> startup_stm32f411xe.o(RESET)
</UL>
<P><STRONG><a name="[10c]"></a>EXTI2_Callback</STRONG> (Thumb, 2 bytes, Stack size 0 bytes, exti.o(i.EXTI2_Callback))
<BR><BR>[Called By]<UL><LI><a href="#[45]">&gt;&gt;</a>&nbsp;&nbsp;&nbsp;EXTI2_IRQHandler
</UL>

<P><STRONG><a name="[45]"></a>EXTI2_IRQHandler</STRONG> (Thumb, 14 bytes, Stack size 8 bytes, exti.o(i.EXTI2_IRQHandler))
<BR><BR>[Stack]<UL><LI>Max Depth = 8<LI>Call Chain = EXTI2_IRQHandler
</UL>
<BR>[Calls]<UL><LI><a href="#[10c]">&gt;&gt;</a>&nbsp;&nbsp;&nbsp;EXTI2_Callback
<LI><a href="#[103]">&gt;&gt;</a>&nbsp;&nbsp;&nbsp;EXTI_ClearITPendingBit
</UL>
<BR>[Address Reference Count : 1]<UL><LI> startup_stm32f411xe.o(RESET)
</UL>
<P><STRONG><a name="[10d]"></a>EXTI3_Callback</STRONG> (Thumb, 2 bytes, Stack size 0 bytes, exti.o(i.EXTI3_Callback))
<BR><BR>[Called By]<UL><LI><a href="#[46]">&gt;&gt;</a>&nbsp;&nbsp;&nbsp;EXTI3_IRQHandler
</UL>

<P><STRONG><a name="[46]"></a>EXTI3_IRQHandler</STRONG> (Thumb, 14 bytes, Stack size 8 bytes, exti.o(i.EXTI3_IRQHandler))
<BR><BR>[Stack]<UL><LI>Max Depth = 8<LI>Call Chain = EXTI3_IRQHandler
</UL>
<BR>[Calls]<UL><LI><a href="#[10d]">&gt;&gt;</a>&nbsp;&nbsp;&nbsp;EXTI3_Callback
<LI><a href="#[103]">&gt;&gt;</a>&nbsp;&nbsp;&nbsp;EXTI_ClearITPendingBit
</UL>
<BR>[Address Reference Count : 1]<UL><LI> startup_stm32f411xe.o(RESET)
</UL>
<P><STRONG><a name="[8f]"></a>EXTI4_Callback</STRONG> (Thumb, 38 bytes, Stack size 8 bytes, sensors.o(i.EXTI4_Callback))
<BR><BR>[Stack]<UL><LI>Max Depth = 112<LI>Call Chain = EXTI4_Callback &rArr; xQueueGiveFromISR &rArr; prvNotifyQueueSetContainer &rArr; prvCopyDataToQueue &rArr; xTaskPriorityDisinherit
</UL>
<BR>[Calls]<UL><LI><a href="#[10e]">&gt;&gt;</a>&nbsp;&nbsp;&nbsp;xQueueGiveFromISR
</UL>
[...]
</UL>

<P><STRONG><a name="[1b2]"></a>sendSenser</STRONG> (Thumb, 362 bytes, Stack size 72 bytes, atkp.o(i.sendSenser))
<BR><BR>[Stack]<UL><LI>Max Depth = 232 + Unknown Stack Size
<LI>Call Chain = sendSenser &rArr; atkpSendPacket &rArr; usblinkSendPacket &rArr; xQueueGenericSend &rArr; prvUnlockQueue &rArr; prvNotifyQueueSetContainer &rArr; prvCopyDataToQueue &rArr; xTaskPriorityDisinherit
</UL>
<BR>[Calls]<UL><LI><a href="#[1a9]">&gt;&gt;</a>&nbsp;&nbsp;&nbsp;atkpSendPacket
</UL>
<BR>[Called By]<UL><LI><a href="#[1ad]">&gt;&gt;</a>&nbsp;&nbsp;&nbsp;atkpSendPeriod
</UL>

<P><STRONG><a name="[1b9]"></a>sendSenser2</STRONG> (Thumb, 90 bytes, Stack size 48 bytes, atkp.o(i.sendSenser2))
<BR><BR>[Stack]<UL><LI>Max Depth = 208 + Unknown Stack Size
<LI>Call Chain = sendSenser2 &rArr; atkpSendPacket &rArr; usblinkSendPacket &rArr; xQueueGenericSend &rArr; prvUnlockQueue &rArr; prvNotifyQueueSetContainer &rArr; prvCopyDataToQueue &rArr; xTaskPriorityDisinherit
</UL>
<BR>[Calls]<UL><LI><a href="#[1a9]">&gt;&gt;</a>&nbsp;&nbsp;&nbsp;atkpSendPacket
</UL>
<BR>[Called By]<UL><LI><a href="#[1ad]">&gt;&gt;</a>&nbsp;&nbsp;&nbsp;atkpSendPeriod
</UL>

<P><STRONG><a name="[1b0]"></a>sendStatus</STRONG> (Thumb, 268 bytes, Stack size 80 bytes, atkp.o(i.sendStatus))
<BR><BR>[Stack]<UL><LI>Max Depth = 240 + Unknown Stack Size
<LI>Call Chain = sendStatus &rArr; atkpSendPacket &rArr; usblinkSendPacket &rArr; xQueueGenericSend &rArr; prvUnlockQueue &rArr; prvNotifyQueueSetContainer &rArr; prvCopyDataToQueue &rArr; xTaskPriorityDisinherit
</UL>
<BR>[Calls]<UL><LI><a href="#[1a9]">&gt;&gt;</a>&nbsp;&nbsp;&nbsp;atkpSendPacket
</UL>
<BR>[Called By]<UL><LI><a href="#[1ad]">&gt;&gt;</a>&nbsp;&nbsp;&nbsp;atkpSendPeriod
</UL>

<P><STRONG><a name="[1d4]"></a>commanderDropToGround</STRONG> (Thumb, 36 bytes, Stack size 8 bytes, commander.o(i.commanderDropToGround))
<BR><BR>[Stack]<UL><LI>Max Depth = 8<LI>Call Chain = commanderDropToGround
</UL>
<BR>[Calls]<UL><LI><a href="#[1d5]">&gt;&gt;</a>&nbsp;&nbsp;&nbsp;commanderLevelRPY
</UL>
<BR>[Called By]<UL><LI><a href="#[1d7]">&gt;&gt;</a>&nbsp;&nbsp;&nbsp;ctrlDataCacheUpdate
</UL>

<P><STRONG><a name="[1d5]"></a>commanderLevelRPY</STRONG> (Thumb, 104 bytes, Stack size 0 bytes, commander.o(i.commanderLevelRPY))
<BR><BR>[Called By]<UL><LI><a href="#[1d7]">&gt;&gt;</a>&nbsp;&nbsp;&nbsp;ctrlDataCacheUpdate
<LI><a href="#[1d4]">&gt;&gt;</a>&nbsp;&nbsp;&nbsp;commanderDropToGround
</UL>

<P><STRONG><a name="[1d7]"></a>ctrlDataCacheUpdate</STRONG> (Thumb, 108 bytes, Stack size 8 bytes, commander.o(i.ctrlDataCacheUpdate))
<BR><BR>[Stack]<UL><LI>Max Depth = 16<LI>Call Chain = ctrlDataCacheUpdate &rArr; getSysTickCnt
</UL>
<BR>[Calls]<UL><LI><a href="#[1e3]">&gt;&gt;</a>&nbsp;&nbsp;&nbsp;getSysTickCnt
<LI><a href="#[1d5]">&gt;&gt;</a>&nbsp;&nbsp;&nbsp;commanderLevelRPY
<LI><a href="#[1d4]">&gt;&gt;</a>&nbsp;&nbsp;&nbsp;commanderDropToGround
</UL>
<BR>[Called By]<UL><LI><a href="#[1d6]">&gt;&gt;</a>&nbsp;&nbsp;&nbsp;commanderGetSetpoint
</UL>

<P><STRONG><a name="[1d9]"></a>rotateYawCarefree</STRONG> (Thumb, 96 bytes, Stack size 40 bytes, commander.o(i.rotateYawCarefree))
<BR><BR>[Stack]<UL><LI>Max Depth = 76<LI>Call Chain = rotateYawCarefree &rArr; __hardfp_sinf &rArr; __mathlib_rredf2
</UL>
<BR>[Calls]<UL><LI><a href="#[183]">&gt;&gt;</a>&nbsp;&nbsp;&nbsp;__hardfp_sinf
<LI><a href="#[16c]">&gt;&gt;</a>&nbsp;&nbsp;&nbsp;__hardfp_cosf
</UL>
<BR>[Called By]<UL><LI><a href="#[1d6]">&gt;&gt;</a>&nbsp;&nbsp;&nbsp;commanderGetSetpoint
</UL>

<P><STRONG><a name="[231]"></a>getPrio</STRONG> (Thumb, 32 bytes, Stack size 0 bytes, ledseq.o(i.getPrio))
<BR><BR>[Called By]<UL><LI><a href="#[233]">&gt;&gt;</a>&nbsp;&nbsp;&nbsp;ledseqStop
<LI><a href="#[197]">&gt;&gt;</a>&nbsp;&nbsp;&nbsp;ledseqRun
</UL>

<P><STRONG><a name="[7c]"></a>runLedseq</STRONG> (Thumb, 256 bytes, Stack size 32 bytes, ledseq.o(i.runLedseq))
<BR><BR>[Stack]<UL><LI>Max Depth = 216<LI>Call Chain = runLedseq &rArr; xTimerGenericCommand &rArr; xQueueGenericSend &rArr; prvUnlockQueue &rArr; prvNotifyQueueSetContainer &rArr; prvCopyDataToQueue &rArr; xTaskPriorityDisinherit
</UL>
<BR>[Calls]<UL><LI><a href="#[1a8]">&gt;&gt;</a>&nbsp;&nbsp;&nbsp;xQueueGenericSend
<LI><a href="#[198]">&gt;&gt;</a>&nbsp;&nbsp;&nbsp;xQueueGenericReceive
<LI><a href="#[d9]">&gt;&gt;</a>&nbsp;&nbsp;&nbsp;ledSet
<LI><a href="#[1fa]">&gt;&gt;</a>&nbsp;&nbsp;&nbsp;xTimerGenericCommand
<LI><a href="#[1f9]">&gt;&gt;</a>&nbsp;&nbsp;&nbsp;xTaskGetTickCount
<LI><a href="#[2a5]">&gt;&gt;</a>&nbsp;&nbsp;&nbsp;pvTimerGetTimerID
<LI><a href="#[232]">&gt;&gt;</a>&nbsp;&nbsp;&nbsp;updateActive
</UL>
<BR>[Called By]<UL><LI><a href="#[233]">&gt;&gt;</a>&nbsp;&nbsp;&nbsp;ledseqStop
<LI><a href="#[197]">&gt;&gt;</a>&nbsp;&nbsp;&nbsp;ledseqRun
</UL>
<BR>[Address Reference Count : 1]<UL><LI> ledseq.o(i.ledseqInit)
</UL>
<P><STRONG><a name="[232]"></a>updateActive</STRONG> (Thumb, 62 bytes, Stack size 16 bytes, ledseq.o(i.updateActive))
<BR><BR>[Stack]<UL><LI>Max Depth = 32<LI>Call Chain = updateActive &rArr; ledSet
</UL>
<BR>[Calls]<UL><LI><a href="#[d9]">&gt;&gt;</a>&nbsp;&nbsp;&nbsp;ledSet
</UL>
<BR>[Called By]<UL><LI><a href="#[233]">&gt;&gt;</a>&nbsp;&nbsp;&nbsp;ledseqStop
<LI><a href="#[197]">&gt;&gt;</a>&nbsp;&nbsp;&nbsp;ledseqRun
<LI><a href="#[7c]">&gt;&gt;</a>&nbsp;&nbsp;&nbsp;runLedseq
</UL>

<P><STRONG><a name="[268]"></a>pmSetBatteryVoltage</STRONG> (Thumb, 48 bytes, Stack size 0 bytes, pm.o(i.pmSetBatteryVoltage))
<BR><BR>[Called By]<UL><LI><a href="#[267]">&gt;&gt;</a>&nbsp;&nbsp;&nbsp;pmInit
<LI><a href="#[1a0]">&gt;&gt;</a>&nbsp;&nbsp;&nbsp;pmSyslinkUpdate
</UL>

<P><STRONG><a name="[195]"></a>atkpPacketDispatch</STRONG> (Thumb, 76 bytes, Stack size 8 bytes, radiolink.o(i.atkpPacketDispatch))
<BR><BR>[Stack]<UL><LI>Max Depth = 240 + Unknown Stack Size
<LI>Call Chain = atkpPacketDispatch &rArr; ledseqRun &rArr; runLedseq &rArr; xTimerGenericCommand &rArr; xQueueGenericSend &rArr; prvUnlockQueue &rArr; prvNotifyQueueSetContainer &rArr; prvCopyDataToQueue &rArr; xTaskPriorityDisinherit
</UL>
<BR>[Calls]<UL><LI><a href="#[198]">&gt;&gt;</a>&nbsp;&nbsp;&nbsp;xQueueGenericReceive
<LI><a href="#[192]">&gt;&gt;</a>&nbsp;&nbsp;&nbsp;assertFail
<LI><a href="#[199]">&gt;&gt;</a>&nbsp;&nbsp;&nbsp;uartSendPacket
<LI><a href="#[197]">&gt;&gt;</a>&nbsp;&nbsp;&nbsp;ledseqRun
<LI><a href="#[196]">&gt;&gt;</a>&nbsp;&nbsp;&nbsp;atkpReceivePacketBlocking
</UL>
<BR>[Called By]<UL><LI><a href="#[7f]">&gt;&gt;</a>&nbsp;&nbsp;&nbsp;radiolinkTask
</UL>

<P><STRONG><a name="[199]"></a>uartSendPacket</STRONG> (Thumb, 98 bytes, Stack size 56 bytes, radiolink.o(i.uartSendPacket))
<BR><BR>[Stack]<UL><LI>Max Depth = 216 + Unknown Stack Size
<LI>Call Chain = uartSendPacket &rArr; uartslkSendDataDmaBlocking &rArr; xQueueGenericSend &rArr; prvUnlockQueue &rArr; prvNotifyQueueSetContainer &rArr; prvCopyDataToQueue &rArr; xTaskPriorityDisinherit
</UL>
<BR>[Calls]<UL><LI><a href="#[192]">&gt;&gt;</a>&nbsp;&nbsp;&nbsp;assertFail
<LI><a href="#[2db]">&gt;&gt;</a>&nbsp;&nbsp;&nbsp;uartslkSendDataDmaBlocking
<LI><a href="#[200]">&gt;&gt;</a>&nbsp;&nbsp;&nbsp;__aeabi_memcpy
</UL>
<BR>[Called By]<UL><LI><a href="#[195]">&gt;&gt;</a>&nbsp;&nbsp;&nbsp;atkpPacketDispatch
</UL>

<P><STRONG><a name="[2f7]"></a>wifiCmdProcess</STRONG> (Thumb, 128 bytes, Stack size 16 bytes, wifi_ctrl.o(i.wifiCmdProcess))
<BR><BR>[Stack]<UL><LI>Max Depth = 16<LI>Call Chain = wifiCmdProcess
</UL>
<BR>[Calls]<UL><LI><a href="#[18f]">&gt;&gt;</a>&nbsp;&nbsp;&nbsp;setCommanderKeyland
<LI><a href="#[18d]">&gt;&gt;</a>&nbsp;&nbsp;&nbsp;setCommanderKeyFlight
<LI><a href="#[2ad]">&gt;&gt;</a>&nbsp;&nbsp;&nbsp;setCommanderFlightmode
<LI><a href="#[2f8]">&gt;&gt;</a>&nbsp;&nbsp;&nbsp;setCommanderEmerStop
<LI><a href="#[2ac]">&gt;&gt;</a>&nbsp;&nbsp;&nbsp;setCommanderAltholdMode
<LI><a href="#[18b]">&gt;&gt;</a>&nbsp;&nbsp;&nbsp;getCommanderAltholdMode
</UL>
<BR>[Called By]<UL><LI><a href="#[2f9]">&gt;&gt;</a>&nbsp;&nbsp;&nbsp;wifiDataHandle
</UL>

<P><STRONG><a name="[2fa]"></a>wifiDataCrc</STRONG> (Thumb, 36 bytes, Stack size 0 bytes, wifi_ctrl.o(i.wifiDataCrc))
<BR><BR>[Called By]<UL><LI><a href="#[88]">&gt;&gt;</a>&nbsp;&nbsp;&nbsp;wifiLinkTask
</UL>

<P><STRONG><a name="[2f9]"></a>wifiDataHandle</STRONG> (Thumb, 228 bytes, Stack size 48 bytes, wifi_ctrl.o(i.wifiDataHandle))
<BR><BR>[Stack]<UL><LI>Max Depth = 80<LI>Call Chain = wifiDataHandle &rArr; flightCtrldataCache &rArr; getSysTickCnt
</UL>
<BR>[Calls]<UL><LI><a href="#[2f7]">&gt;&gt;</a>&nbsp;&nbsp;&nbsp;wifiCmdProcess
<LI><a href="#[18f]">&gt;&gt;</a>&nbsp;&nbsp;&nbsp;setCommanderKeyland
<LI><a href="#[18d]">&gt;&gt;</a>&nbsp;&nbsp;&nbsp;setCommanderKeyFlight
<LI><a href="#[2ac]">&gt;&gt;</a>&nbsp;&nbsp;&nbsp;setCommanderAltholdMode
<LI><a href="#[1ff]">&gt;&gt;</a>&nbsp;&nbsp;&nbsp;flightCtrldataCache
<LI><a href="#[200]">&gt;&gt;</a>&nbsp;&nbsp;&nbsp;__aeabi_memcpy
</UL>
<BR>[Called By]<UL><LI><a href="#[88]">&gt;&gt;</a>&nbsp;&nbsp;&nbsp;wifiLinkTask
</UL>

<P><STRONG><a name="[18c]"></a>detecFreeFall</STRONG> (Thumb, 186 bytes, Stack size 32 bytes, anomal_detec.o(i.detecFreeFall))
<BR><BR>[Stack]<UL><LI>Max Depth = 64<LI>Call Chain = detecFreeFall &rArr; __aeabi_cdcmple
</UL>
<BR>[Calls]<UL><LI><a href="#[1e5]">&gt;&gt;</a>&nbsp;&nbsp;&nbsp;__hardfp_fabs
<LI><a href="#[1be]">&gt;&gt;</a>&nbsp;&nbsp;&nbsp;__aeabi_f2d
<LI><a href="#[17e]">&gt;&gt;</a>&nbsp;&nbsp;&nbsp;__aeabi_cdrcmple
<LI><a href="#[1bf]">&gt;&gt;</a>&nbsp;&nbsp;&nbsp;__aeabi_cdcmple
</UL>
<BR>[Called By]<UL><LI><a href="#[18a]">&gt;&gt;</a>&nbsp;&nbsp;&nbsp;anomalDetec
</UL>

<P><STRONG><a name="[18e]"></a>detecTumbled</STRONG> (Thumb, 200 bytes, Stack size 40 bytes, anomal_detec.o(i.detecTumbled))
<BR><BR>[Stack]<UL><LI>Max Depth = 72<LI>Call Chain = detecTumbled &rArr; __aeabi_d2f
</UL>
<BR>[Calls]<UL><LI><a href="#[1e5]">&gt;&gt;</a>&nbsp;&nbsp;&nbsp;__hardfp_fabs
<LI><a href="#[1be]">&gt;&gt;</a>&nbsp;&nbsp;&nbsp;__aeabi_f2d
<LI><a href="#[1a2]">&gt;&gt;</a>&nbsp;&nbsp;&nbsp;__aeabi_d2f
</UL>
<BR>[Called By]<UL><LI><a href="#[18a]">&gt;&gt;</a>&nbsp;&nbsp;&nbsp;anomalDetec
</UL>

<P><STRONG><a name="[1c4]"></a>pidOutLimit</STRONG> (Thumb, 50 bytes, Stack size 0 bytes, attitude_pid.o(i.pidOutLimit))
<BR><BR>[Called By]<UL><LI><a href="#[1c3]">&gt;&gt;</a>&nbsp;&nbsp;&nbsp;attitudeRatePID
</UL>

<P><STRONG><a name="[189]"></a>detecWeight</STRONG> (Thumb, 456 bytes, Stack size 40 bytes, position_pid.o(i.detecWeight))
<BR><BR>[Stack]<UL><LI>Max Depth = 72<LI>Call Chain = detecWeight &rArr; __aeabi_cdcmple
</UL>
<BR>[Calls]<UL><LI><a href="#[1e9]">&gt;&gt;</a>&nbsp;&nbsp;&nbsp;limitThrustBase
<LI><a href="#[1e5]">&gt;&gt;</a>&nbsp;&nbsp;&nbsp;__hardfp_fabs
<LI><a href="#[1be]">&gt;&gt;</a>&nbsp;&nbsp;&nbsp;__aeabi_f2d
<LI><a href="#[17e]">&gt;&gt;</a>&nbsp;&nbsp;&nbsp;__aeabi_cdrcmple
<LI><a href="#[1bf]">&gt;&gt;</a>&nbsp;&nbsp;&nbsp;__aeabi_cdcmple
</UL>
<BR>[Called By]<UL><LI><a href="#[186]">&gt;&gt;</a>&nbsp;&nbsp;&nbsp;altholdPID
</UL>

<P><STRONG><a name="[1e9]"></a>limitThrustBase</STRONG> (Thumb, 50 bytes, Stack size 0 bytes, position_pid.o(i.limitThrustBase))
<BR><BR>[Called By]<UL><LI><a href="#[19e]">&gt;&gt;</a>&nbsp;&nbsp;&nbsp;positionControlInit
<LI><a href="#[187]">&gt;&gt;</a>&nbsp;&nbsp;&nbsp;runPidZ
<LI><a href="#[189]">&gt;&gt;</a>&nbsp;&nbsp;&nbsp;detecWeight
</UL>

<P><STRONG><a name="[187]"></a>runPidZ</STRONG> (Thumb, 156 bytes, Stack size 32 bytes, position_pid.o(i.runPidZ))
<BR><BR>[Stack]<UL><LI>Max Depth = 40<LI>Call Chain = runPidZ &rArr; positionResetAllPID
</UL>
<BR>[Calls]<UL><LI><a href="#[1bd]">&gt;&gt;</a>&nbsp;&nbsp;&nbsp;pidUpdate
<LI><a href="#[26b]">&gt;&gt;</a>&nbsp;&nbsp;&nbsp;positionResetAllPID
<LI><a href="#[1e9]">&gt;&gt;</a>&nbsp;&nbsp;&nbsp;limitThrustBase
</UL>
<BR>[Called By]<UL><LI><a href="#[186]">&gt;&gt;</a>&nbsp;&nbsp;&nbsp;altholdPID
</UL>

<P><STRONG><a name="[228]"></a>invSqrt</STRONG> (Thumb, 56 bytes, Stack size 0 bytes, sensfusion6.o(i.invSqrt))
<BR><BR>[Called By]<UL><LI><a href="#[227]">&gt;&gt;</a>&nbsp;&nbsp;&nbsp;imuUpdate
</UL>

<P><STRONG><a name="[190]"></a>applyAxis3fLpf</STRONG> (Thumb, 54 bytes, Stack size 16 bytes, sensors.o(i.applyAxis3fLpf))
<BR><BR>[Stack]<UL><LI>Max Depth = 16<LI>Call Chain = applyAxis3fLpf
</UL>
<BR>[Calls]<UL><LI><a href="#[191]">&gt;&gt;</a>&nbsp;&nbsp;&nbsp;lpf2pApply
</UL>
<BR>[Called By]<UL><LI><a href="#[271]">&gt;&gt;</a>&nbsp;&nbsp;&nbsp;processAccGyroMeasurements
</UL>

<P><STRONG><a name="[273]"></a>processAccScale</STRONG> (Thumb, 194 bytes, Stack size 24 bytes, sensors.o(i.processAccScale))
<BR><BR>[Stack]<UL><LI>Max Depth = 64<LI>Call Chain = processAccScale &rArr; __hardfp_powf &rArr; __set_errno
</UL>
<BR>[Calls]<UL><LI><a href="#[184]">&gt;&gt;</a>&nbsp;&nbsp;&nbsp;__hardfp_sqrtf
<LI><a href="#[180]">&gt;&gt;</a>&nbsp;&nbsp;&nbsp;__hardfp_powf
</UL>
<BR>[Called By]<UL><LI><a href="#[271]">&gt;&gt;</a>&nbsp;&nbsp;&nbsp;processAccGyroMeasurements
</UL>

<P><STRONG><a name="[272]"></a>processGyroBias</STRONG> (Thumb, 82 bytes, Stack size 24 bytes, sensors.o(i.processGyroBias))
<BR><BR>[Stack]<UL><LI>Max Depth = 256<LI>Call Chain = processGyroBias &rArr; ledseqRun &rArr; runLedseq &rArr; xTimerGenericCommand &rArr; xQueueGenericSend &rArr; prvUnlockQueue &rArr; prvNotifyQueueSetContainer &rArr; prvCopyDataToQueue &rArr; xTaskPriorityDisinherit
</UL>
<BR>[Calls]<UL><LI><a href="#[197]">&gt;&gt;</a>&nbsp;&nbsp;&nbsp;ledseqRun
<LI><a href="#[277]">&gt;&gt;</a>&nbsp;&nbsp;&nbsp;sensorsFindBiasValue
<LI><a href="#[276]">&gt;&gt;</a>&nbsp;&nbsp;&nbsp;sensorsAddBiasValue
</UL>
<BR>[Called By]<UL><LI><a href="#[271]">&gt;&gt;</a>&nbsp;&nbsp;&nbsp;processAccGyroMeasurements
</UL>

<P><STRONG><a name="[276]"></a>sensorsAddBiasValue</STRONG> (Thumb, 46 bytes, Stack size 12 bytes, sensors.o(i.sensorsAddBiasValue))
<BR><BR>[Stack]<UL><LI>Max Depth = 12<LI>Call Chain = sensorsAddBiasValue
</UL>
<BR>[Called By]<UL><LI><a href="#[272]">&gt;&gt;</a>&nbsp;&nbsp;&nbsp;processGyroBias
</UL>

<P><STRONG><a name="[2bd]"></a>sensorsBiasObjInit</STRONG> (Thumb, 12 bytes, Stack size 0 bytes, sensors.o(i.sensorsBiasObjInit))
<BR><BR>[Called By]<UL><LI><a href="#[2bc]">&gt;&gt;</a>&nbsp;&nbsp;&nbsp;sensorsInit
</UL>

<P><STRONG><a name="[2b7]"></a>sensorsCalculateVarianceAndMean</STRONG> (Thumb, 452 bytes, Stack size 88 bytes, sensors.o(i.sensorsCalculateVarianceAndMean))
<BR><BR>[Stack]<UL><LI>Max Depth = 96<LI>Call Chain = sensorsCalculateVarianceAndMean &rArr; __aeabi_ldivmod
</UL>
<BR>[Calls]<UL><LI><a href="#[2b9]">&gt;&gt;</a>&nbsp;&nbsp;&nbsp;__aeabi_l2f
<LI><a href="#[2b8]">&gt;&gt;</a>&nbsp;&nbsp;&nbsp;__aeabi_memclr4
<LI><a href="#[1c8]">&gt;&gt;</a>&nbsp;&nbsp;&nbsp;__aeabi_ldivmod
</UL>
<BR>[Called By]<UL><LI><a href="#[277]">&gt;&gt;</a>&nbsp;&nbsp;&nbsp;sensorsFindBiasValue
</UL>

<P><STRONG><a name="[277]"></a>sensorsFindBiasValue</STRONG> (Thumb, 122 bytes, Stack size 40 bytes, sensors.o(i.sensorsFindBiasValue))
<BR><BR>[Stack]<UL><LI>Max Depth = 136<LI>Call Chain = sensorsFindBiasValue &rArr; sensorsCalculateVarianceAndMean &rArr; __aeabi_ldivmod
</UL>
<BR>[Calls]<UL><LI><a href="#[2b7]">&gt;&gt;</a>&nbsp;&nbsp;&nbsp;sensorsCalculateVarianceAndMean
</UL>
<BR>[Called By]<UL><LI><a href="#[272]">&gt;&gt;</a>&nbsp;&nbsp;&nbsp;processGyroBias
</UL>

<P><STRONG><a name="[2be]"></a>sensorsInterruptInit</STRONG> (Thumb, 96 bytes, Stack size 24 bytes, sensors.o(i.sensorsInterruptInit))
<BR><BR>[Stack]<UL><LI>Max Depth = 44<LI>Call Chain = sensorsInterruptInit &rArr; GPIO_Init
</UL>
<BR>[Calls]<UL><LI><a href="#[158]">&gt;&gt;</a>&nbsp;&nbsp;&nbsp;GPIO_Init
<LI><a href="#[103]">&gt;&gt;</a>&nbsp;&nbsp;&nbsp;EXTI_ClearITPendingBit
<LI><a href="#[2c0]">&gt;&gt;</a>&nbsp;&nbsp;&nbsp;EXTI_Init
<LI><a href="#[2bf]">&gt;&gt;</a>&nbsp;&nbsp;&nbsp;SYSCFG_EXTILineConfig
</UL>
<BR>[Called By]<UL><LI><a href="#[2bc]">&gt;&gt;</a>&nbsp;&nbsp;&nbsp;sensorsInit
</UL>

<P><STRONG><a name="[2c1]"></a>sensorsSetupSlaveRead</STRONG> (Thumb, 156 bytes, Stack size 8 bytes, sensors.o(i.sensorsSetupSlaveRead))
<BR><BR>[Stack]<UL><LI>Max Depth = 456 + Unknown Stack Size
<LI>Call Chain = sensorsSetupSlaveRead &rArr; mpu6500SetSlaveDataLength &rArr; i2cdevWriteBits &rArr; i2cdevWriteByte &rArr; i2cdevWrite &rArr; i2cdrvMessageTransfer &rArr; i2cdrvTryToRestartBus &rArr; i2cdrvInitBus &rArr; xQueueCreateMutex &rArr; xQueueGenericCreate &rArr; pvPortMalloc &rArr; vApplicationMallocFailedHook &rArr; __2printf &rArr; _printf_char_file &rArr; _printf_char_common &rArr; __printf
</UL>
<BR>[Calls]<UL><LI><a href="#[264]">&gt;&gt;</a>&nbsp;&nbsp;&nbsp;mpu6500SetWaitForExternalSensorEnabled
<LI><a href="#[261]">&gt;&gt;</a>&nbsp;&nbsp;&nbsp;mpu6500SetSlaveRegister
<LI><a href="#[260]">&gt;&gt;</a>&nbsp;&nbsp;&nbsp;mpu6500SetSlaveReadWriteTransitionEnabled
<LI><a href="#[25f]">&gt;&gt;</a>&nbsp;&nbsp;&nbsp;mpu6500SetSlaveEnabled
<LI><a href="#[25e]">&gt;&gt;</a>&nbsp;&nbsp;&nbsp;mpu6500SetSlaveDelayEnabled
<LI><a href="#[25d]">&gt;&gt;</a>&nbsp;&nbsp;&nbsp;mpu6500SetSlaveDataLength
<LI><a href="#[25c]">&gt;&gt;</a>&nbsp;&nbsp;&nbsp;mpu6500SetSlaveAddress
<LI><a href="#[25b]">&gt;&gt;</a>&nbsp;&nbsp;&nbsp;mpu6500SetSlave4MasterDelay
<LI><a href="#[259]">&gt;&gt;</a>&nbsp;&nbsp;&nbsp;mpu6500SetMasterClockSpeed
<LI><a href="#[258]">&gt;&gt;</a>&nbsp;&nbsp;&nbsp;mpu6500SetInterruptMode
<LI><a href="#[257]">&gt;&gt;</a>&nbsp;&nbsp;&nbsp;mpu6500SetInterruptLatchClear
<LI><a href="#[256]">&gt;&gt;</a>&nbsp;&nbsp;&nbsp;mpu6500SetInterruptLatch
<LI><a href="#[255]">&gt;&gt;</a>&nbsp;&nbsp;&nbsp;mpu6500SetInterruptDrive
<LI><a href="#[253]">&gt;&gt;</a>&nbsp;&nbsp;&nbsp;mpu6500SetIntDataReadyEnabled
<LI><a href="#[252]">&gt;&gt;</a>&nbsp;&nbsp;&nbsp;mpu6500SetI2CMasterModeEnabled
<LI><a href="#[251]">&gt;&gt;</a>&nbsp;&nbsp;&nbsp;mpu6500SetI2CBypassEnabled
</UL>
<BR>[Called By]<UL><LI><a href="#[86]">&gt;&gt;</a>&nbsp;&nbsp;&nbsp;sensorsTask
</UL>

<P><STRONG><a name="[2d1]"></a>positionEstimate</STRONG> (Thumb, 112 bytes, Stack size 0 bytes, state_estimator.o(i.positionEstimate))
<BR><BR>[Called By]<UL><LI><a href="#[2c8]">&gt;&gt;</a>&nbsp;&nbsp;&nbsp;stateEstimator
</UL>

<P><STRONG><a name="[2d0]"></a>stateEstimateVelocityZ</STRONG> (Thumb, 86 bytes, Stack size 16 bytes, state_estimator.o(i.stateEstimateVelocityZ))
<BR><BR>[Stack]<UL><LI>Max Depth = 88<LI>Call Chain = stateEstimateVelocityZ &rArr; deadband &rArr; __aeabi_cdcmple
</UL>
<BR>[Calls]<UL><LI><a href="#[1e4]">&gt;&gt;</a>&nbsp;&nbsp;&nbsp;deadband
</UL>
<BR>[Called By]<UL><LI><a href="#[2c8]">&gt;&gt;</a>&nbsp;&nbsp;&nbsp;stateEstimator
</UL>

<P><STRONG><a name="[31a]"></a>_dadd1</STRONG> (Thumb, 0 bytes, Stack size unknown bytes, daddsub_clz.o(x$fpl$dadd), UNUSED)
<BR><BR>[Called By]<UL><LI><a href="#[31b]">&gt;&gt;</a>&nbsp;&nbsp;&nbsp;_dsub
<LI><a href="#[319]">&gt;&gt;</a>&nbsp;&nbsp;&nbsp;_drsb
</UL>

<P><STRONG><a name="[30e]"></a>_dsub1</STRONG> (Thumb, 0 bytes, Stack size unknown bytes, daddsub_clz.o(x$fpl$dsub), UNUSED)
<BR><BR>[Called By]<UL><LI><a href="#[319]">&gt;&gt;</a>&nbsp;&nbsp;&nbsp;_drsb
<LI><a href="#[30d]">&gt;&gt;</a>&nbsp;&nbsp;&nbsp;_dadd
</UL>

<P><STRONG><a name="[c3]"></a>_fp_digits</STRONG> (Thumb, 428 bytes, Stack size 96 bytes, _printf_fp_dec.o(.text))
<BR><BR>[Stack]<UL><LI>Max Depth = 216<LI>Call Chain = _fp_digits &rArr; _btod_etento &rArr; _btod_emul &rArr; _e2e
</UL>
<BR>[Calls]<UL><LI><a href="#[c7]">&gt;&gt;</a>&nbsp;&nbsp;&nbsp;_btod_emul
<LI><a href="#[c6]">&gt;&gt;</a>&nbsp;&nbsp;&nbsp;_btod_ediv
<LI><a href="#[c5]">&gt;&gt;</a>&nbsp;&nbsp;&nbsp;_btod_d2e
<LI><a href="#[c4]">&gt;&gt;</a>&nbsp;&nbsp;&nbsp;_btod_etento
<LI><a href="#[c8]">&gt;&gt;</a>&nbsp;&nbsp;&nbsp;_ll_udiv10
</UL>
<BR>[Called By]<UL><LI><a href="#[c9]">&gt;&gt;</a>&nbsp;&nbsp;&nbsp;_printf_fp_dec_real
</UL>

<P><STRONG><a name="[78]"></a>_printf_input_char</STRONG> (Thumb, 10 bytes, Stack size 0 bytes, _printf_char_common.o(.text))
<BR>[Address Reference Count : 1]<UL><LI> _printf_char_common.o(.text)
</UL><P>
<H3>
Undefined Global Symbols
</H3><HR></body></html>
