Component: ARM Compiler 5.06 update 3 (build 300) Tool: armlink [4d35c9]

==============================================================================

Section Cross References

    main.o(i.MultiByteToStr) refers to main.o(.constdata) for .constdata
    main.o(i.OneByteToStr) refers to main.o(.constdata) for .constdata
    main.o(i.getDeviceInfo) refers to stmflash.o(i.STMFLASH_Read) for STMFLASH_Read
    main.o(i.getDeviceInfo) refers to main.o(.bss) for .bss
    main.o(i.iapResponse) refers to usbd_cdc_vcp.o(i.usbIapResponse) for usbIapResponse
    main.o(i.iapResponse) refers to main.o(.bss) for .bss
    main.o(i.iapResponse) refers to protocol.o(.bss) for TransportProtocol_Manager
    main.o(i.isUpgradeFirmware) refers to stm32f4xx_rcc.o(i.RCC_AHB1PeriphClockCmd) for RCC_AHB1PeriphClockCmd
    main.o(i.isUpgradeFirmware) refers to stm32f4xx_gpio.o(i.GPIO_Init) for GPIO_Init
    main.o(i.isUpgradeFirmware) refers to stm32f4xx_gpio.o(i.GPIO_ReadInputDataBit) for GPIO_ReadInputDataBit
    main.o(i.isUpgradeFirmware) refers to iap.o(i.iap_load_app) for iap_load_app
    main.o(i.main) refers to main.o(i.isUpgradeFirmware) for isUpgradeFirmware
    main.o(i.main) refers to delay.o(i.delay_init) for delay_init
    main.o(i.main) refers to led.o(i.ledInit) for ledInit
    main.o(i.main) refers to usbd_cdc_vcp.o(i.usbd_cdc_vcp_Init) for usbd_cdc_vcp_Init
    main.o(i.main) refers to protocol.o(i.TransportProtocol_Init) for TransportProtocol_Init
    main.o(i.main) refers to main.o(i.OneByteToStr) for OneByteToStr
    main.o(i.main) refers to iap.o(i.iap_write_appbin) for iap_write_appbin
    main.o(i.main) refers to memcpya.o(.text) for __aeabi_memcpy
    main.o(i.main) refers to main.o(i.getDeviceInfo) for getDeviceInfo
    main.o(i.main) refers to main.o(i.iapResponse) for iapResponse
    main.o(i.main) refers to delay.o(i.delay_ms) for delay_ms
    main.o(i.main) refers to iap.o(i.iap_load_app) for iap_load_app
    main.o(i.main) refers to check.o(i.Checksum_Sum) for Checksum_Sum
    main.o(i.main) refers to usbd_cdc_vcp.o(.bss) for usb_rx_buf
    main.o(i.main) refers to main.o(.bss) for .bss
    main.o(i.main) refers to usbd_cdc_vcp.o(.data) for usb_rx_ptr_in
    main.o(i.main) refers to protocol.o(.bss) for TransportProtocol_Manager
    system_stm32f4xx.o(i.SystemCoreClockUpdate) refers to system_stm32f4xx.o(.data) for .data
    system_stm32f4xx.o(i.SystemInit) refers to system_stm32f4xx.o(i.SetSysClock) for SetSysClock
    startup_stm32f411xe.o(RESET) refers to startup_stm32f411xe.o(STACK) for __initial_sp
    startup_stm32f411xe.o(RESET) refers to startup_stm32f411xe.o(.text) for Reset_Handler
    startup_stm32f411xe.o(RESET) refers to stm32f4xx_it.o(i.NMI_Handler) for NMI_Handler
    startup_stm32f411xe.o(RESET) refers to stm32f4xx_it.o(i.HardFault_Handler) for HardFault_Handler
    startup_stm32f411xe.o(RESET) refers to stm32f4xx_it.o(i.MemManage_Handler) for MemManage_Handler
    startup_stm32f411xe.o(RESET) refers to stm32f4xx_it.o(i.BusFault_Handler) for BusFault_Handler
    startup_stm32f411xe.o(RESET) refers to stm32f4xx_it.o(i.UsageFault_Handler) for UsageFault_Handler
    startup_stm32f411xe.o(RESET) refers to stm32f4xx_it.o(i.SVC_Handler) for SVC_Handler
    startup_stm32f411xe.o(RESET) refers to stm32f4xx_it.o(i.DebugMon_Handler) for DebugMon_Handler
    startup_stm32f411xe.o(RESET) refers to stm32f4xx_it.o(i.PendSV_Handler) for PendSV_Handler
    startup_stm32f411xe.o(RESET) refers to usbd_usr.o(i.OTG_FS_IRQHandler) for OTG_FS_IRQHandler
    startup_stm32f411xe.o(.text) refers to system_stm32f4xx.o(i.SystemInit) for SystemInit
    startup_stm32f411xe.o(.text) refers to entry.o(.ARM.Collect$$$$00000000) for __main
    delay.o(i.delay_init) refers to misc.o(i.SysTick_CLKSourceConfig) for SysTick_CLKSourceConfig
    delay.o(i.delay_init) refers to delay.o(.data) for .data
    delay.o(i.delay_ms) refers to delay.o(i.delay_xms) for delay_xms
    delay.o(i.delay_us) refers to delay.o(.data) for .data
    delay.o(i.delay_xms) refers to delay.o(.data) for .data
    led.o(i.ledInit) refers to stm32f4xx_rcc.o(i.RCC_AHB1PeriphClockCmd) for RCC_AHB1PeriphClockCmd
    led.o(i.ledInit) refers to stm32f4xx_gpio.o(i.GPIO_Init) for GPIO_Init
    stmflash.o(i.STMFLASH_Write) refers to stm32f4xx_flash.o(i.FLASH_Unlock) for FLASH_Unlock
    stmflash.o(i.STMFLASH_Write) refers to stm32f4xx_flash.o(i.FLASH_DataCacheCmd) for FLASH_DataCacheCmd
    stmflash.o(i.STMFLASH_Write) refers to stmflash.o(i.STMFLASH_GetFlashSector) for STMFLASH_GetFlashSector
    stmflash.o(i.STMFLASH_Write) refers to stm32f4xx_flash.o(i.FLASH_EraseSector) for FLASH_EraseSector
    stmflash.o(i.STMFLASH_Write) refers to stm32f4xx_flash.o(i.FLASH_ProgramWord) for FLASH_ProgramWord
    stmflash.o(i.STMFLASH_Write) refers to stm32f4xx_flash.o(i.FLASH_Lock) for FLASH_Lock
    stm32f4xx_flash.o(i.FLASH_EraseAllBank1Sectors) refers to stm32f4xx_flash.o(i.FLASH_WaitForLastOperation) for FLASH_WaitForLastOperation
[...]
    Removing stm32f4xx_flash.o(i.FLASH_OB_GetUser), (16 bytes).
    Removing stm32f4xx_flash.o(i.FLASH_OB_GetWRP), (12 bytes).
    Removing stm32f4xx_flash.o(i.FLASH_OB_GetWRP1), (12 bytes).
    Removing stm32f4xx_flash.o(i.FLASH_OB_Launch), (20 bytes).
    Removing stm32f4xx_flash.o(i.FLASH_OB_Lock), (16 bytes).
    Removing stm32f4xx_flash.o(i.FLASH_OB_PCROP1Config), (36 bytes).
    Removing stm32f4xx_flash.o(i.FLASH_OB_PCROPConfig), (36 bytes).
    Removing stm32f4xx_flash.o(i.FLASH_OB_PCROPSelectionConfig), (20 bytes).
    Removing stm32f4xx_flash.o(i.FLASH_OB_RDPConfig), (24 bytes).
    Removing stm32f4xx_flash.o(i.FLASH_OB_Unlock), (36 bytes).
    Removing stm32f4xx_flash.o(i.FLASH_OB_UserConfig), (40 bytes).
    Removing stm32f4xx_flash.o(i.FLASH_OB_WRP1Config), (36 bytes).
    Removing stm32f4xx_flash.o(i.FLASH_OB_WRPConfig), (36 bytes).
    Removing stm32f4xx_flash.o(i.FLASH_PrefetchBufferCmd), (28 bytes).
    Removing stm32f4xx_flash.o(i.FLASH_ProgramByte), (56 bytes).
    Removing stm32f4xx_flash.o(i.FLASH_ProgramDoubleWord), (64 bytes).
    Removing stm32f4xx_flash.o(i.FLASH_ProgramHalfWord), (60 bytes).
    Removing stm32f4xx_flash.o(i.FLASH_SetLatency), (12 bytes).
    Removing stm32f4xx_gpio.o(.rev16_text), (4 bytes).
    Removing stm32f4xx_gpio.o(.revsh_text), (4 bytes).
    Removing stm32f4xx_gpio.o(i.GPIO_DeInit), (260 bytes).
    Removing stm32f4xx_gpio.o(i.GPIO_PinLockConfig), (24 bytes).
    Removing stm32f4xx_gpio.o(i.GPIO_ReadInputData), (6 bytes).
    Removing stm32f4xx_gpio.o(i.GPIO_ReadOutputData), (6 bytes).
    Removing stm32f4xx_gpio.o(i.GPIO_ReadOutputDataBit), (14 bytes).
    Removing stm32f4xx_gpio.o(i.GPIO_ResetBits), (4 bytes).
    Removing stm32f4xx_gpio.o(i.GPIO_SetBits), (4 bytes).
    Removing stm32f4xx_gpio.o(i.GPIO_StructInit), (18 bytes).
    Removing stm32f4xx_gpio.o(i.GPIO_ToggleBits), (8 bytes).
    Removing stm32f4xx_gpio.o(i.GPIO_Write), (4 bytes).
    Removing stm32f4xx_gpio.o(i.GPIO_WriteBit), (10 bytes).
    Removing stm32f4xx_rcc.o(.rev16_text), (4 bytes).
    Removing stm32f4xx_rcc.o(.revsh_text), (4 bytes).
    Removing stm32f4xx_rcc.o(i.RCC_AHB1PeriphClockLPModeCmd), (24 bytes).
    Removing stm32f4xx_rcc.o(i.RCC_AHB1PeriphResetCmd), (24 bytes).
    Removing stm32f4xx_rcc.o(i.RCC_AHB2PeriphClockLPModeCmd), (24 bytes).
    Removing stm32f4xx_rcc.o(i.RCC_AHB2PeriphResetCmd), (24 bytes).
    Removing stm32f4xx_rcc.o(i.RCC_AHB3PeriphClockCmd), (24 bytes).
    Removing stm32f4xx_rcc.o(i.RCC_AHB3PeriphClockLPModeCmd), (24 bytes).
    Removing stm32f4xx_rcc.o(i.RCC_AHB3PeriphResetCmd), (24 bytes).
    Removing stm32f4xx_rcc.o(i.RCC_APB1PeriphClockCmd), (24 bytes).
    Removing stm32f4xx_rcc.o(i.RCC_APB1PeriphClockLPModeCmd), (24 bytes).
    Removing stm32f4xx_rcc.o(i.RCC_APB1PeriphResetCmd), (24 bytes).
    Removing stm32f4xx_rcc.o(i.RCC_APB2PeriphClockLPModeCmd), (24 bytes).
    Removing stm32f4xx_rcc.o(i.RCC_APB2PeriphResetCmd), (24 bytes).
    Removing stm32f4xx_rcc.o(i.RCC_AdjustHSICalibrationValue), (20 bytes).
    Removing stm32f4xx_rcc.o(i.RCC_BackupResetCmd), (12 bytes).
    Removing stm32f4xx_rcc.o(i.RCC_ClearFlag), (16 bytes).
    Removing stm32f4xx_rcc.o(i.RCC_ClearITPendingBit), (12 bytes).
    Removing stm32f4xx_rcc.o(i.RCC_ClockSecuritySystemCmd), (12 bytes).
    Removing stm32f4xx_rcc.o(i.RCC_DeInit), (84 bytes).
    Removing stm32f4xx_rcc.o(i.RCC_GetFlagStatus), (52 bytes).
    Removing stm32f4xx_rcc.o(i.RCC_GetITStatus), (20 bytes).
    Removing stm32f4xx_rcc.o(i.RCC_GetSYSCLKSource), (16 bytes).
    Removing stm32f4xx_rcc.o(i.RCC_HCLKConfig), (20 bytes).
    Removing stm32f4xx_rcc.o(i.RCC_HSEConfig), (16 bytes).
    Removing stm32f4xx_rcc.o(i.RCC_HSICmd), (12 bytes).
    Removing stm32f4xx_rcc.o(i.RCC_I2SCLKConfig), (12 bytes).
    Removing stm32f4xx_rcc.o(i.RCC_ITConfig), (24 bytes).
    Removing stm32f4xx_rcc.o(i.RCC_LSEConfig), (28 bytes).
    Removing stm32f4xx_rcc.o(i.RCC_LSEModeConfig), (28 bytes).
    Removing stm32f4xx_rcc.o(i.RCC_LSICmd), (12 bytes).
    Removing stm32f4xx_rcc.o(i.RCC_LTDCCLKDivConfig), (20 bytes).
    Removing stm32f4xx_rcc.o(i.RCC_MCO1Config), (20 bytes).
    Removing stm32f4xx_rcc.o(i.RCC_MCO2Config), (20 bytes).
    Removing stm32f4xx_rcc.o(i.RCC_PCLK1Config), (20 bytes).
    Removing stm32f4xx_rcc.o(i.RCC_PCLK2Config), (20 bytes).
    Removing stm32f4xx_rcc.o(i.RCC_PLLCmd), (12 bytes).
    Removing stm32f4xx_rcc.o(i.RCC_PLLConfig), (40 bytes).
    Removing stm32f4xx_rcc.o(i.RCC_PLLI2SCmd), (12 bytes).
    Removing stm32f4xx_rcc.o(i.RCC_PLLI2SConfig), (20 bytes).
    Removing stm32f4xx_rcc.o(i.RCC_PLLSAICmd), (12 bytes).
    Removing stm32f4xx_rcc.o(i.RCC_PLLSAIConfig), (20 bytes).
    Removing stm32f4xx_rcc.o(i.RCC_RTCCLKCmd), (12 bytes).
    Removing stm32f4xx_rcc.o(i.RCC_RTCCLKConfig), (48 bytes).
    Removing stm32f4xx_rcc.o(i.RCC_SAIBlockACLKConfig), (20 bytes).
    Removing stm32f4xx_rcc.o(i.RCC_SAIBlockBCLKConfig), (20 bytes).
    Removing stm32f4xx_rcc.o(i.RCC_SAIPLLI2SClkDivConfig), (20 bytes).
    Removing stm32f4xx_rcc.o(i.RCC_SAIPLLSAIClkDivConfig), (28 bytes).
    Removing stm32f4xx_rcc.o(i.RCC_SYSCLKConfig), (20 bytes).
    Removing stm32f4xx_rcc.o(i.RCC_TIMCLKPresConfig), (12 bytes).
    Removing stm32f4xx_rcc.o(i.RCC_WaitForHSEStartUp), (44 bytes).
    Removing stm32f4xx_usart.o(.rev16_text), (4 bytes).
    Removing stm32f4xx_usart.o(.revsh_text), (4 bytes).
    Removing stm32f4xx_usart.o(i.USART_ClearFlag), (6 bytes).
    Removing stm32f4xx_usart.o(i.USART_ClearITPendingBit), (12 bytes).
    Removing stm32f4xx_usart.o(i.USART_ClockInit), (28 bytes).
    Removing stm32f4xx_usart.o(i.USART_ClockStructInit), (12 bytes).
    Removing stm32f4xx_usart.o(i.USART_Cmd), (20 bytes).
    Removing stm32f4xx_usart.o(i.USART_DMACmd), (16 bytes).
    Removing stm32f4xx_usart.o(i.USART_DeInit), (172 bytes).
    Removing stm32f4xx_usart.o(i.USART_GetFlagStatus), (14 bytes).
    Removing stm32f4xx_usart.o(i.USART_GetITStatus), (62 bytes).
    Removing stm32f4xx_usart.o(i.USART_HalfDuplexCmd), (20 bytes).
    Removing stm32f4xx_usart.o(i.USART_ITConfig), (48 bytes).
    Removing stm32f4xx_usart.o(i.USART_Init), (172 bytes).
    Removing stm32f4xx_usart.o(i.USART_IrDACmd), (20 bytes).
    Removing stm32f4xx_usart.o(i.USART_IrDAConfig), (16 bytes).
    Removing stm32f4xx_usart.o(i.USART_LINBreakDetectLengthConfig), (16 bytes).
    Removing stm32f4xx_usart.o(i.USART_LINCmd), (20 bytes).
    Removing stm32f4xx_usart.o(i.USART_OneBitMethodCmd), (20 bytes).
    Removing stm32f4xx_usart.o(i.USART_OverSampling8Cmd), (20 bytes).
    Removing stm32f4xx_usart.o(i.USART_ReceiveData), (8 bytes).
    Removing stm32f4xx_usart.o(i.USART_ReceiverWakeUpCmd), (20 bytes).
    Removing stm32f4xx_usart.o(i.USART_SendBreak), (10 bytes).
    Removing stm32f4xx_usart.o(i.USART_SendData), (8 bytes).
    Removing stm32f4xx_usart.o(i.USART_SetAddress), (16 bytes).
    Removing stm32f4xx_usart.o(i.USART_SetGuardTime), (16 bytes).
    Removing stm32f4xx_usart.o(i.USART_SetPrescaler), (16 bytes).
    Removing stm32f4xx_usart.o(i.USART_SmartCardCmd), (20 bytes).
    Removing stm32f4xx_usart.o(i.USART_SmartCardNACKCmd), (20 bytes).
    Removing stm32f4xx_usart.o(i.USART_StructInit), (22 bytes).
    Removing stm32f4xx_usart.o(i.USART_WakeUpConfig), (16 bytes).
    Removing usb_core.o(.rev16_text), (4 bytes).
    Removing usb_core.o(.revsh_text), (4 bytes).
    Removing usb_core.o(i.USB_OTG_ActiveRemoteWakeup), (64 bytes).
    Removing usb_core.o(i.USB_OTG_GetEPStatus), (66 bytes).
    Removing usb_core.o(i.USB_OTG_GetMode), (10 bytes).
    Removing usb_core.o(i.USB_OTG_IsHostMode), (14 bytes).
    Removing usb_core.o(i.USB_OTG_ReadOtgItr), (6 bytes).
    Removing usb_core.o(i.USB_OTG_SetEPStatus), (110 bytes).
    Removing usb_core.o(i.USB_OTG_StopDevice), (74 bytes).
    Removing usb_core.o(i.USB_OTG_UngateClock), (28 bytes).
    Removing usb_dcd.o(.rev16_text), (4 bytes).
    Removing usb_dcd.o(.revsh_text), (4 bytes).
    Removing usb_dcd.o(i.DCD_DevConnect), (16 bytes).
    Removing usb_dcd.o(i.DCD_DevDisconnect), (16 bytes).
    Removing usb_dcd.o(i.DCD_EP_Flush), (24 bytes).
    Removing usb_dcd.o(i.DCD_GetEPStatus), (38 bytes).
    Removing usb_dcd.o(i.DCD_SetEPStatus), (38 bytes).
    Removing usb_dcd_int.o(.rev16_text), (4 bytes).
    Removing usb_dcd_int.o(.revsh_text), (4 bytes).
    Removing usbd_core.o(.rev16_text), (4 bytes).
    Removing usbd_core.o(.revsh_text), (4 bytes).
    Removing usbd_core.o(i.USBD_DeInit), (4 bytes).
    Removing usbd_ioreq.o(.rev16_text), (4 bytes).
    Removing usbd_ioreq.o(.revsh_text), (4 bytes).
    Removing usbd_ioreq.o(i.USBD_GetRxCount), (16 bytes).
    Removing usbd_req.o(.rev16_text), (4 bytes).
    Removing usbd_req.o(.revsh_text), (4 bytes).
    Removing usbd_cdc_core.o(.rev16_text), (4 bytes).
    Removing usbd_cdc_core.o(.revsh_text), (4 bytes).
    Removing usbd_cdc_core.o(.bss), (67 bytes).
    Removing usb_bsp.o(.rev16_text), (4 bytes).
    Removing usb_bsp.o(.revsh_text), (4 bytes).
    Removing usbd_cdc_vcp.o(.rev16_text), (4 bytes).
    Removing usbd_cdc_vcp.o(.revsh_text), (4 bytes).
    Removing usbd_cdc_vcp.o(i.usb_printf), (52 bytes).
    Removing usbd_desc.o(.rev16_text), (4 bytes).
    Removing usbd_desc.o(.revsh_text), (4 bytes).
    Removing usbd_desc.o(.data), (10 bytes).
    Removing usbd_usr.o(.rev16_text), (4 bytes).
    Removing usbd_usr.o(.revsh_text), (4 bytes).
    Removing usbd_usr.o(i.getusbConnectState), (12 bytes).
    Removing check.o(.rev16_text), (4 bytes).
    Removing check.o(.revsh_text), (4 bytes).
    Removing check.o(i.Checksum_CRC16), (56 bytes).
    Removing check.o(i.Checksum_CRC8), (32 bytes).
    Removing check.o(i.Checksum_XOR), (32 bytes).
    Removing check.o(.constdata), (768 bytes).
    Removing protocol.o(.rev16_text), (4 bytes).
    Removing protocol.o(.revsh_text), (4 bytes).
    Removing iap.o(.rev16_text), (4 bytes).
    Removing iap.o(.revsh_text), (4 bytes).
    Removing dadd.o(.text), (334 bytes).
    Removing dmul.o(.text), (228 bytes).
    Removing ddiv.o(.text), (222 bytes).
    Removing dfixul.o(.text), (48 bytes).
    Removing cdrcmple.o(.text), (48 bytes).
    Removing depilogue.o(.text), (186 bytes).

211 unused section(s) (total 7039 bytes) removed from the image.

==============================================================================

Image Symbol Table

    Local Symbols

    Symbol Name                              Value     Ov Type        Size  Object(Section)

    ../clib/../cmprslib/zerorunl2.c          0x00000000   Number         0  __dczerorl2.o ABSOLUTE
    ../clib/microlib/division.c              0x00000000   Number         0  uidiv.o ABSOLUTE
    ../clib/microlib/division.c              0x00000000   Number         0  uldiv.o ABSOLUTE
    ../clib/microlib/init/entry.s            0x00000000   Number         0  entry11b.o ABSOLUTE
    ../clib/microlib/init/entry.s            0x00000000   Number         0  entry8a.o ABSOLUTE
    ../clib/microlib/init/entry.s            0x00000000   Number         0  entry9b.o ABSOLUTE
    ../clib/microlib/init/entry.s            0x00000000   Number         0  entry7b.o ABSOLUTE
    ../clib/microlib/init/entry.s            0x00000000   Number         0  entry5.o ABSOLUTE
    ../clib/microlib/init/entry.s            0x00000000   Number         0  entry7a.o ABSOLUTE
    ../clib/microlib/init/entry.s            0x00000000   Number         0  entry8b.o ABSOLUTE
    ../clib/microlib/init/entry.s            0x00000000   Number         0  entry9a.o ABSOLUTE
    ../clib/microlib/init/entry.s            0x00000000   Number         0  entry10a.o ABSOLUTE
    ../clib/microlib/init/entry.s            0x00000000   Number         0  entry2.o ABSOLUTE
    ../clib/microlib/init/entry.s            0x00000000   Number         0  entry.o ABSOLUTE
    ../clib/microlib/init/entry.s            0x00000000   Number         0  entry10b.o ABSOLUTE
    ../clib/microlib/init/entry.s            0x00000000   Number         0  entry11a.o ABSOLUTE
    ../clib/microlib/longlong.c              0x00000000   Number         0  llshl.o ABSOLUTE
    ../clib/microlib/longlong.c              0x00000000   Number         0  llushr.o ABSOLUTE
    ../clib/microlib/longlong.c              0x00000000   Number         0  llsshr.o ABSOLUTE
    ../clib/microlib/printf/printf.c         0x00000000   Number         0  printfa.o ABSOLUTE
    ../clib/microlib/stdio/fputc.c           0x00000000   Number         0  fputc.o ABSOLUTE
    ../clib/microlib/stdio/semi.s            0x00000000   Number         0  semi.o ABSOLUTE
    ../clib/microlib/stdio/streams.c         0x00000000   Number         0  stdout.o ABSOLUTE
    ../clib/microlib/string/memcpy.c         0x00000000   Number         0  memcpyb.o ABSOLUTE
    ../clib/microlib/string/memcpy.c         0x00000000   Number         0  memcpya.o ABSOLUTE
    ../clib/microlib/string/strlen.c         0x00000000   Number         0  strlen.o ABSOLUTE
    ../clib/microlib/stubs.s                 0x00000000   Number         0  iusesemip.o ABSOLUTE
    ../clib/microlib/stubs.s                 0x00000000   Number         0  iusefp.o ABSOLUTE
    ../fplib/microlib/fpadd.c                0x00000000   Number         0  dadd.o ABSOLUTE
    ../fplib/microlib/fpdiv.c                0x00000000   Number         0  ddiv.o ABSOLUTE
    ../fplib/microlib/fpepilogue.c           0x00000000   Number         0  depilogue.o ABSOLUTE
    ../fplib/microlib/fpfix.c                0x00000000   Number         0  dfixul.o ABSOLUTE
    ../fplib/microlib/fpmul.c                0x00000000   Number         0  dmul.o ABSOLUTE
    ..\CORE\startup_stm32f411xe.s            0x00000000   Number         0  startup_stm32f411xe.o ABSOLUTE
    ..\FWLIB\src\misc.c                      0x00000000   Number         0  misc.o ABSOLUTE
    ..\FWLIB\src\stm32f4xx_flash.c           0x00000000   Number         0  stm32f4xx_flash.o ABSOLUTE
    ..\FWLIB\src\stm32f4xx_gpio.c            0x00000000   Number         0  stm32f4xx_gpio.o ABSOLUTE
    ..\FWLIB\src\stm32f4xx_rcc.c             0x00000000   Number         0  stm32f4xx_rcc.o ABSOLUTE
    ..\FWLIB\src\stm32f4xx_usart.c           0x00000000   Number         0  stm32f4xx_usart.o ABSOLUTE
    ..\HARDWARE\src\led.c                    0x00000000   Number         0  led.o ABSOLUTE
    ..\HARDWARE\src\stmflash.c               0x00000000   Number         0  stmflash.o ABSOLUTE
    ..\IAP\iap.c                             0x00000000   Number         0  iap.o ABSOLUTE
    ..\PROTOCOL\check.c                      0x00000000   Number         0  check.o ABSOLUTE
    ..\PROTOCOL\protocol.c                   0x00000000   Number         0  protocol.o ABSOLUTE
    ..\SYSTEM\src\delay.c                    0x00000000   Number         0  delay.o ABSOLUTE
    ..\SYSTEM\src\sys.c                      0x00000000   Number         0  sys.o ABSOLUTE
    ..\USB\STM32_USB_Device_Library\Class\cdc\src\usbd_cdc_core.c 0x00000000   Number         0  usbd_cdc_core.o ABSOLUTE
    ..\USB\STM32_USB_Device_Library\Core\src\usbd_core.c 0x00000000   Number         0  usbd_core.o ABSOLUTE
    ..\USB\STM32_USB_Device_Library\Core\src\usbd_ioreq.c 0x00000000   Number         0  usbd_ioreq.o ABSOLUTE
    ..\USB\STM32_USB_Device_Library\Core\src\usbd_req.c 0x00000000   Number         0  usbd_req.o ABSOLUTE
    ..\USB\STM32_USB_OTG_Driver\src\usb_core.c 0x00000000   Number         0  usb_core.o ABSOLUTE
    ..\USB\STM32_USB_OTG_Driver\src\usb_dcd.c 0x00000000   Number         0  usb_dcd.o ABSOLUTE
    ..\USB\STM32_USB_OTG_Driver\src\usb_dcd_int.c 0x00000000   Number         0  usb_dcd_int.o ABSOLUTE
    ..\USB\USB_APP\src\usb_bsp.c             0x00000000   Number         0  usb_bsp.o ABSOLUTE
    ..\USB\USB_APP\src\usbd_cdc_vcp.c        0x00000000   Number         0  usbd_cdc_vcp.o ABSOLUTE
    ..\USB\USB_APP\src\usbd_desc.c           0x00000000   Number         0  usbd_desc.o ABSOLUTE
    ..\USB\USB_APP\src\usbd_usr.c            0x00000000   Number         0  usbd_usr.o ABSOLUTE
    ..\\FWLIB\\src\\misc.c                   0x00000000   Number         0  misc.o ABSOLUTE
    ..\\FWLIB\\src\\stm32f4xx_flash.c        0x00000000   Number         0  stm32f4xx_flash.o ABSOLUTE
    ..\\FWLIB\\src\\stm32f4xx_gpio.c         0x00000000   Number         0  stm32f4xx_gpio.o ABSOLUTE
    ..\\FWLIB\\src\\stm32f4xx_rcc.c          0x00000000   Number         0  stm32f4xx_rcc.o ABSOLUTE
    ..\\FWLIB\\src\\stm32f4xx_usart.c        0x00000000   Number         0  stm32f4xx_usart.o ABSOLUTE
    ..\\HARDWARE\\src\\led.c                 0x00000000   Number         0  led.o ABSOLUTE
    ..\\HARDWARE\\src\\stmflash.c            0x00000000   Number         0  stmflash.o ABSOLUTE
    ..\\IAP\\iap.c                           0x00000000   Number         0  iap.o ABSOLUTE
    ..\\PROTOCOL\\check.c                    0x00000000   Number         0  check.o ABSOLUTE
    ..\\PROTOCOL\\protocol.c                 0x00000000   Number         0  protocol.o ABSOLUTE
    ..\\SYSTEM\\src\\delay.c                 0x00000000   Number         0  delay.o ABSOLUTE
    ..\\SYSTEM\\src\\sys.c                   0x00000000   Number         0  sys.o ABSOLUTE
    ..\\USB\\STM32_USB_Device_Library\\Class\\cdc\\src\\usbd_cdc_core.c 0x00000000   Number         0  usbd_cdc_core.o ABSOLUTE
    ..\\USB\\STM32_USB_Device_Library\\Core\\src\\usbd_core.c 0x00000000   Number         0  usbd_core.o ABSOLUTE
    ..\\USB\\STM32_USB_Device_Library\\Core\\src\\usbd_ioreq.c 0x00000000   Number         0  usbd_ioreq.o ABSOLUTE
    ..\\USB\\STM32_USB_Device_Library\\Core\\src\\usbd_req.c 0x00000000   Number         0  usbd_req.o ABSOLUTE
    ..\\USB\\STM32_USB_OTG_Driver\\src\\usb_core.c 0x00000000   Number         0  usb_core.o ABSOLUTE
    ..\\USB\\STM32_USB_OTG_Driver\\src\\usb_dcd.c 0x00000000   Number         0  usb_dcd.o ABSOLUTE
    ..\\USB\\STM32_USB_OTG_Driver\\src\\usb_dcd_int.c 0x00000000   Number         0  usb_dcd_int.o ABSOLUTE
    ..\\USB\\USB_APP\\src\\usb_bsp.c         0x00000000   Number         0  usb_bsp.o ABSOLUTE
    ..\\USB\\USB_APP\\src\\usbd_cdc_vcp.c    0x00000000   Number         0  usbd_cdc_vcp.o ABSOLUTE
    ..\\USB\\USB_APP\\src\\usbd_desc.c       0x00000000   Number         0  usbd_desc.o ABSOLUTE
    ..\\USB\\USB_APP\\src\\usbd_usr.c        0x00000000   Number         0  usbd_usr.o ABSOLUTE
    cdrcmple.s                               0x00000000   Number         0  cdrcmple.o ABSOLUTE
    dc.s                                     0x00000000   Number         0  dc.o ABSOLUTE
    handlers.s                               0x00000000   Number         0  handlers.o ABSOLUTE
    init.s                                   0x00000000   Number         0  init.o ABSOLUTE
    main.c                                   0x00000000   Number         0  main.o ABSOLUTE
    main.c                                   0x00000000   Number         0  main.o ABSOLUTE
    stm32f4xx_it.c                           0x00000000   Number         0  stm32f4xx_it.o ABSOLUTE
    stm32f4xx_it.c                           0x00000000   Number         0  stm32f4xx_it.o ABSOLUTE
    system_stm32f4xx.c                       0x00000000   Number         0  system_stm32f4xx.o ABSOLUTE
    system_stm32f4xx.c                       0x00000000   Number         0  system_stm32f4xx.o ABSOLUTE
    RESET                                    0x08000000   Section      408  startup_stm32f411xe.o(RESET)
    .ARM.Collect$$$$00000000                 0x08000198   Section        0  entry.o(.ARM.Collect$$$$00000000)
    .ARM.Collect$$$$00000001                 0x08000198   Section        4  entry2.o(.ARM.Collect$$$$00000001)
    .ARM.Collect$$$$00000004                 0x0800019c   Section        4  entry5.o(.ARM.Collect$$$$00000004)
    .ARM.Collect$$$$00000008                 0x080001a0   Section        0  entry7b.o(.ARM.Collect$$$$00000008)
    .ARM.Collect$$$$0000000A                 0x080001a0   Section        0  entry8b.o(.ARM.Collect$$$$0000000A)
    .ARM.Collect$$$$0000000B                 0x080001a0   Section        8  entry9a.o(.ARM.Collect$$$$0000000B)
    .ARM.Collect$$$$0000000D                 0x080001a8   Section        0  entry10a.o(.ARM.Collect$$$$0000000D)
    .ARM.Collect$$$$0000000F                 0x080001a8   Section        0  entry11a.o(.ARM.Collect$$$$0000000F)
    .ARM.Collect$$$$00002712                 0x080001a8   Section        4  entry2.o(.ARM.Collect$$$$00002712)
    __lit__00000000                          0x080001a8   Data           4  entry2.o(.ARM.Collect$$$$00002712)
    .emb_text                                0x080001ac   Section       16  sys.o(.emb_text)
    $v0                                      0x080001ac   Number         0  sys.o(.emb_text)
    .text                                    0x080001bc   Section       36  startup_stm32f411xe.o(.text)
    $v0                                      0x080001bc   Number         0  startup_stm32f411xe.o(.text)
    .text                                    0x080001e0   Section        0  memcpya.o(.text)
    .text                                    0x08000204   Section       36  init.o(.text)
    .text                                    0x08000228   Section        0  __dczerorl2.o(.text)
    i.BusFault_Handler                       0x0800027e   Section        0  stm32f4xx_it.o(i.BusFault_Handler)
    i.Checksum_Sum                           0x08000280   Section        0  check.o(i.Checksum_Sum)
    i.DCD_EP_Close                           0x08000298   Section        0  usb_dcd.o(i.DCD_EP_Close)
    i.DCD_EP_ClrStall                        0x080002c4   Section        0  usb_dcd.o(i.DCD_EP_ClrStall)
    i.DCD_EP_Open                            0x080002fc   Section        0  usb_dcd.o(i.DCD_EP_Open)
    i.DCD_EP_PrepareRx                       0x08000338   Section        0  usb_dcd.o(i.DCD_EP_PrepareRx)
    i.DCD_EP_SetAddress                      0x0800037c   Section        0  usb_dcd.o(i.DCD_EP_SetAddress)
    i.DCD_EP_Stall                           0x0800038c   Section        0  usb_dcd.o(i.DCD_EP_Stall)
    i.DCD_EP_Tx                              0x080003c4   Section        0  usb_dcd.o(i.DCD_EP_Tx)
    i.DCD_HandleEnumDone_ISR                 0x08000404   Section        0  usb_dcd_int.o(i.DCD_HandleEnumDone_ISR)
    DCD_HandleEnumDone_ISR                   0x08000405   Thumb Code   258  usb_dcd_int.o(i.DCD_HandleEnumDone_ISR)
    i.DCD_HandleInEP_ISR                     0x08000550   Section        0  usb_dcd_int.o(i.DCD_HandleInEP_ISR)
    DCD_HandleInEP_ISR                       0x08000551   Thumb Code   188  usb_dcd_int.o(i.DCD_HandleInEP_ISR)
    i.DCD_HandleOutEP_ISR                    0x08000610   Section        0  usb_dcd_int.o(i.DCD_HandleOutEP_ISR)
    DCD_HandleOutEP_ISR                      0x08000611   Thumb Code   166  usb_dcd_int.o(i.DCD_HandleOutEP_ISR)
    i.DCD_HandleRxStatusQueueLevel_ISR       0x080006bc   Section        0  usb_dcd_int.o(i.DCD_HandleRxStatusQueueLevel_ISR)
    DCD_HandleRxStatusQueueLevel_ISR         0x080006bd   Thumb Code   124  usb_dcd_int.o(i.DCD_HandleRxStatusQueueLevel_ISR)
    i.DCD_HandleUSBSuspend_ISR               0x08000738   Section        0  usb_dcd_int.o(i.DCD_HandleUSBSuspend_ISR)
    DCD_HandleUSBSuspend_ISR                 0x08000739   Thumb Code   102  usb_dcd_int.o(i.DCD_HandleUSBSuspend_ISR)
    i.DCD_HandleUsbReset_ISR                 0x080007a8   Section        0  usb_dcd_int.o(i.DCD_HandleUsbReset_ISR)
    DCD_HandleUsbReset_ISR                   0x080007a9   Thumb Code   128  usb_dcd_int.o(i.DCD_HandleUsbReset_ISR)
    i.DCD_Init                               0x0800082c   Section        0  usb_dcd.o(i.DCD_Init)
    i.DCD_WriteEmptyTxFifo                   0x080008be   Section        0  usb_dcd_int.o(i.DCD_WriteEmptyTxFifo)
    DCD_WriteEmptyTxFifo                     0x080008bf   Thumb Code   142  usb_dcd_int.o(i.DCD_WriteEmptyTxFifo)
    i.DebugMon_Handler                       0x0800094c   Section        0  stm32f4xx_it.o(i.DebugMon_Handler)
    i.FLASH_DataCacheCmd                     0x08000950   Section        0  stm32f4xx_flash.o(i.FLASH_DataCacheCmd)
    i.FLASH_EraseSector                      0x0800096c   Section        0  stm32f4xx_flash.o(i.FLASH_EraseSector)
    i.FLASH_GetStatus                        0x080009d8   Section        0  stm32f4xx_flash.o(i.FLASH_GetStatus)
    i.FLASH_Lock                             0x08000a14   Section        0  stm32f4xx_flash.o(i.FLASH_Lock)
    i.FLASH_ProgramWord                      0x08000a24   Section        0  stm32f4xx_flash.o(i.FLASH_ProgramWord)
    i.FLASH_Unlock                           0x08000a60   Section        0  stm32f4xx_flash.o(i.FLASH_Unlock)
    i.FLASH_WaitForLastOperation             0x08000a84   Section        0  stm32f4xx_flash.o(i.FLASH_WaitForLastOperation)
    i.GPIO_Init                              0x08000aa2   Section        0  stm32f4xx_gpio.o(i.GPIO_Init)
    i.GPIO_PinAFConfig                       0x08000b1a   Section        0  stm32f4xx_gpio.o(i.GPIO_PinAFConfig)
    i.GPIO_ReadInputDataBit                  0x08000b3a   Section        0  stm32f4xx_gpio.o(i.GPIO_ReadInputDataBit)
    i.Handle_USBAsynchXfer                   0x08000b48   Section        0  usbd_cdc_core.o(i.Handle_USBAsynchXfer)
    Handle_USBAsynchXfer                     0x08000b49   Thumb Code   102  usbd_cdc_core.o(i.Handle_USBAsynchXfer)
    i.HardFault_Handler                      0x08000bb8   Section        0  stm32f4xx_it.o(i.HardFault_Handler)
    i.IntToUnicode                           0x08000bba   Section        0  usbd_desc.o(i.IntToUnicode)
    IntToUnicode                             0x08000bbb   Thumb Code    54  usbd_desc.o(i.IntToUnicode)
    i.MemManage_Handler                      0x08000bf0   Section        0  stm32f4xx_it.o(i.MemManage_Handler)
    i.NMI_Handler                            0x08000bf2   Section        0  stm32f4xx_it.o(i.NMI_Handler)
    i.NVIC_Init                              0x08000bf4   Section        0  misc.o(i.NVIC_Init)
    i.NVIC_PriorityGroupConfig               0x08000c58   Section        0  misc.o(i.NVIC_PriorityGroupConfig)
    i.OTG_FS_IRQHandler                      0x08000c6c   Section        0  usbd_usr.o(i.OTG_FS_IRQHandler)
    i.OneByteToStr                           0x08000c78   Section        0  main.o(i.OneByteToStr)
    i.PendSV_Handler                         0x08000c94   Section        0  stm32f4xx_it.o(i.PendSV_Handler)
    i.RCC_AHB1PeriphClockCmd                 0x08000c98   Section        0  stm32f4xx_rcc.o(i.RCC_AHB1PeriphClockCmd)
    i.RCC_AHB2PeriphClockCmd                 0x08000cb0   Section        0  stm32f4xx_rcc.o(i.RCC_AHB2PeriphClockCmd)
    i.RCC_APB2PeriphClockCmd                 0x08000cc8   Section        0  stm32f4xx_rcc.o(i.RCC_APB2PeriphClockCmd)
    i.RCC_GetClocksFreq                      0x08000ce0   Section        0  stm32f4xx_rcc.o(i.RCC_GetClocksFreq)
    i.STMFLASH_GetFlashSector                0x08000d70   Section        0  stmflash.o(i.STMFLASH_GetFlashSector)
    i.STMFLASH_Read                          0x08000e10   Section        0  stmflash.o(i.STMFLASH_Read)
    i.STMFLASH_Write                         0x08000e24   Section        0  stmflash.o(i.STMFLASH_Write)
    i.SVC_Handler                            0x08000ea4   Section        0  stm32f4xx_it.o(i.SVC_Handler)
    i.SetSysClock                            0x08000ea8   Section        0  system_stm32f4xx.o(i.SetSysClock)
    SetSysClock                              0x08000ea9   Thumb Code   158  system_stm32f4xx.o(i.SetSysClock)
    i.SysTick_CLKSourceConfig                0x08000f58   Section        0  misc.o(i.SysTick_CLKSourceConfig)
    i.SystemInit                             0x08000f70   Section        0  system_stm32f4xx.o(i.SystemInit)
    i.TransportProtocol_Init                 0x08000fcc   Section        0  protocol.o(i.TransportProtocol_Init)
    i.TransportProtocol_Packed               0x08000fec   Section        0  protocol.o(i.TransportProtocol_Packed)
    TransportProtocol_Packed                 0x08000fed   Thumb Code   102  protocol.o(i.TransportProtocol_Packed)
    i.TransportProtocol_Unpacked             0x08001058   Section        0  protocol.o(i.TransportProtocol_Unpacked)
    TransportProtocol_Unpacked               0x08001059   Thumb Code   132  protocol.o(i.TransportProtocol_Unpacked)
    i.USBD_ClrCfg                            0x080010e0   Section        0  usbd_core.o(i.USBD_ClrCfg)
    i.USBD_CtlContinueRx                     0x080010ee   Section        0  usbd_ioreq.o(i.USBD_CtlContinueRx)
    i.USBD_CtlContinueSendData               0x08001100   Section        0  usbd_ioreq.o(i.USBD_CtlContinueSendData)
    i.USBD_CtlError                          0x08001112   Section        0  usbd_req.o(i.USBD_CtlError)
    i.USBD_CtlPrepareRx                      0x0800112e   Section        0  usbd_ioreq.o(i.USBD_CtlPrepareRx)
    i.USBD_CtlReceiveStatus                  0x0800114e   Section        0  usbd_ioreq.o(i.USBD_CtlReceiveStatus)
    i.USBD_CtlSendData                       0x08001170   Section        0  usbd_ioreq.o(i.USBD_CtlSendData)
    i.USBD_CtlSendStatus                     0x08001190   Section        0  usbd_ioreq.o(i.USBD_CtlSendStatus)
    i.USBD_DataInStage                       0x080011b4   Section        0  usbd_core.o(i.USBD_DataInStage)
    USBD_DataInStage                         0x080011b5   Thumb Code   184  usbd_core.o(i.USBD_DataInStage)
    i.USBD_DataOutStage                      0x08001270   Section        0  usbd_core.o(i.USBD_DataOutStage)
    USBD_DataOutStage                        0x08001271   Thumb Code   116  usbd_core.o(i.USBD_DataOutStage)
    i.USBD_GetDescriptor                     0x080012e4   Section        0  usbd_req.o(i.USBD_GetDescriptor)
    USBD_GetDescriptor                       0x080012e5   Thumb Code   184  usbd_req.o(i.USBD_GetDescriptor)
    i.USBD_GetString                         0x0800139c   Section        0  usbd_req.o(i.USBD_GetString)
    i.USBD_Init                              0x080013e2   Section        0  usbd_core.o(i.USBD_Init)
    i.USBD_IsoINIncomplete                   0x08001416   Section        0  usbd_core.o(i.USBD_IsoINIncomplete)
    USBD_IsoINIncomplete                     0x08001417   Thumb Code    14  usbd_core.o(i.USBD_IsoINIncomplete)
    i.USBD_IsoOUTIncomplete                  0x08001424   Section        0  usbd_core.o(i.USBD_IsoOUTIncomplete)
    USBD_IsoOUTIncomplete                    0x08001425   Thumb Code    14  usbd_core.o(i.USBD_IsoOUTIncomplete)
    i.USBD_OTG_ISR_Handler                   0x08001434   Section        0  usb_dcd_int.o(i.USBD_OTG_ISR_Handler)
    i.USBD_ParseSetupRequest                 0x08001524   Section        0  usbd_req.o(i.USBD_ParseSetupRequest)
    i.USBD_Reset                             0x08001568   Section        0  usbd_core.o(i.USBD_Reset)
    USBD_Reset                               0x08001569   Thumb Code    46  usbd_core.o(i.USBD_Reset)
    i.USBD_Resume                            0x08001596   Section        0  usbd_core.o(i.USBD_Resume)
    USBD_Resume                              0x08001597   Thumb Code    22  usbd_core.o(i.USBD_Resume)
    i.USBD_SOF                               0x080015ac   Section        0  usbd_core.o(i.USBD_SOF)
    USBD_SOF                                 0x080015ad   Thumb Code    16  usbd_core.o(i.USBD_SOF)
    i.USBD_SetCfg                            0x080015bc   Section        0  usbd_core.o(i.USBD_SetCfg)
    i.USBD_SetConfig                         0x080015d8   Section        0  usbd_req.o(i.USBD_SetConfig)
    USBD_SetConfig                           0x080015d9   Thumb Code   112  usbd_req.o(i.USBD_SetConfig)
    i.USBD_SetFeature                        0x0800164c   Section        0  usbd_req.o(i.USBD_SetFeature)
    USBD_SetFeature                          0x0800164d   Thumb Code   118  usbd_req.o(i.USBD_SetFeature)
    i.USBD_SetupStage                        0x080016c8   Section        0  usbd_core.o(i.USBD_SetupStage)
    USBD_SetupStage                          0x080016c9   Thumb Code    72  usbd_core.o(i.USBD_SetupStage)
    i.USBD_StdDevReq                         0x08001710   Section        0  usbd_req.o(i.USBD_StdDevReq)
    i.USBD_StdEPReq                          0x08001800   Section        0  usbd_req.o(i.USBD_StdEPReq)
    i.USBD_StdItfReq                         0x080018f0   Section        0  usbd_req.o(i.USBD_StdItfReq)
    i.USBD_Suspend                           0x08001926   Section        0  usbd_core.o(i.USBD_Suspend)
    USBD_Suspend                             0x08001927   Thumb Code    28  usbd_core.o(i.USBD_Suspend)
    i.USBD_USR_ConfigStrDescriptor           0x08001944   Section        0  usbd_desc.o(i.USBD_USR_ConfigStrDescriptor)
    i.USBD_USR_DeviceConfigured              0x08001964   Section        0  usbd_usr.o(i.USBD_USR_DeviceConfigured)
    i.USBD_USR_DeviceConnected               0x08001970   Section        0  usbd_usr.o(i.USBD_USR_DeviceConnected)
    i.USBD_USR_DeviceDescriptor              0x0800197c   Section        0  usbd_desc.o(i.USBD_USR_DeviceDescriptor)
    i.USBD_USR_DeviceDisconnected            0x08001988   Section        0  usbd_usr.o(i.USBD_USR_DeviceDisconnected)
    i.USBD_USR_DeviceReset                   0x08001994   Section        0  usbd_usr.o(i.USBD_USR_DeviceReset)
    i.USBD_USR_DeviceResumed                 0x08001996   Section        0  usbd_usr.o(i.USBD_USR_DeviceResumed)
    i.USBD_USR_DeviceSuspended               0x08001998   Section        0  usbd_usr.o(i.USBD_USR_DeviceSuspended)
    i.USBD_USR_Init                          0x080019a4   Section        0  usbd_usr.o(i.USBD_USR_Init)
    i.USBD_USR_InterfaceStrDescriptor        0x080019a8   Section        0  usbd_desc.o(i.USBD_USR_InterfaceStrDescriptor)
    i.USBD_USR_LangIDStrDescriptor           0x080019cc   Section        0  usbd_desc.o(i.USBD_USR_LangIDStrDescriptor)
    i.USBD_USR_ManufacturerStrDescriptor     0x080019d8   Section        0  usbd_desc.o(i.USBD_USR_ManufacturerStrDescriptor)
    i.USBD_USR_ProductStrDescriptor          0x08001a00   Section        0  usbd_desc.o(i.USBD_USR_ProductStrDescriptor)
    i.USBD_USR_SerialStrDescriptor           0x08001a64   Section        0  usbd_desc.o(i.USBD_USR_SerialStrDescriptor)
    i.USBD_cdc_GetCfgDesc                    0x08001a9c   Section        0  usbd_cdc_core.o(i.USBD_cdc_GetCfgDesc)
    USBD_cdc_GetCfgDesc                      0x08001a9d   Thumb Code     8  usbd_cdc_core.o(i.USBD_cdc_GetCfgDesc)
    i.USB_OTG_BSP_EnableInterrupt            0x08001aa8   Section        0  usb_bsp.o(i.USB_OTG_BSP_EnableInterrupt)
    i.USB_OTG_BSP_Init                       0x08001ad4   Section        0  usb_bsp.o(i.USB_OTG_BSP_Init)
    i.USB_OTG_BSP_mDelay                     0x08001b30   Section        0  usb_bsp.o(i.USB_OTG_BSP_mDelay)
    i.USB_OTG_BSP_uDelay                     0x08001b3a   Section        0  usb_bsp.o(i.USB_OTG_BSP_uDelay)
    i.USB_OTG_CoreInit                       0x08001b50   Section        0  usb_core.o(i.USB_OTG_CoreInit)
    i.USB_OTG_CoreInitDev                    0x08001bd0   Section        0  usb_core.o(i.USB_OTG_CoreInitDev)
    i.USB_OTG_CoreReset                      0x08001cfc   Section        0  usb_core.o(i.USB_OTG_CoreReset)
    USB_OTG_CoreReset                        0x08001cfd   Thumb Code    84  usb_core.o(i.USB_OTG_CoreReset)
    i.USB_OTG_DisableGlobalInt               0x08001d54   Section        0  usb_core.o(i.USB_OTG_DisableGlobalInt)
    i.USB_OTG_EP0Activate                    0x08001d64   Section        0  usb_core.o(i.USB_OTG_EP0Activate)
    i.USB_OTG_EP0StartXfer                   0x08001d9a   Section        0  usb_core.o(i.USB_OTG_EP0StartXfer)
    i.USB_OTG_EP0_OutStart                   0x08001e4c   Section        0  usb_core.o(i.USB_OTG_EP0_OutStart)
    i.USB_OTG_EPActivate                     0x08001e70   Section        0  usb_core.o(i.USB_OTG_EPActivate)
    i.USB_OTG_EPClearStall                   0x08001ec2   Section        0  usb_core.o(i.USB_OTG_EPClearStall)
    i.USB_OTG_EPDeactivate                   0x08001ef4   Section        0  usb_core.o(i.USB_OTG_EPDeactivate)
    i.USB_OTG_EPSetStall                     0x08001f28   Section        0  usb_core.o(i.USB_OTG_EPSetStall)
    i.USB_OTG_EPStartXfer                    0x08001f58   Section        0  usb_core.o(i.USB_OTG_EPStartXfer)
    i.USB_OTG_EnableDevInt                   0x0800208c   Section        0  usb_core.o(i.USB_OTG_EnableDevInt)
    i.USB_OTG_EnableGlobalInt                0x080020d4   Section        0  usb_core.o(i.USB_OTG_EnableGlobalInt)
    i.USB_OTG_FlushRxFifo                    0x080020e4   Section        0  usb_core.o(i.USB_OTG_FlushRxFifo)
    i.USB_OTG_FlushTxFifo                    0x08002120   Section        0  usb_core.o(i.USB_OTG_FlushTxFifo)
    i.USB_OTG_GetDeviceSpeed                 0x08002164   Section        0  usb_core.o(i.USB_OTG_GetDeviceSpeed)
    i.USB_OTG_InitDevSpeed                   0x08002182   Section        0  usb_core.o(i.USB_OTG_InitDevSpeed)
    i.USB_OTG_IsDeviceMode                   0x0800218e   Section        0  usb_core.o(i.USB_OTG_IsDeviceMode)
    i.USB_OTG_ReadCoreItr                    0x080021a0   Section        0  usb_core.o(i.USB_OTG_ReadCoreItr)
    i.USB_OTG_ReadDevAllInEPItr              0x080021aa   Section        0  usb_core.o(i.USB_OTG_ReadDevAllInEPItr)
    i.USB_OTG_ReadDevAllOutEp_itr            0x080021b6   Section        0  usb_core.o(i.USB_OTG_ReadDevAllOutEp_itr)
    i.USB_OTG_ReadDevOutEP_itr               0x080021c2   Section        0  usb_core.o(i.USB_OTG_ReadDevOutEP_itr)
    i.USB_OTG_ReadPacket                     0x080021d2   Section        0  usb_core.o(i.USB_OTG_ReadPacket)
    i.USB_OTG_SelectCore                     0x080021f4   Section        0  usb_core.o(i.USB_OTG_SelectCore)
    i.USB_OTG_SetCurrentMode                 0x080022b4   Section        0  usb_core.o(i.USB_OTG_SetCurrentMode)
    i.USB_OTG_WritePacket                    0x080022de   Section        0  usb_core.o(i.USB_OTG_WritePacket)
    i.UsageFault_Handler                     0x08002306   Section        0  stm32f4xx_it.o(i.UsageFault_Handler)
    i.VCP_Ctrl                               0x08002308   Section        0  usbd_cdc_vcp.o(i.VCP_Ctrl)
    VCP_Ctrl                                 0x08002309   Thumb Code    78  usbd_cdc_vcp.o(i.VCP_Ctrl)
    i.VCP_DataRx                             0x0800235c   Section        0  usbd_cdc_vcp.o(i.VCP_DataRx)
    VCP_DataRx                               0x0800235d   Thumb Code    54  usbd_cdc_vcp.o(i.VCP_DataRx)
    i.VCP_DataTx                             0x0800239c   Section        0  usbd_cdc_vcp.o(i.VCP_DataTx)
    VCP_DataTx                               0x0800239d   Thumb Code    46  usbd_cdc_vcp.o(i.VCP_DataTx)
    i.VCP_DeInit                             0x080023d8   Section        0  usbd_cdc_vcp.o(i.VCP_DeInit)
    VCP_DeInit                               0x080023d9   Thumb Code     4  usbd_cdc_vcp.o(i.VCP_DeInit)
    i.VCP_Init                               0x080023dc   Section        0  usbd_cdc_vcp.o(i.VCP_Init)
    VCP_Init                                 0x080023dd   Thumb Code     4  usbd_cdc_vcp.o(i.VCP_Init)
    i.__scatterload_copy                     0x080023e0   Section       14  handlers.o(i.__scatterload_copy)
    i.__scatterload_null                     0x080023ee   Section        2  handlers.o(i.__scatterload_null)
    i.__scatterload_zeroinit                 0x080023f0   Section       14  handlers.o(i.__scatterload_zeroinit)
    i.delay_init                             0x08002400   Section        0  delay.o(i.delay_init)
    i.delay_ms                               0x0800242c   Section        0  delay.o(i.delay_ms)
    i.delay_xms                              0x08002460   Section        0  delay.o(i.delay_xms)
    i.getDeviceInfo                          0x08002494   Section        0  main.o(i.getDeviceInfo)
    i.iapResponse                            0x080024c8   Section        0  main.o(i.iapResponse)
    i.iap_load_app                           0x080024ec   Section        0  iap.o(i.iap_load_app)
    i.iap_write_appbin                       0x08002530   Section        0  iap.o(i.iap_write_appbin)
    i.isUpgradeFirmware                      0x0800259c   Section        0  main.o(i.isUpgradeFirmware)
    i.ledInit                                0x080025e0   Section        0  led.o(i.ledInit)
    i.main                                   0x08002664   Section        0  main.o(i.main)
    i.usbIapResponse                         0x08002798   Section        0  usbd_cdc_vcp.o(i.usbIapResponse)
    i.usbd_cdc_DataIn                        0x080027b0   Section        0  usbd_cdc_core.o(i.usbd_cdc_DataIn)
    i.usbd_cdc_DataOut                       0x08002814   Section        0  usbd_cdc_core.o(i.usbd_cdc_DataOut)
    i.usbd_cdc_DeInit                        0x08002848   Section        0  usbd_cdc_core.o(i.usbd_cdc_DeInit)
    i.usbd_cdc_EP0_RxReady                   0x08002870   Section        0  usbd_cdc_core.o(i.usbd_cdc_EP0_RxReady)
    i.usbd_cdc_Init                          0x08002898   Section        0  usbd_cdc_core.o(i.usbd_cdc_Init)
    i.usbd_cdc_SOF                           0x080028ec   Section        0  usbd_cdc_core.o(i.usbd_cdc_SOF)
    i.usbd_cdc_Setup                         0x0800290c   Section        0  usbd_cdc_core.o(i.usbd_cdc_Setup)
    i.usbd_cdc_vcp_Init                      0x080029a4   Section        0  usbd_cdc_vcp.o(i.usbd_cdc_vcp_Init)
    .constdata                               0x080029c8   Section       16  main.o(.constdata)
    .data                                    0x20000000   Section        4  delay.o(.data)
    fac_us                                   0x20000000   Data           1  delay.o(.data)
    fac_ms                                   0x20000002   Data           2  delay.o(.data)
    .data                                    0x20000004   Section       16  stm32f4xx_rcc.o(.data)
    APBAHBPrescTable                         0x20000004   Data          16  stm32f4xx_rcc.o(.data)
    .data                                    0x20000014   Section       44  usbd_core.o(.data)
    .data                                    0x20000040   Section        4  usbd_core.o(.data)
    .data                                    0x20000044   Section        4  usbd_core.o(.data)
    .data                                    0x20000048   Section       16  usbd_req.o(.data)
    cfgidx                                   0x20000048   Data           1  usbd_req.o(.data)
    .data                                    0x20000058   Section      107  usbd_cdc_core.o(.data)
    usbd_cdc_AltSet                          0x2000005c   Data           4  usbd_cdc_core.o(.data)
    cdcCmd                                   0x2000006c   Data           4  usbd_cdc_core.o(.data)
    cdcLen                                   0x20000070   Data           4  usbd_cdc_core.o(.data)
    FrameCount                               0x20000074   Data           4  usbd_cdc_core.o(.data)
    .data                                    0x200000c4   Section       44  usbd_cdc_core.o(.data)
    .data                                    0x200000f0   Section       12  usbd_cdc_vcp.o(.data)
    .data                                    0x200000fc   Section       20  usbd_cdc_vcp.o(.data)
    .data                                    0x20000110   Section       28  usbd_desc.o(.data)
    .data                                    0x2000012c   Section       48  usbd_desc.o(.data)
    .data                                    0x2000015c   Section        1  usbd_usr.o(.data)
    .data                                    0x20000160   Section       28  usbd_usr.o(.data)
    .data                                    0x2000017c   Section        4  iap.o(.data)
    .bss                                     0x20000180   Section     2084  main.o(.bss)
    .bss                                     0x200009a4   Section      576  usbd_cdc_core.o(.bss)
    .bss                                     0x20000be4   Section     3772  usbd_cdc_vcp.o(.bss)
    .bss                                     0x20001aa0   Section      255  usbd_desc.o(.bss)
    .bss                                     0x20001ba0   Section       28  protocol.o(.bss)
    .bss                                     0x20001bbc   Section     2048  iap.o(.bss)
    STACK                                    0x200023c0   Section     1024  startup_stm32f411xe.o(STACK)

    Global Symbols

    Symbol Name                              Value     Ov Type        Size  Object(Section)

    BuildAttributes$$THM_ISAv4$E$P$D$K$B$S$7EM$VFPi3$EXTD16$VFPS$VFMA$PE$A:L22UL41UL21$X:L11$S22US41US21$IEEE1$IW$USESV6$~STKCKD$USESV7$~SHL$OSPACE$ROPI$EBA8$MICROLIB$REQ8$PRES8$EABIv2 0x00000000   Number         0  anon$$obj.o ABSOLUTE
    __ARM_use_no_argv                        0x00000000   Number         0  main.o ABSOLUTE
    __cpp_initialize__aeabi_                  - Undefined Weak Reference
    __cxa_finalize                            - Undefined Weak Reference
    _clock_init                               - Undefined Weak Reference
    _microlib_exit                            - Undefined Weak Reference
    __Vectors_Size                           0x00000198   Number         0  startup_stm32f411xe.o ABSOLUTE
    __Vectors                                0x08000000   Data           4  startup_stm32f411xe.o(RESET)
    __Vectors_End                            0x08000198   Data           0  startup_stm32f411xe.o(RESET)
    __main                                   0x08000199   Thumb Code     0  entry.o(.ARM.Collect$$$$00000000)
    _main_stk                                0x08000199   Thumb Code     0  entry2.o(.ARM.Collect$$$$00000001)
    _main_scatterload                        0x0800019d   Thumb Code     0  entry5.o(.ARM.Collect$$$$00000004)
    __main_after_scatterload                 0x080001a1   Thumb Code     0  entry5.o(.ARM.Collect$$$$00000004)
    _main_clock                              0x080001a1   Thumb Code     0  entry7b.o(.ARM.Collect$$$$00000008)
    _main_cpp_init                           0x080001a1   Thumb Code     0  entry8b.o(.ARM.Collect$$$$0000000A)
    _main_init                               0x080001a1   Thumb Code     0  entry9a.o(.ARM.Collect$$$$0000000B)
    __rt_final_cpp                           0x080001a9   Thumb Code     0  entry10a.o(.ARM.Collect$$$$0000000D)
    __rt_final_exit                          0x080001a9   Thumb Code     0  entry11a.o(.ARM.Collect$$$$0000000F)
    WFI_SET                                  0x080001ad   Thumb Code     2  sys.o(.emb_text)
    INTX_DISABLE                             0x080001af   Thumb Code     4  sys.o(.emb_text)
    INTX_ENABLE                              0x080001b3   Thumb Code     4  sys.o(.emb_text)
    MSR_MSP                                  0x080001b7   Thumb Code     6  sys.o(.emb_text)
    Reset_Handler                            0x080001bd   Thumb Code     8  startup_stm32f411xe.o(.text)
    SysTick_Handler                          0x080001d5   Thumb Code     2  startup_stm32f411xe.o(.text)
    ADC_IRQHandler                           0x080001d7   Thumb Code     0  startup_stm32f411xe.o(.text)
    DMA1_Stream0_IRQHandler                  0x080001d7   Thumb Code     0  startup_stm32f411xe.o(.text)
    DMA1_Stream1_IRQHandler                  0x080001d7   Thumb Code     0  startup_stm32f411xe.o(.text)
    DMA1_Stream2_IRQHandler                  0x080001d7   Thumb Code     0  startup_stm32f411xe.o(.text)
    DMA1_Stream3_IRQHandler                  0x080001d7   Thumb Code     0  startup_stm32f411xe.o(.text)
    DMA1_Stream4_IRQHandler                  0x080001d7   Thumb Code     0  startup_stm32f411xe.o(.text)
    DMA1_Stream5_IRQHandler                  0x080001d7   Thumb Code     0  startup_stm32f411xe.o(.text)
    DMA1_Stream6_IRQHandler                  0x080001d7   Thumb Code     0  startup_stm32f411xe.o(.text)
    DMA1_Stream7_IRQHandler                  0x080001d7   Thumb Code     0  startup_stm32f411xe.o(.text)
    DMA2_Stream0_IRQHandler                  0x080001d7   Thumb Code     0  startup_stm32f411xe.o(.text)
    DMA2_Stream1_IRQHandler                  0x080001d7   Thumb Code     0  startup_stm32f411xe.o(.text)
    DMA2_Stream2_IRQHandler                  0x080001d7   Thumb Code     0  startup_stm32f411xe.o(.text)
    DMA2_Stream3_IRQHandler                  0x080001d7   Thumb Code     0  startup_stm32f411xe.o(.text)
    DMA2_Stream4_IRQHandler                  0x080001d7   Thumb Code     0  startup_stm32f411xe.o(.text)
    DMA2_Stream5_IRQHandler                  0x080001d7   Thumb Code     0  startup_stm32f411xe.o(.text)
    DMA2_Stream6_IRQHandler                  0x080001d7   Thumb Code     0  startup_stm32f411xe.o(.text)
    DMA2_Stream7_IRQHandler                  0x080001d7   Thumb Code     0  startup_stm32f411xe.o(.text)
    EXTI0_IRQHandler                         0x080001d7   Thumb Code     0  startup_stm32f411xe.o(.text)
    EXTI15_10_IRQHandler                     0x080001d7   Thumb Code     0  startup_stm32f411xe.o(.text)
    EXTI1_IRQHandler                         0x080001d7   Thumb Code     0  startup_stm32f411xe.o(.text)
    EXTI2_IRQHandler                         0x080001d7   Thumb Code     0  startup_stm32f411xe.o(.text)
    EXTI3_IRQHandler                         0x080001d7   Thumb Code     0  startup_stm32f411xe.o(.text)
    EXTI4_IRQHandler                         0x080001d7   Thumb Code     0  startup_stm32f411xe.o(.text)
    EXTI9_5_IRQHandler                       0x080001d7   Thumb Code     0  startup_stm32f411xe.o(.text)
    FLASH_IRQHandler                         0x080001d7   Thumb Code     0  startup_stm32f411xe.o(.text)
    FPU_IRQHandler                           0x080001d7   Thumb Code     0  startup_stm32f411xe.o(.text)
    I2C1_ER_IRQHandler                       0x080001d7   Thumb Code     0  startup_stm32f411xe.o(.text)
    I2C1_EV_IRQHandler                       0x080001d7   Thumb Code     0  startup_stm32f411xe.o(.text)
    I2C2_ER_IRQHandler                       0x080001d7   Thumb Code     0  startup_stm32f411xe.o(.text)
    I2C2_EV_IRQHandler                       0x080001d7   Thumb Code     0  startup_stm32f411xe.o(.text)
    I2C3_ER_IRQHandler                       0x080001d7   Thumb Code     0  startup_stm32f411xe.o(.text)
    I2C3_EV_IRQHandler                       0x080001d7   Thumb Code     0  startup_stm32f411xe.o(.text)
    OTG_FS_WKUP_IRQHandler                   0x080001d7   Thumb Code     0  startup_stm32f411xe.o(.text)
    PVD_IRQHandler                           0x080001d7   Thumb Code     0  startup_stm32f411xe.o(.text)
    RCC_IRQHandler                           0x080001d7   Thumb Code     0  startup_stm32f411xe.o(.text)
    RTC_Alarm_IRQHandler                     0x080001d7   Thumb Code     0  startup_stm32f411xe.o(.text)
    RTC_WKUP_IRQHandler                      0x080001d7   Thumb Code     0  startup_stm32f411xe.o(.text)
    SDIO_IRQHandler                          0x080001d7   Thumb Code     0  startup_stm32f411xe.o(.text)
    SPI1_IRQHandler                          0x080001d7   Thumb Code     0  startup_stm32f411xe.o(.text)
    SPI2_IRQHandler                          0x080001d7   Thumb Code     0  startup_stm32f411xe.o(.text)
    SPI3_IRQHandler                          0x080001d7   Thumb Code     0  startup_stm32f411xe.o(.text)
    SPI4_IRQHandler                          0x080001d7   Thumb Code     0  startup_stm32f411xe.o(.text)
    SPI5_IRQHandler                          0x080001d7   Thumb Code     0  startup_stm32f411xe.o(.text)
    TAMP_STAMP_IRQHandler                    0x080001d7   Thumb Code     0  startup_stm32f411xe.o(.text)
    TIM1_BRK_TIM9_IRQHandler                 0x080001d7   Thumb Code     0  startup_stm32f411xe.o(.text)
    TIM1_CC_IRQHandler                       0x080001d7   Thumb Code     0  startup_stm32f411xe.o(.text)
    TIM1_TRG_COM_TIM11_IRQHandler            0x080001d7   Thumb Code     0  startup_stm32f411xe.o(.text)
    TIM1_UP_TIM10_IRQHandler                 0x080001d7   Thumb Code     0  startup_stm32f411xe.o(.text)
    TIM2_IRQHandler                          0x080001d7   Thumb Code     0  startup_stm32f411xe.o(.text)
    TIM3_IRQHandler                          0x080001d7   Thumb Code     0  startup_stm32f411xe.o(.text)
    TIM4_IRQHandler                          0x080001d7   Thumb Code     0  startup_stm32f411xe.o(.text)
    TIM5_IRQHandler                          0x080001d7   Thumb Code     0  startup_stm32f411xe.o(.text)
    USART1_IRQHandler                        0x080001d7   Thumb Code     0  startup_stm32f411xe.o(.text)
    USART2_IRQHandler                        0x080001d7   Thumb Code     0  startup_stm32f411xe.o(.text)
    USART6_IRQHandler                        0x080001d7   Thumb Code     0  startup_stm32f411xe.o(.text)
    WWDG_IRQHandler                          0x080001d7   Thumb Code     0  startup_stm32f411xe.o(.text)
    __aeabi_memcpy                           0x080001e1   Thumb Code    36  memcpya.o(.text)
    __aeabi_memcpy4                          0x080001e1   Thumb Code     0  memcpya.o(.text)
    __aeabi_memcpy8                          0x080001e1   Thumb Code     0  memcpya.o(.text)
    __scatterload                            0x08000205   Thumb Code    28  init.o(.text)
    __scatterload_rt2                        0x08000205   Thumb Code     0  init.o(.text)
    __decompress                             0x08000229   Thumb Code     0  __dczerorl2.o(.text)
    __decompress1                            0x08000229   Thumb Code    86  __dczerorl2.o(.text)
    BusFault_Handler                         0x0800027f   Thumb Code     2  stm32f4xx_it.o(i.BusFault_Handler)
    Checksum_Sum                             0x08000281   Thumb Code    24  check.o(i.Checksum_Sum)
    DCD_EP_Close                             0x08000299   Thumb Code    44  usb_dcd.o(i.DCD_EP_Close)
    DCD_EP_ClrStall                          0x080002c5   Thumb Code    56  usb_dcd.o(i.DCD_EP_ClrStall)
    DCD_EP_Open                              0x080002fd   Thumb Code    60  usb_dcd.o(i.DCD_EP_Open)
    DCD_EP_PrepareRx                         0x08000339   Thumb Code    68  usb_dcd.o(i.DCD_EP_PrepareRx)
    DCD_EP_SetAddress                        0x0800037d   Thumb Code    16  usb_dcd.o(i.DCD_EP_SetAddress)
    DCD_EP_Stall                             0x0800038d   Thumb Code    56  usb_dcd.o(i.DCD_EP_Stall)
    DCD_EP_Tx                                0x080003c5   Thumb Code    62  usb_dcd.o(i.DCD_EP_Tx)
    DCD_Init                                 0x0800082d   Thumb Code   146  usb_dcd.o(i.DCD_Init)
    DebugMon_Handler                         0x0800094d   Thumb Code     2  stm32f4xx_it.o(i.DebugMon_Handler)
    FLASH_DataCacheCmd                       0x08000951   Thumb Code    22  stm32f4xx_flash.o(i.FLASH_DataCacheCmd)
    FLASH_EraseSector                        0x0800096d   Thumb Code   104  stm32f4xx_flash.o(i.FLASH_EraseSector)
    FLASH_GetStatus                          0x080009d9   Thumb Code    56  stm32f4xx_flash.o(i.FLASH_GetStatus)
    FLASH_Lock                               0x08000a15   Thumb Code    12  stm32f4xx_flash.o(i.FLASH_Lock)
    FLASH_ProgramWord                        0x08000a25   Thumb Code    56  stm32f4xx_flash.o(i.FLASH_ProgramWord)
    FLASH_Unlock                             0x08000a61   Thumb Code    22  stm32f4xx_flash.o(i.FLASH_Unlock)
    FLASH_WaitForLastOperation               0x08000a85   Thumb Code    30  stm32f4xx_flash.o(i.FLASH_WaitForLastOperation)
    GPIO_Init                                0x08000aa3   Thumb Code   120  stm32f4xx_gpio.o(i.GPIO_Init)
    GPIO_PinAFConfig                         0x08000b1b   Thumb Code    32  stm32f4xx_gpio.o(i.GPIO_PinAFConfig)
    GPIO_ReadInputDataBit                    0x08000b3b   Thumb Code    14  stm32f4xx_gpio.o(i.GPIO_ReadInputDataBit)
    HardFault_Handler                        0x08000bb9   Thumb Code     2  stm32f4xx_it.o(i.HardFault_Handler)
    MemManage_Handler                        0x08000bf1   Thumb Code     2  stm32f4xx_it.o(i.MemManage_Handler)
    NMI_Handler                              0x08000bf3   Thumb Code     2  stm32f4xx_it.o(i.NMI_Handler)
    NVIC_Init                                0x08000bf5   Thumb Code    96  misc.o(i.NVIC_Init)
    NVIC_PriorityGroupConfig                 0x08000c59   Thumb Code    10  misc.o(i.NVIC_PriorityGroupConfig)
    OTG_FS_IRQHandler                        0x08000c6d   Thumb Code     6  usbd_usr.o(i.OTG_FS_IRQHandler)
    OneByteToStr                             0x08000c79   Thumb Code    24  main.o(i.OneByteToStr)
    PendSV_Handler                           0x08000c95   Thumb Code     2  stm32f4xx_it.o(i.PendSV_Handler)
    RCC_AHB1PeriphClockCmd                   0x08000c99   Thumb Code    18  stm32f4xx_rcc.o(i.RCC_AHB1PeriphClockCmd)
    RCC_AHB2PeriphClockCmd                   0x08000cb1   Thumb Code    18  stm32f4xx_rcc.o(i.RCC_AHB2PeriphClockCmd)
    RCC_APB2PeriphClockCmd                   0x08000cc9   Thumb Code    18  stm32f4xx_rcc.o(i.RCC_APB2PeriphClockCmd)
    RCC_GetClocksFreq                        0x08000ce1   Thumb Code   132  stm32f4xx_rcc.o(i.RCC_GetClocksFreq)
    STMFLASH_GetFlashSector                  0x08000d71   Thumb Code   114  stmflash.o(i.STMFLASH_GetFlashSector)
    STMFLASH_Read                            0x08000e11   Thumb Code    20  stmflash.o(i.STMFLASH_Read)
    STMFLASH_Write                           0x08000e25   Thumb Code   122  stmflash.o(i.STMFLASH_Write)
    SVC_Handler                              0x08000ea5   Thumb Code     2  stm32f4xx_it.o(i.SVC_Handler)
    SysTick_CLKSourceConfig                  0x08000f59   Thumb Code    24  misc.o(i.SysTick_CLKSourceConfig)
    SystemInit                               0x08000f71   Thumb Code    74  system_stm32f4xx.o(i.SystemInit)
    TransportProtocol_Init                   0x08000fcd   Thumb Code    18  protocol.o(i.TransportProtocol_Init)
    USBD_ClrCfg                              0x080010e1   Thumb Code    14  usbd_core.o(i.USBD_ClrCfg)
    USBD_CtlContinueRx                       0x080010ef   Thumb Code    18  usbd_ioreq.o(i.USBD_CtlContinueRx)
    USBD_CtlContinueSendData                 0x08001101   Thumb Code    18  usbd_ioreq.o(i.USBD_CtlContinueSendData)
    USBD_CtlError                            0x08001113   Thumb Code    28  usbd_req.o(i.USBD_CtlError)
    USBD_CtlPrepareRx                        0x0800112f   Thumb Code    32  usbd_ioreq.o(i.USBD_CtlPrepareRx)
    USBD_CtlReceiveStatus                    0x0800114f   Thumb Code    34  usbd_ioreq.o(i.USBD_CtlReceiveStatus)
    USBD_CtlSendData                         0x08001171   Thumb Code    32  usbd_ioreq.o(i.USBD_CtlSendData)
    USBD_CtlSendStatus                       0x08001191   Thumb Code    34  usbd_ioreq.o(i.USBD_CtlSendStatus)
    USBD_GetString                           0x0800139d   Thumb Code    70  usbd_req.o(i.USBD_GetString)
    USBD_Init                                0x080013e3   Thumb Code    52  usbd_core.o(i.USBD_Init)
    USBD_OTG_ISR_Handler                     0x08001435   Thumb Code   236  usb_dcd_int.o(i.USBD_OTG_ISR_Handler)
    USBD_ParseSetupRequest                   0x08001525   Thumb Code    68  usbd_req.o(i.USBD_ParseSetupRequest)
    USBD_SetCfg                              0x080015bd   Thumb Code    26  usbd_core.o(i.USBD_SetCfg)
    USBD_StdDevReq                           0x08001711   Thumb Code   236  usbd_req.o(i.USBD_StdDevReq)
    USBD_StdEPReq                            0x08001801   Thumb Code   236  usbd_req.o(i.USBD_StdEPReq)
    USBD_StdItfReq                           0x080018f1   Thumb Code    54  usbd_req.o(i.USBD_StdItfReq)
    USBD_USR_ConfigStrDescriptor             0x08001945   Thumb Code    16  usbd_desc.o(i.USBD_USR_ConfigStrDescriptor)
    USBD_USR_DeviceConfigured                0x08001965   Thumb Code     8  usbd_usr.o(i.USBD_USR_DeviceConfigured)
    USBD_USR_DeviceConnected                 0x08001971   Thumb Code     8  usbd_usr.o(i.USBD_USR_DeviceConnected)
    USBD_USR_DeviceDescriptor                0x0800197d   Thumb Code     8  usbd_desc.o(i.USBD_USR_DeviceDescriptor)
    USBD_USR_DeviceDisconnected              0x08001989   Thumb Code     8  usbd_usr.o(i.USBD_USR_DeviceDisconnected)
    USBD_USR_DeviceReset                     0x08001995   Thumb Code     2  usbd_usr.o(i.USBD_USR_DeviceReset)
    USBD_USR_DeviceResumed                   0x08001997   Thumb Code     2  usbd_usr.o(i.USBD_USR_DeviceResumed)
    USBD_USR_DeviceSuspended                 0x08001999   Thumb Code     8  usbd_usr.o(i.USBD_USR_DeviceSuspended)
    USBD_USR_Init                            0x080019a5   Thumb Code     2  usbd_usr.o(i.USBD_USR_Init)
    USBD_USR_InterfaceStrDescriptor          0x080019a9   Thumb Code    16  usbd_desc.o(i.USBD_USR_InterfaceStrDescriptor)
    USBD_USR_LangIDStrDescriptor             0x080019cd   Thumb Code     8  usbd_desc.o(i.USBD_USR_LangIDStrDescriptor)
    USBD_USR_ManufacturerStrDescriptor       0x080019d9   Thumb Code    16  usbd_desc.o(i.USBD_USR_ManufacturerStrDescriptor)
    USBD_USR_ProductStrDescriptor            0x08001a01   Thumb Code    22  usbd_desc.o(i.USBD_USR_ProductStrDescriptor)
    USBD_USR_SerialStrDescriptor             0x08001a65   Thumb Code    48  usbd_desc.o(i.USBD_USR_SerialStrDescriptor)
    USB_OTG_BSP_EnableInterrupt              0x08001aa9   Thumb Code    42  usb_bsp.o(i.USB_OTG_BSP_EnableInterrupt)
    USB_OTG_BSP_Init                         0x08001ad5   Thumb Code    86  usb_bsp.o(i.USB_OTG_BSP_Init)
    USB_OTG_BSP_mDelay                       0x08001b31   Thumb Code    10  usb_bsp.o(i.USB_OTG_BSP_mDelay)
    USB_OTG_BSP_uDelay                       0x08001b3b   Thumb Code    22  usb_bsp.o(i.USB_OTG_BSP_uDelay)
    USB_OTG_CoreInit                         0x08001b51   Thumb Code   128  usb_core.o(i.USB_OTG_CoreInit)
    USB_OTG_CoreInitDev                      0x08001bd1   Thumb Code   298  usb_core.o(i.USB_OTG_CoreInitDev)
    USB_OTG_DisableGlobalInt                 0x08001d55   Thumb Code    16  usb_core.o(i.USB_OTG_DisableGlobalInt)
    USB_OTG_EP0Activate                      0x08001d65   Thumb Code    54  usb_core.o(i.USB_OTG_EP0Activate)
    USB_OTG_EP0StartXfer                     0x08001d9b   Thumb Code   176  usb_core.o(i.USB_OTG_EP0StartXfer)
    USB_OTG_EP0_OutStart                     0x08001e4d   Thumb Code    32  usb_core.o(i.USB_OTG_EP0_OutStart)
    USB_OTG_EPActivate                       0x08001e71   Thumb Code    82  usb_core.o(i.USB_OTG_EPActivate)
    USB_OTG_EPClearStall                     0x08001ec3   Thumb Code    50  usb_core.o(i.USB_OTG_EPClearStall)
    USB_OTG_EPDeactivate                     0x08001ef5   Thumb Code    52  usb_core.o(i.USB_OTG_EPDeactivate)
    USB_OTG_EPSetStall                       0x08001f29   Thumb Code    48  usb_core.o(i.USB_OTG_EPSetStall)
    USB_OTG_EPStartXfer                      0x08001f59   Thumb Code   306  usb_core.o(i.USB_OTG_EPStartXfer)
    USB_OTG_EnableDevInt                     0x0800208d   Thumb Code    66  usb_core.o(i.USB_OTG_EnableDevInt)
    USB_OTG_EnableGlobalInt                  0x080020d5   Thumb Code    16  usb_core.o(i.USB_OTG_EnableGlobalInt)
    USB_OTG_FlushRxFifo                      0x080020e5   Thumb Code    54  usb_core.o(i.USB_OTG_FlushRxFifo)
    USB_OTG_FlushTxFifo                      0x08002121   Thumb Code    62  usb_core.o(i.USB_OTG_FlushTxFifo)
    USB_OTG_GetDeviceSpeed                   0x08002165   Thumb Code    30  usb_core.o(i.USB_OTG_GetDeviceSpeed)
    USB_OTG_InitDevSpeed                     0x08002183   Thumb Code    12  usb_core.o(i.USB_OTG_InitDevSpeed)
    USB_OTG_IsDeviceMode                     0x0800218f   Thumb Code    18  usb_core.o(i.USB_OTG_IsDeviceMode)
    USB_OTG_ReadCoreItr                      0x080021a1   Thumb Code    10  usb_core.o(i.USB_OTG_ReadCoreItr)
    USB_OTG_ReadDevAllInEPItr                0x080021ab   Thumb Code    12  usb_core.o(i.USB_OTG_ReadDevAllInEPItr)
    USB_OTG_ReadDevAllOutEp_itr              0x080021b7   Thumb Code    12  usb_core.o(i.USB_OTG_ReadDevAllOutEp_itr)
    USB_OTG_ReadDevOutEP_itr                 0x080021c3   Thumb Code    16  usb_core.o(i.USB_OTG_ReadDevOutEP_itr)
    USB_OTG_ReadPacket                       0x080021d3   Thumb Code    32  usb_core.o(i.USB_OTG_ReadPacket)
    USB_OTG_SelectCore                       0x080021f5   Thumb Code   188  usb_core.o(i.USB_OTG_SelectCore)
    USB_OTG_SetCurrentMode                   0x080022b5   Thumb Code    42  usb_core.o(i.USB_OTG_SetCurrentMode)
    USB_OTG_WritePacket                      0x080022df   Thumb Code    40  usb_core.o(i.USB_OTG_WritePacket)
    UsageFault_Handler                       0x08002307   Thumb Code     2  stm32f4xx_it.o(i.UsageFault_Handler)
    __scatterload_copy                       0x080023e1   Thumb Code    14  handlers.o(i.__scatterload_copy)
    __scatterload_null                       0x080023ef   Thumb Code     2  handlers.o(i.__scatterload_null)
    __scatterload_zeroinit                   0x080023f1   Thumb Code    14  handlers.o(i.__scatterload_zeroinit)
    delay_init                               0x08002401   Thumb Code    38  delay.o(i.delay_init)
    delay_ms                                 0x0800242d   Thumb Code    52  delay.o(i.delay_ms)
    delay_xms                                0x08002461   Thumb Code    46  delay.o(i.delay_xms)
    getDeviceInfo                            0x08002495   Thumb Code    40  main.o(i.getDeviceInfo)
    iapResponse                              0x080024c9   Thumb Code    26  main.o(i.iapResponse)
    iap_load_app                             0x080024ed   Thumb Code    60  iap.o(i.iap_load_app)
    iap_write_appbin                         0x08002531   Thumb Code   102  iap.o(i.iap_write_appbin)
    isUpgradeFirmware                        0x0800259d   Thumb Code    60  main.o(i.isUpgradeFirmware)
    ledInit                                  0x080025e1   Thumb Code   108  led.o(i.ledInit)
    main                                     0x08002665   Thumb Code   274  main.o(i.main)
    usbIapResponse                           0x08002799   Thumb Code    24  usbd_cdc_vcp.o(i.usbIapResponse)
    usbd_cdc_DataIn                          0x080027b1   Thumb Code    90  usbd_cdc_core.o(i.usbd_cdc_DataIn)
    usbd_cdc_DataOut                         0x08002815   Thumb Code    42  usbd_cdc_core.o(i.usbd_cdc_DataOut)
    usbd_cdc_DeInit                          0x08002849   Thumb Code    36  usbd_cdc_core.o(i.usbd_cdc_DeInit)
    usbd_cdc_EP0_RxReady                     0x08002871   Thumb Code    30  usbd_cdc_core.o(i.usbd_cdc_EP0_RxReady)
    usbd_cdc_Init                            0x08002899   Thumb Code    70  usbd_cdc_core.o(i.usbd_cdc_Init)
    usbd_cdc_SOF                             0x080028ed   Thumb Code    26  usbd_cdc_core.o(i.usbd_cdc_SOF)
    usbd_cdc_Setup                           0x0800290d   Thumb Code   142  usbd_cdc_core.o(i.usbd_cdc_Setup)
    usbd_cdc_vcp_Init                        0x080029a5   Thumb Code    20  usbd_cdc_vcp.o(i.usbd_cdc_vcp_Init)
    HexTable                                 0x080029c8   Data          16  main.o(.constdata)
    Region$$Table$$Base                      0x080029d8   Number         0  anon$$obj.o(Region$$Table)
    Region$$Table$$Limit                     0x080029f8   Number         0  anon$$obj.o(Region$$Table)
    USBD_DCD_INT_cb                          0x20000014   Data          44  usbd_core.o(.data)
    USBD_DCD_INT_fops                        0x20000040   Data           4  usbd_core.o(.data)
    SET_TEST_MODE                            0x20000044   Data           4  usbd_core.o(.data)
    USBD_ep_status                           0x2000004c   Data           4  usbd_req.o(.data)
    USBD_default_cfg                         0x20000050   Data           4  usbd_req.o(.data)
    USBD_cfg_status                          0x20000054   Data           4  usbd_req.o(.data)
    USB_Tx_State                             0x20000058   Data           1  usbd_cdc_core.o(.data)
    APP_Rx_ptr_in                            0x20000060   Data           4  usbd_cdc_core.o(.data)
    APP_Rx_ptr_out                           0x20000064   Data           4  usbd_cdc_core.o(.data)
    APP_Rx_length                            0x20000068   Data           4  usbd_cdc_core.o(.data)
    CmdBuff                                  0x20000078   Data           8  usbd_cdc_core.o(.data)
    usbd_cdc_CfgDesc                         0x20000080   Data          67  usbd_cdc_core.o(.data)
    USBD_CDC_cb                              0x200000c4   Data          44  usbd_cdc_core.o(.data)
    usb_rx_ptr_in                            0x200000f0   Data           2  usbd_cdc_vcp.o(.data)
    usb_rx_ptr_out                           0x200000f2   Data           2  usbd_cdc_vcp.o(.data)
    linecoding                               0x200000f4   Data           8  usbd_cdc_vcp.o(.data)
    VCP_fops                                 0x200000fc   Data          20  usbd_cdc_vcp.o(.data)
    USR_desc                                 0x20000110   Data          28  usbd_desc.o(.data)
    USBD_LangIDDesc                          0x2000012c   Data           4  usbd_desc.o(.data)
    USBD_DeviceDesc                          0x20000130   Data          18  usbd_desc.o(.data)
    USBD_StringSerial                        0x20000142   Data          26  usbd_desc.o(.data)
    bDeviceState                             0x2000015c   Data           1  usbd_usr.o(.data)
    USR_cb                                   0x20000160   Data          28  usbd_usr.o(.data)
    jump2app                                 0x2000017c   Data           4  iap.o(.data)
    RecieveBuf                               0x20000180   Data          10  main.o(.bss)
    DeviceInfoBuffer                         0x2000018a   Data          13  main.o(.bss)
    ipap_buf                                 0x20000197   Data        2048  main.o(.bss)
    TransportProtocol                        0x20000998   Data          12  main.o(.bss)
    USB_Rx_Buffer                            0x200009a4   Data          64  usbd_cdc_core.o(.bss)
    APP_Rx_Buffer                            0x200009e4   Data         512  usbd_cdc_core.o(.bss)
    USB_OTG_dev                              0x20000be4   Data        1524  usbd_cdc_vcp.o(.bss)
    usb_rx_buf                               0x200011d8   Data        2048  usbd_cdc_vcp.o(.bss)
    USART_PRINTF_Buffer                      0x200019d8   Data         200  usbd_cdc_vcp.o(.bss)
    USBD_StrDesc                             0x20001aa0   Data         255  usbd_desc.o(.bss)
    TransportProtocol_Manager                0x20001ba0   Data          28  protocol.o(.bss)
    iapbuf                                   0x20001bbc   Data        2048  iap.o(.bss)
    __initial_sp                             0x200027c0   Data           0  startup_stm32f411xe.o(STACK)



==============================================================================

Memory Map of the image

  Image Entry point : 0x08000199

  Load Region LR_IROM1 (Base: 0x08000000, Size: 0x00002b78, Max: 0x00008000, ABSOLUTE, COMPRESSED[0x00002ae0])

    Execution Region ER_IROM1 (Base: 0x08000000, Size: 0x000029f8, Max: 0x00008000, ABSOLUTE)

    Base Addr    Size         Type   Attr      Idx    E Section Name        Object

    0x08000000   0x00000198   Data   RO          336    RESET               startup_stm32f411xe.o
    0x08000198   0x00000000   Code   RO         2427  * .ARM.Collect$$$$00000000  mc_w.l(entry.o)
    0x08000198   0x00000004   Code   RO         2464    .ARM.Collect$$$$00000001  mc_w.l(entry2.o)
    0x0800019c   0x00000004   Code   RO         2467    .ARM.Collect$$$$00000004  mc_w.l(entry5.o)
    0x080001a0   0x00000000   Code   RO         2469    .ARM.Collect$$$$00000008  mc_w.l(entry7b.o)
    0x080001a0   0x00000000   Code   RO         2471    .ARM.Collect$$$$0000000A  mc_w.l(entry8b.o)
    0x080001a0   0x00000008   Code   RO         2472    .ARM.Collect$$$$0000000B  mc_w.l(entry9a.o)
    0x080001a8   0x00000000   Code   RO         2474    .ARM.Collect$$$$0000000D  mc_w.l(entry10a.o)
    0x080001a8   0x00000000   Code   RO         2476    .ARM.Collect$$$$0000000F  mc_w.l(entry11a.o)
    0x080001a8   0x00000004   Code   RO         2465    .ARM.Collect$$$$00002712  mc_w.l(entry2.o)
    0x080001ac   0x00000010   Code   RO          343    .emb_text           sys.o
    0x080001bc   0x00000024   Code   RO          337    .text               startup_stm32f411xe.o
    0x080001e0   0x00000024   Code   RO         2430    .text               mc_w.l(memcpya.o)
    0x08000204   0x00000024   Code   RO         2496    .text               mc_w.l(init.o)
    0x08000228   0x00000056   Code   RO         2516    .text               mc_w.l(__dczerorl2.o)
    0x0800027e   0x00000002   Code   RO          211    i.BusFault_Handler  stm32f4xx_it.o
    0x08000280   0x00000018   Code   RO         2324    i.Checksum_Sum      check.o
    0x08000298   0x0000002c   Code   RO         1604    i.DCD_EP_Close      usb_dcd.o
    0x080002c4   0x00000038   Code   RO         1605    i.DCD_EP_ClrStall   usb_dcd.o
    0x080002fc   0x0000003c   Code   RO         1607    i.DCD_EP_Open       usb_dcd.o
    0x08000338   0x00000044   Code   RO         1608    i.DCD_EP_PrepareRx  usb_dcd.o
    0x0800037c   0x00000010   Code   RO         1609    i.DCD_EP_SetAddress  usb_dcd.o
    0x0800038c   0x00000038   Code   RO         1610    i.DCD_EP_Stall      usb_dcd.o
    0x080003c4   0x0000003e   Code   RO         1611    i.DCD_EP_Tx         usb_dcd.o
    0x08000402   0x00000002   PAD
    0x08000404   0x0000014c   Code   RO         1694    i.DCD_HandleEnumDone_ISR  usb_dcd_int.o
    0x08000550   0x000000c0   Code   RO         1695    i.DCD_HandleInEP_ISR  usb_dcd_int.o
    0x08000610   0x000000ac   Code   RO         1696    i.DCD_HandleOutEP_ISR  usb_dcd_int.o
    0x080006bc   0x0000007c   Code   RO         1697    i.DCD_HandleRxStatusQueueLevel_ISR  usb_dcd_int.o
    0x08000738   0x00000070   Code   RO         1698    i.DCD_HandleUSBSuspend_ISR  usb_dcd_int.o
    0x080007a8   0x00000084   Code   RO         1699    i.DCD_HandleUsbReset_ISR  usb_dcd_int.o
    0x0800082c   0x00000092   Code   RO         1613    i.DCD_Init          usb_dcd.o
    0x080008be   0x0000008e   Code   RO         1700    i.DCD_WriteEmptyTxFifo  usb_dcd_int.o
    0x0800094c   0x00000002   Code   RO          212    i.DebugMon_Handler  stm32f4xx_it.o
    0x0800094e   0x00000002   PAD
    0x08000950   0x0000001c   Code   RO          504    i.FLASH_DataCacheCmd  stm32f4xx_flash.o
    0x0800096c   0x0000006c   Code   RO          509    i.FLASH_EraseSector  stm32f4xx_flash.o
    0x080009d8   0x0000003c   Code   RO          511    i.FLASH_GetStatus   stm32f4xx_flash.o
    0x08000a14   0x00000010   Code   RO          515    i.FLASH_Lock        stm32f4xx_flash.o
    0x08000a24   0x0000003c   Code   RO          539    i.FLASH_ProgramWord  stm32f4xx_flash.o
    0x08000a60   0x00000024   Code   RO          541    i.FLASH_Unlock      stm32f4xx_flash.o
    0x08000a84   0x0000001e   Code   RO          542    i.FLASH_WaitForLastOperation  stm32f4xx_flash.o
    0x08000aa2   0x00000078   Code   RO          758    i.GPIO_Init         stm32f4xx_gpio.o
    0x08000b1a   0x00000020   Code   RO          759    i.GPIO_PinAFConfig  stm32f4xx_gpio.o
    0x08000b3a   0x0000000e   Code   RO          762    i.GPIO_ReadInputDataBit  stm32f4xx_gpio.o
    0x08000b48   0x00000070   Code   RO         1978    i.Handle_USBAsynchXfer  usbd_cdc_core.o
    0x08000bb8   0x00000002   Code   RO          213    i.HardFault_Handler  stm32f4xx_it.o
    0x08000bba   0x00000036   Code   RO         2166    i.IntToUnicode      usbd_desc.o
    0x08000bf0   0x00000002   Code   RO          214    i.MemManage_Handler  stm32f4xx_it.o
    0x08000bf2   0x00000002   Code   RO          215    i.NMI_Handler       stm32f4xx_it.o
    0x08000bf4   0x00000064   Code   RO          459    i.NVIC_Init         misc.o
    0x08000c58   0x00000014   Code   RO          460    i.NVIC_PriorityGroupConfig  misc.o
    0x08000c6c   0x0000000c   Code   RO         2237    i.OTG_FS_IRQHandler  usbd_usr.o
    0x08000c78   0x0000001c   Code   RO            4    i.OneByteToStr      main.o
    0x08000c94   0x00000002   Code   RO          216    i.PendSV_Handler    stm32f4xx_it.o
    0x08000c96   0x00000002   PAD
    0x08000c98   0x00000018   Code   RO          855    i.RCC_AHB1PeriphClockCmd  stm32f4xx_rcc.o
    0x08000cb0   0x00000018   Code   RO          858    i.RCC_AHB2PeriphClockCmd  stm32f4xx_rcc.o
    0x08000cc8   0x00000018   Code   RO          867    i.RCC_APB2PeriphClockCmd  stm32f4xx_rcc.o
    0x08000ce0   0x00000090   Code   RO          876    i.RCC_GetClocksFreq  stm32f4xx_rcc.o
    0x08000d70   0x000000a0   Code   RO          421    i.STMFLASH_GetFlashSector  stmflash.o
    0x08000e10   0x00000014   Code   RO          422    i.STMFLASH_Read     stmflash.o
    0x08000e24   0x00000080   Code   RO          424    i.STMFLASH_Write    stmflash.o
    0x08000ea4   0x00000002   Code   RO          217    i.SVC_Handler       stm32f4xx_it.o
    0x08000ea6   0x00000002   PAD
    0x08000ea8   0x000000b0   Code   RO          299    i.SetSysClock       system_stm32f4xx.o
    0x08000f58   0x00000018   Code   RO          463    i.SysTick_CLKSourceConfig  misc.o
    0x08000f70   0x0000005c   Code   RO          301    i.SystemInit        system_stm32f4xx.o
    0x08000fcc   0x00000020   Code   RO         2363    i.TransportProtocol_Init  protocol.o
    0x08000fec   0x0000006c   Code   RO         2364    i.TransportProtocol_Packed  protocol.o
    0x08001058   0x00000088   Code   RO         2365    i.TransportProtocol_Unpacked  protocol.o
    0x080010e0   0x0000000e   Code   RO         1753    i.USBD_ClrCfg       usbd_core.o
    0x080010ee   0x00000012   Code   RO         1850    i.USBD_CtlContinueRx  usbd_ioreq.o
    0x08001100   0x00000012   Code   RO         1851    i.USBD_CtlContinueSendData  usbd_ioreq.o
    0x08001112   0x0000001c   Code   RO         1906    i.USBD_CtlError     usbd_req.o
    0x0800112e   0x00000020   Code   RO         1852    i.USBD_CtlPrepareRx  usbd_ioreq.o
    0x0800114e   0x00000022   Code   RO         1853    i.USBD_CtlReceiveStatus  usbd_ioreq.o
    0x08001170   0x00000020   Code   RO         1854    i.USBD_CtlSendData  usbd_ioreq.o
    0x08001190   0x00000022   Code   RO         1855    i.USBD_CtlSendStatus  usbd_ioreq.o
    0x080011b2   0x00000002   PAD
    0x080011b4   0x000000bc   Code   RO         1754    i.USBD_DataInStage  usbd_core.o
    0x08001270   0x00000074   Code   RO         1755    i.USBD_DataOutStage  usbd_core.o
    0x080012e4   0x000000b8   Code   RO         1907    i.USBD_GetDescriptor  usbd_req.o
    0x0800139c   0x00000046   Code   RO         1908    i.USBD_GetString    usbd_req.o
    0x080013e2   0x00000034   Code   RO         1757    i.USBD_Init         usbd_core.o
    0x08001416   0x0000000e   Code   RO         1758    i.USBD_IsoINIncomplete  usbd_core.o
    0x08001424   0x0000000e   Code   RO         1759    i.USBD_IsoOUTIncomplete  usbd_core.o
    0x08001432   0x00000002   PAD
    0x08001434   0x000000f0   Code   RO         1701    i.USBD_OTG_ISR_Handler  usb_dcd_int.o
    0x08001524   0x00000044   Code   RO         1909    i.USBD_ParseSetupRequest  usbd_req.o
    0x08001568   0x0000002e   Code   RO         1760    i.USBD_Reset        usbd_core.o
    0x08001596   0x00000016   Code   RO         1761    i.USBD_Resume       usbd_core.o
    0x080015ac   0x00000010   Code   RO         1762    i.USBD_SOF          usbd_core.o
    0x080015bc   0x0000001a   Code   RO         1763    i.USBD_SetCfg       usbd_core.o
    0x080015d6   0x00000002   PAD
    0x080015d8   0x00000074   Code   RO         1910    i.USBD_SetConfig    usbd_req.o
    0x0800164c   0x0000007c   Code   RO         1911    i.USBD_SetFeature   usbd_req.o
    0x080016c8   0x00000048   Code   RO         1764    i.USBD_SetupStage   usbd_core.o
    0x08001710   0x000000f0   Code   RO         1912    i.USBD_StdDevReq    usbd_req.o
    0x08001800   0x000000f0   Code   RO         1913    i.USBD_StdEPReq     usbd_req.o
    0x080018f0   0x00000036   Code   RO         1914    i.USBD_StdItfReq    usbd_req.o
    0x08001926   0x0000001c   Code   RO         1765    i.USBD_Suspend      usbd_core.o
    0x08001942   0x00000002   PAD
    0x08001944   0x00000020   Code   RO         2167    i.USBD_USR_ConfigStrDescriptor  usbd_desc.o
    0x08001964   0x0000000c   Code   RO         2238    i.USBD_USR_DeviceConfigured  usbd_usr.o
    0x08001970   0x0000000c   Code   RO         2239    i.USBD_USR_DeviceConnected  usbd_usr.o
    0x0800197c   0x0000000c   Code   RO         2168    i.USBD_USR_DeviceDescriptor  usbd_desc.o
    0x08001988   0x0000000c   Code   RO         2240    i.USBD_USR_DeviceDisconnected  usbd_usr.o
    0x08001994   0x00000002   Code   RO         2241    i.USBD_USR_DeviceReset  usbd_usr.o
    0x08001996   0x00000002   Code   RO         2242    i.USBD_USR_DeviceResumed  usbd_usr.o
    0x08001998   0x0000000c   Code   RO         2243    i.USBD_USR_DeviceSuspended  usbd_usr.o
    0x080019a4   0x00000002   Code   RO         2244    i.USBD_USR_Init     usbd_usr.o
    0x080019a6   0x00000002   PAD
    0x080019a8   0x00000024   Code   RO         2169    i.USBD_USR_InterfaceStrDescriptor  usbd_desc.o
    0x080019cc   0x0000000c   Code   RO         2170    i.USBD_USR_LangIDStrDescriptor  usbd_desc.o
    0x080019d8   0x00000028   Code   RO         2171    i.USBD_USR_ManufacturerStrDescriptor  usbd_desc.o
    0x08001a00   0x00000064   Code   RO         2172    i.USBD_USR_ProductStrDescriptor  usbd_desc.o
    0x08001a64   0x00000038   Code   RO         2173    i.USBD_USR_SerialStrDescriptor  usbd_desc.o
    0x08001a9c   0x0000000c   Code   RO         1979    i.USBD_cdc_GetCfgDesc  usbd_cdc_core.o
    0x08001aa8   0x0000002a   Code   RO         2054    i.USB_OTG_BSP_EnableInterrupt  usb_bsp.o
    0x08001ad2   0x00000002   PAD
    0x08001ad4   0x0000005c   Code   RO         2055    i.USB_OTG_BSP_Init  usb_bsp.o
    0x08001b30   0x0000000a   Code   RO         2056    i.USB_OTG_BSP_mDelay  usb_bsp.o
    0x08001b3a   0x00000016   Code   RO         2057    i.USB_OTG_BSP_uDelay  usb_bsp.o
    0x08001b50   0x00000080   Code   RO         1378    i.USB_OTG_CoreInit  usb_core.o
    0x08001bd0   0x0000012a   Code   RO         1379    i.USB_OTG_CoreInitDev  usb_core.o
    0x08001cfa   0x00000002   PAD
    0x08001cfc   0x00000058   Code   RO         1380    i.USB_OTG_CoreReset  usb_core.o
    0x08001d54   0x00000010   Code   RO         1381    i.USB_OTG_DisableGlobalInt  usb_core.o
    0x08001d64   0x00000036   Code   RO         1382    i.USB_OTG_EP0Activate  usb_core.o
    0x08001d9a   0x000000b0   Code   RO         1383    i.USB_OTG_EP0StartXfer  usb_core.o
    0x08001e4a   0x00000002   PAD
    0x08001e4c   0x00000024   Code   RO         1384    i.USB_OTG_EP0_OutStart  usb_core.o
    0x08001e70   0x00000052   Code   RO         1385    i.USB_OTG_EPActivate  usb_core.o
    0x08001ec2   0x00000032   Code   RO         1386    i.USB_OTG_EPClearStall  usb_core.o
    0x08001ef4   0x00000034   Code   RO         1387    i.USB_OTG_EPDeactivate  usb_core.o
    0x08001f28   0x00000030   Code   RO         1388    i.USB_OTG_EPSetStall  usb_core.o
    0x08001f58   0x00000132   Code   RO         1389    i.USB_OTG_EPStartXfer  usb_core.o
    0x0800208a   0x00000002   PAD
    0x0800208c   0x00000048   Code   RO         1390    i.USB_OTG_EnableDevInt  usb_core.o
    0x080020d4   0x00000010   Code   RO         1391    i.USB_OTG_EnableGlobalInt  usb_core.o
    0x080020e4   0x0000003c   Code   RO         1392    i.USB_OTG_FlushRxFifo  usb_core.o
    0x08002120   0x00000044   Code   RO         1393    i.USB_OTG_FlushTxFifo  usb_core.o
    0x08002164   0x0000001e   Code   RO         1394    i.USB_OTG_GetDeviceSpeed  usb_core.o
    0x08002182   0x0000000c   Code   RO         1397    i.USB_OTG_InitDevSpeed  usb_core.o
    0x0800218e   0x00000012   Code   RO         1398    i.USB_OTG_IsDeviceMode  usb_core.o
    0x080021a0   0x0000000a   Code   RO         1400    i.USB_OTG_ReadCoreItr  usb_core.o
    0x080021aa   0x0000000c   Code   RO         1401    i.USB_OTG_ReadDevAllInEPItr  usb_core.o
    0x080021b6   0x0000000c   Code   RO         1402    i.USB_OTG_ReadDevAllOutEp_itr  usb_core.o
    0x080021c2   0x00000010   Code   RO         1403    i.USB_OTG_ReadDevOutEP_itr  usb_core.o
    0x080021d2   0x00000020   Code   RO         1405    i.USB_OTG_ReadPacket  usb_core.o
    0x080021f2   0x00000002   PAD
    0x080021f4   0x000000c0   Code   RO         1406    i.USB_OTG_SelectCore  usb_core.o
    0x080022b4   0x0000002a   Code   RO         1407    i.USB_OTG_SetCurrentMode  usb_core.o
    0x080022de   0x00000028   Code   RO         1411    i.USB_OTG_WritePacket  usb_core.o
    0x08002306   0x00000002   Code   RO          218    i.UsageFault_Handler  stm32f4xx_it.o
    0x08002308   0x00000054   Code   RO         2092    i.VCP_Ctrl          usbd_cdc_vcp.o
    0x0800235c   0x00000040   Code   RO         2093    i.VCP_DataRx        usbd_cdc_vcp.o
    0x0800239c   0x0000003c   Code   RO         2094    i.VCP_DataTx        usbd_cdc_vcp.o
    0x080023d8   0x00000004   Code   RO         2095    i.VCP_DeInit        usbd_cdc_vcp.o
    0x080023dc   0x00000004   Code   RO         2096    i.VCP_Init          usbd_cdc_vcp.o
    0x080023e0   0x0000000e   Code   RO         2510    i.__scatterload_copy  mc_w.l(handlers.o)
    0x080023ee   0x00000002   Code   RO         2511    i.__scatterload_null  mc_w.l(handlers.o)
    0x080023f0   0x0000000e   Code   RO         2512    i.__scatterload_zeroinit  mc_w.l(handlers.o)
    0x080023fe   0x00000002   PAD
    0x08002400   0x0000002c   Code   RO          361    i.delay_init        delay.o
    0x0800242c   0x00000034   Code   RO          362    i.delay_ms          delay.o
    0x08002460   0x00000034   Code   RO          364    i.delay_xms         delay.o
    0x08002494   0x00000034   Code   RO            5    i.getDeviceInfo     main.o
    0x080024c8   0x00000024   Code   RO            6    i.iapResponse       main.o
    0x080024ec   0x00000044   Code   RO         2399    i.iap_load_app      iap.o
    0x08002530   0x0000006c   Code   RO         2400    i.iap_write_appbin  iap.o
    0x0800259c   0x00000044   Code   RO            7    i.isUpgradeFirmware  main.o
    0x080025e0   0x00000084   Code   RO          401    i.ledInit           led.o
    0x08002664   0x00000134   Code   RO            8    i.main              main.o
    0x08002798   0x00000018   Code   RO         2097    i.usbIapResponse    usbd_cdc_vcp.o
    0x080027b0   0x00000064   Code   RO         1980    i.usbd_cdc_DataIn   usbd_cdc_core.o
    0x08002814   0x00000034   Code   RO         1981    i.usbd_cdc_DataOut  usbd_cdc_core.o
    0x08002848   0x00000028   Code   RO         1982    i.usbd_cdc_DeInit   usbd_cdc_core.o
    0x08002870   0x00000028   Code   RO         1983    i.usbd_cdc_EP0_RxReady  usbd_cdc_core.o
    0x08002898   0x00000054   Code   RO         1984    i.usbd_cdc_Init     usbd_cdc_core.o
    0x080028ec   0x00000020   Code   RO         1985    i.usbd_cdc_SOF      usbd_cdc_core.o
    0x0800290c   0x00000098   Code   RO         1986    i.usbd_cdc_Setup    usbd_cdc_core.o
    0x080029a4   0x00000024   Code   RO         2099    i.usbd_cdc_vcp_Init  usbd_cdc_vcp.o
    0x080029c8   0x00000010   Data   RO           10    .constdata          main.o
    0x080029d8   0x00000020   Data   RO         2508    Region$$Table       anon$$obj.o


    Execution Region RW_IRAM1 (Base: 0x20000000, Size: 0x000027c0, Max: 0x00020000, ABSOLUTE, COMPRESSED[0x000000e8])

    Base Addr    Size         Type   Attr      Idx    E Section Name        Object

    0x20000000   0x00000004   Data   RW          365    .data               delay.o
    0x20000004   0x00000010   Data   RW          908    .data               stm32f4xx_rcc.o
    0x20000014   0x0000002c   Data   RW         1766    .data               usbd_core.o
    0x20000040   0x00000004   Data   RW         1767    .data               usbd_core.o
    0x20000044   0x00000004   Data   RW         1768    .data               usbd_core.o
    0x20000048   0x00000010   Data   RW         1915    .data               usbd_req.o
    0x20000058   0x0000006b   Data   RW         1989    .data               usbd_cdc_core.o
    0x200000c3   0x00000001   PAD
    0x200000c4   0x0000002c   Data   RW         1990    .data               usbd_cdc_core.o
    0x200000f0   0x0000000c   Data   RW         2101    .data               usbd_cdc_vcp.o
    0x200000fc   0x00000014   Data   RW         2102    .data               usbd_cdc_vcp.o
    0x20000110   0x0000001c   Data   RW         2175    .data               usbd_desc.o
    0x2000012c   0x00000030   Data   RW         2176    .data               usbd_desc.o
    0x2000015c   0x00000001   Data   RW         2246    .data               usbd_usr.o
    0x2000015d   0x00000003   PAD
    0x20000160   0x0000001c   Data   RW         2247    .data               usbd_usr.o
    0x2000017c   0x00000004   Data   RW         2402    .data               iap.o
    0x20000180   0x00000824   Zero   RW            9    .bss                main.o
    0x200009a4   0x00000240   Zero   RW         1988    .bss                usbd_cdc_core.o
    0x20000be4   0x00000ebc   Zero   RW         2100    .bss                usbd_cdc_vcp.o
    0x20001aa0   0x000000ff   Zero   RW         2174    .bss                usbd_desc.o
    0x20001b9f   0x00000001   PAD
    0x20001ba0   0x0000001c   Zero   RW         2366    .bss                protocol.o
    0x20001bbc   0x00000800   Zero   RW         2401    .bss                iap.o
    0x200023bc   0x00000004   PAD
    0x200023c0   0x00000400   Zero   RW          334    STACK               startup_stm32f411xe.o


==============================================================================

Image component sizes


      Code (inc. data)   RO Data    RW Data    ZI Data      Debug   Object Name

        24          0          0          0          0       1115   check.o
       148         12          0          4          0       2396   delay.o
       176         14          0          4       2048       2576   iap.o
       132         24          0          0          0        682   led.o
       492         68         16          0       2084     262049   main.o
       144         14          0          0          0       2537   misc.o
       276         24          0          0         28       4173   protocol.o
        36          8        408          0       1024        916   startup_stm32f411xe.o
       338         36          0          0          0       5584   stm32f4xx_flash.o
       166          0          0          0          0       2851   stm32f4xx_gpio.o
        16          0          0          0          0       4436   stm32f4xx_it.o
       216         30          0         16          0       5359   stm32f4xx_rcc.o
       308         52          0          0          0       3307   stmflash.o
        16          0          0          0          0        580   sys.o
       268         36          0          0          0       1881   system_stm32f4xx.o
       166          6          0          0          0       3275   usb_bsp.o
      1966         30          0          0          0      24374   usb_core.o
       508          0          0          0          0       7164   usb_dcd.o
      1446        110          0          0          0       9115   usb_dcd_int.o
       624         78          0        151        576      10774   usbd_cdc_core.o
       276         46          0         32       3772       6177   usbd_cdc_vcp.o
       608          4          0         52          0      11496   usbd_core.o
       342        154          0         76        255       7763   usbd_desc.o
       168          0          0          0          0       5324   usbd_ioreq.o
      1124         44          0         16          0      10084   usbd_req.o
        66         22          0         29          0       5202   usbd_usr.o

    ----------------------------------------------------------------------
     10078        812        456        384       9792     401190   Object Totals
         0          0         32          0          0          0   (incl. Generated)
        28          0          0          4          5          0   (incl. Padding)

    ----------------------------------------------------------------------

      Code (inc. data)   RO Data    RW Data    ZI Data      Debug   Library Member Name

        86          0          0          0          0          0   __dczerorl2.o
         0          0          0          0          0          0   entry.o
         0          0          0          0          0          0   entry10a.o
         0          0          0          0          0          0   entry11a.o
         8          4          0          0          0          0   entry2.o
         4          0          0          0          0          0   entry5.o
         0          0          0          0          0          0   entry7b.o
         0          0          0          0          0          0   entry8b.o
         8          4          0          0          0          0   entry9a.o
        30          0          0          0          0          0   handlers.o
        36          8          0          0          0         68   init.o
        36          0          0          0          0         68   memcpya.o

    ----------------------------------------------------------------------
       210         16          0          0          0        136   Library Totals
         2          0          0          0          0          0   (incl. Padding)

    ----------------------------------------------------------------------

      Code (inc. data)   RO Data    RW Data    ZI Data      Debug   Library Name

       208         16          0          0          0        136   mc_w.l

    ----------------------------------------------------------------------
       210         16          0          0          0        136   Library Totals

    ----------------------------------------------------------------------

==============================================================================


      Code (inc. data)   RO Data    RW Data    ZI Data      Debug   

     10288        828        456        384       9792     387210   Grand Totals
     10288        828        456        232       9792     387210   ELF Image Totals (compressed)
     10288        828        456        232          0          0   ROM Totals

==============================================================================

    Total RO  Size (Code + RO Data)                10744 (  10.49kB)
    Total RW  Size (RW Data + ZI Data)             10176 (   9.94kB)
    Total ROM Size (Code + RO Data + RW Data)      10976 (  10.72kB)

==============================================================================

